Component: ARM Compiler 5.06 update 7 (build 960) Tool: armlink [4d3601]

==============================================================================

Section Cross References

    main.o(i.main) refers to init.o(i.projectInit) for projectInit
    main.o(i.main) refers to mytask.o(i.createMyTask) for createMyTask
    stm32f10x_it.o(i.SysTick_Handler) refers to tasks.o(i.xTaskGetSchedulerState) for xTaskGetSchedulerState
    stm32f10x_it.o(i.SysTick_Handler) refers to port.o(i.xPortSysTickHandler) for xPortSysTickHandler
    zdt.o(i.ZDT_CAN_Init) refers to bsp_can.o(i.CAN1_Config) for CAN1_Config
    zdt.o(i.ZDT_GoOrigin) refers to bsp_can.o(i.myCANSendData) for myCANSendData
    zdt.o(i.ZDT_Multi_PositonMotion) refers to zdt.o(i.ZDT_Pos_Control) for ZDT_Pos_Control
    zdt.o(i.ZDT_Multi_PositonMotion) refers to zdt.o(i.delay_ms) for delay_ms
    zdt.o(i.ZDT_Multi_PositonMotion) refers to bsp_can.o(i.myCANSendData) for myCANSendData
    zdt.o(i.ZDT_Multi_PositonMotion) refers to zdt.o(.data) for synchronize
    zdt.o(i.ZDT_Multi_VelocityMotion) refers to zdt.o(i.ZDT_Vel_Control) for ZDT_Vel_Control
    zdt.o(i.ZDT_Multi_VelocityMotion) refers to zdt.o(i.delay_ms) for delay_ms
    zdt.o(i.ZDT_Multi_VelocityMotion) refers to bsp_can.o(i.myCANSendData) for myCANSendData
    zdt.o(i.ZDT_Multi_VelocityMotion) refers to zdt.o(.data) for synchronize
    zdt.o(i.ZDT_Pos_Control) refers to cfcmple.o(.text) for __aeabi_cfcmple
    zdt.o(i.ZDT_Pos_Control) refers to ffltui.o(.text) for __aeabi_ui2f
    zdt.o(i.ZDT_Pos_Control) refers to fdiv.o(.text) for __aeabi_fdiv
    zdt.o(i.ZDT_Pos_Control) refers to fmul.o(.text) for __aeabi_fmul
    zdt.o(i.ZDT_Pos_Control) refers to ffixui.o(.text) for __aeabi_f2uiz
    zdt.o(i.ZDT_Pos_Control) refers to printfa.o(i.__0printf) for __2printf
    zdt.o(i.ZDT_Pos_Control) refers to cfrcmple.o(.text) for __aeabi_cfrcmple
    zdt.o(i.ZDT_Pos_Control) refers to bsp_can.o(i.myCANSendData) for myCANSendData
    zdt.o(i.ZDT_Pos_Control) refers to limitswitch.o(.data) for swStatusArr
    zdt.o(i.ZDT_Read_CurrentPosition) refers to bsp_can.o(i.myCANSendData) for myCANSendData
    zdt.o(i.ZDT_SetOrigin) refers to bsp_can.o(i.myCANSendData) for myCANSendData
    zdt.o(i.ZDT_Stop) refers to bsp_can.o(i.myCANSendData) for myCANSendData
    zdt.o(i.ZDT_Vel_Control) refers to bsp_can.o(i.myCANSendData) for myCANSendData
    zdt.o(i.encoder_Init) refers to bsp_can.o(i.myCANSendData) for myCANSendData
    pid.o(i.PID_Calc) refers to fadd.o(.text) for __aeabi_fsub
    pid.o(i.PID_Calc) refers to fmul.o(.text) for __aeabi_fmul
    pid.o(i.PID_Calc) refers to cfrcmple.o(.text) for __aeabi_cfrcmple
    jcode.o(i.USART1_Data_process) refers to strtof.o(i.strtof) for strtof
    jcode.o(i.USART1_Data_process) refers to ffixui.o(.text) for __aeabi_f2uiz
    jcode.o(i.USART1_Data_process) refers to zdt.o(i.ZDT_Pos_Control) for ZDT_Pos_Control
    jcode.o(i.USART1_Data_process) refers to origin.o(i.All_Go_Origin) for All_Go_Origin
    jcode.o(i.USART1_Data_process) refers to origin.o(i.Go_Origin) for Go_Origin
    jcode.o(i.USART1_Data_process) refers to jcode.o(.bss) for Jdata
    jcode.o(i.USART1_Data_process) refers to bsp_usart.o(.bss) for parameter1
    jcode.o(i.USART1_Data_process) refers to bsp_usart.o(.data) for USART1_Status
    origin.o(i.All_Go_Origin) refers to memcpya.o(.text) for __aeabi_memcpy4
    origin.o(i.All_Go_Origin) refers to zdt.o(i.ZDT_Multi_VelocityMotion) for ZDT_Multi_VelocityMotion
    origin.o(i.All_Go_Origin) refers to limitswitch.o(i.limitStop) for limitStop
    origin.o(i.All_Go_Origin) refers to zdt.o(i.ZDT_SetOrigin) for ZDT_SetOrigin
    origin.o(i.All_Go_Origin) refers to limitswitch.o(.data) for limitSwitchMode
    origin.o(i.All_Go_Origin) refers to origin.o(.constdata) for .constdata
    origin.o(i.Go_Origin) refers to zdt.o(i.ZDT_Multi_VelocityMotion) for ZDT_Multi_VelocityMotion
    origin.o(i.Go_Origin) refers to limitswitch.o(i.limitStop) for limitStop
    origin.o(i.Go_Origin) refers to zdt.o(i.ZDT_SetOrigin) for ZDT_SetOrigin
    origin.o(i.Go_Origin) refers to origin.o(.constdata) for .constdata
    origin.o(i.Go_Origin) refers to limitswitch.o(.data) for swStatusArr
    init.o(i.projectInit) refers to misc.o(i.NVIC_PriorityGroupConfig) for NVIC_PriorityGroupConfig
    init.o(i.projectInit) refers to stm32f10x_rcc.o(i.RCC_APB2PeriphClockCmd) for RCC_APB2PeriphClockCmd
    init.o(i.projectInit) refers to bsp_usart.o(i.USART1_Init) for USART1_Init
    init.o(i.projectInit) refers to bsp_led.o(i.Led_Init) for Led_Init
    init.o(i.projectInit) refers to limitswitch.o(i.limitSwitch_Init) for limitSwitch_Init
    init.o(i.projectInit) refers to zdt.o(i.ZDT_CAN_Init) for ZDT_CAN_Init
    init.o(i.projectInit) refers to zdt.o(i.ZDT_Delay_ms) for ZDT_Delay_ms
    mytask.o(i.LED_Task) refers to bsp_led.o(i.LED_ON) for LED_ON
    mytask.o(i.LED_Task) refers to tasks.o(i.vTaskDelay) for vTaskDelay
    mytask.o(i.LED_Task) refers to bsp_led.o(i.LED_OFF) for LED_OFF
[...]
    Removing port.o(i.vPortEndScheduler), (2 bytes).
    Removing fadd.o(.text), (176 bytes).
    Removing fflti.o(.text), (18 bytes).

624 unused section(s) (total 78977 bytes) removed from the image.

==============================================================================

Image Symbol Table

    Local Symbols

    Symbol Name                              Value     Ov Type        Size  Object(Section)

    ../clib/microlib/ctype/ctype.c           0x00000000   Number         0  isspace_c.o ABSOLUTE
    ../clib/microlib/ctype/ctype.c           0x00000000   Number         0  ctype_c.o ABSOLUTE
    ../clib/microlib/division.c              0x00000000   Number         0  uldiv.o ABSOLUTE
    ../clib/microlib/division.c              0x00000000   Number         0  uidiv.o ABSOLUTE
    ../clib/microlib/errno.c                 0x00000000   Number         0  errno.o ABSOLUTE
    ../clib/microlib/init/entry.s            0x00000000   Number         0  entry7b.o ABSOLUTE
    ../clib/microlib/init/entry.s            0x00000000   Number         0  entry8a.o ABSOLUTE
    ../clib/microlib/init/entry.s            0x00000000   Number         0  entry.o ABSOLUTE
    ../clib/microlib/init/entry.s            0x00000000   Number         0  entry8b.o ABSOLUTE
    ../clib/microlib/init/entry.s            0x00000000   Number         0  entry2.o ABSOLUTE
    ../clib/microlib/init/entry.s            0x00000000   Number         0  entry9a.o ABSOLUTE
    ../clib/microlib/init/entry.s            0x00000000   Number         0  entry5.o ABSOLUTE
    ../clib/microlib/init/entry.s            0x00000000   Number         0  entry11b.o ABSOLUTE
    ../clib/microlib/init/entry.s            0x00000000   Number         0  entry12b.o ABSOLUTE
    ../clib/microlib/init/entry.s            0x00000000   Number         0  entry12a.o ABSOLUTE
    ../clib/microlib/init/entry.s            0x00000000   Number         0  entry7a.o ABSOLUTE
    ../clib/microlib/init/entry.s            0x00000000   Number         0  entry11a.o ABSOLUTE
    ../clib/microlib/init/entry.s            0x00000000   Number         0  entry10b.o ABSOLUTE
    ../clib/microlib/init/entry.s            0x00000000   Number         0  entry10a.o ABSOLUTE
    ../clib/microlib/init/entry.s            0x00000000   Number         0  entry9b.o ABSOLUTE
    ../clib/microlib/longlong.c              0x00000000   Number         0  llsshr.o ABSOLUTE
    ../clib/microlib/longlong.c              0x00000000   Number         0  llushr.o ABSOLUTE
    ../clib/microlib/longlong.c              0x00000000   Number         0  llshl.o ABSOLUTE
    ../clib/microlib/printf/printf.c         0x00000000   Number         0  printf5.o ABSOLUTE
    ../clib/microlib/printf/printf.c         0x00000000   Number         0  printf4.o ABSOLUTE
    ../clib/microlib/printf/printf.c         0x00000000   Number         0  printf1.o ABSOLUTE
    ../clib/microlib/printf/printf.c         0x00000000   Number         0  printf0.o ABSOLUTE
    ../clib/microlib/printf/printf.c         0x00000000   Number         0  printf6.o ABSOLUTE
    ../clib/microlib/printf/printf.c         0x00000000   Number         0  printfa.o ABSOLUTE
    ../clib/microlib/printf/printf.c         0x00000000   Number         0  printfb.o ABSOLUTE
    ../clib/microlib/printf/printf.c         0x00000000   Number         0  printf3.o ABSOLUTE
    ../clib/microlib/printf/printf.c         0x00000000   Number         0  printf2.o ABSOLUTE
    ../clib/microlib/printf/printf.c         0x00000000   Number         0  printf8.o ABSOLUTE
    ../clib/microlib/printf/printf.c         0x00000000   Number         0  printf7.o ABSOLUTE
    ../clib/microlib/printf/stubs.s          0x00000000   Number         0  stubs.o ABSOLUTE
    ../clib/microlib/string/memcpy.c         0x00000000   Number         0  memcpya.o ABSOLUTE
    ../clib/microlib/string/memcpy.c         0x00000000   Number         0  memcpyb.o ABSOLUTE
    ../clib/microlib/string/memset.c         0x00000000   Number         0  memseta.o ABSOLUTE
    ../clib/microlib/string/strlen.c         0x00000000   Number         0  strlen.o ABSOLUTE
    ../clib/microlib/stubs.s                 0x00000000   Number         0  iusefp.o ABSOLUTE
    ../clib/microlib/stubs.s                 0x00000000   Number         0  useno.o ABSOLUTE
    ../clib/scanf.c                          0x00000000   Number         0  strtof.o ABSOLUTE
    ../clib/scanf.c                          0x00000000   Number         0  _sgetc.o ABSOLUTE
    ../clib/scanf.c                          0x00000000   Number         0  scanf_fp.o ABSOLUTE
    ../clib/scanf.c                          0x00000000   Number         0  strtod.o ABSOLUTE
    ../fplib/microlib/d2f.c                  0x00000000   Number         0  d2f.o ABSOLUTE
    ../fplib/microlib/fpadd.c                0x00000000   Number         0  fadd.o ABSOLUTE
    ../fplib/microlib/fpadd.c                0x00000000   Number         0  dadd.o ABSOLUTE
    ../fplib/microlib/fpdiv.c                0x00000000   Number         0  fdiv.o ABSOLUTE
    ../fplib/microlib/fpdiv.c                0x00000000   Number         0  ddiv.o ABSOLUTE
    ../fplib/microlib/fpepilogue.c           0x00000000   Number         0  fepilogue.o ABSOLUTE
    ../fplib/microlib/fpepilogue.c           0x00000000   Number         0  depilogue.o ABSOLUTE
    ../fplib/microlib/fpfix.c                0x00000000   Number         0  ffixui.o ABSOLUTE
    ../fplib/microlib/fpfix.c                0x00000000   Number         0  dfixul.o ABSOLUTE
    ../fplib/microlib/fpflt.c                0x00000000   Number         0  fflti.o ABSOLUTE
    ../fplib/microlib/fpflt.c                0x00000000   Number         0  dfltul.o ABSOLUTE
    ../fplib/microlib/fpflt.c                0x00000000   Number         0  ffltui.o ABSOLUTE
    ../fplib/microlib/fpmul.c                0x00000000   Number         0  fmul.o ABSOLUTE
    ../fplib/microlib/fpmul.c                0x00000000   Number         0  dmul.o ABSOLUTE
    ../fplib/microlib/fpscalb.c              0x00000000   Number         0  dscalb.o ABSOLUTE
    ../fplib/microlib/fpstat.c               0x00000000   Number         0  fpstat.o ABSOLUTE
    ../mathlib/frexp.c                       0x00000000   Number         0  frexp.o ABSOLUTE
    ../mathlib/narrow.c                      0x00000000   Number         0  narrow.o ABSOLUTE
    ../mathlib/strtof.c                      0x00000000   Number         0  strtof.o ABSOLUTE
    FreeRTOS\\port\\ARM_CM3\\port.c          0x00000000   Number         0  port.o ABSOLUTE
    FreeRTOS\port\ARM_CM3\port.c             0x00000000   Number         0  port.o ABSOLUTE
    FreeRTOS\port\heap_4.c                   0x00000000   Number         0  heap_4.o ABSOLUTE
    FreeRTOS\src\croutine.c                  0x00000000   Number         0  croutine.o ABSOLUTE
    FreeRTOS\src\event_groups.c              0x00000000   Number         0  event_groups.o ABSOLUTE
    FreeRTOS\src\list.c                      0x00000000   Number         0  list.o ABSOLUTE
    FreeRTOS\src\queue.c                     0x00000000   Number         0  queue.o ABSOLUTE
    FreeRTOS\src\tasks.c                     0x00000000   Number         0  tasks.o ABSOLUTE
    FreeRTOS\src\timers.c                    0x00000000   Number         0  timers.o ABSOLUTE
    Libraries\CMSIS\core_cm3.c               0x00000000   Number         0  core_cm3.o ABSOLUTE
    Libraries\CMSIS\startup\startup_stm32f10x_hd.s 0x00000000   Number         0  startup_stm32f10x_hd.o ABSOLUTE
    Libraries\CMSIS\system_stm32f10x.c       0x00000000   Number         0  system_stm32f10x.o ABSOLUTE
    Libraries\FWlib\src\misc.c               0x00000000   Number         0  misc.o ABSOLUTE
    Libraries\FWlib\src\stm32f10x_adc.c      0x00000000   Number         0  stm32f10x_adc.o ABSOLUTE
    Libraries\FWlib\src\stm32f10x_bkp.c      0x00000000   Number         0  stm32f10x_bkp.o ABSOLUTE
    Libraries\FWlib\src\stm32f10x_can.c      0x00000000   Number         0  stm32f10x_can.o ABSOLUTE
    Libraries\FWlib\src\stm32f10x_cec.c      0x00000000   Number         0  stm32f10x_cec.o ABSOLUTE
    Libraries\FWlib\src\stm32f10x_crc.c      0x00000000   Number         0  stm32f10x_crc.o ABSOLUTE
    Libraries\FWlib\src\stm32f10x_dac.c      0x00000000   Number         0  stm32f10x_dac.o ABSOLUTE
    Libraries\FWlib\src\stm32f10x_dbgmcu.c   0x00000000   Number         0  stm32f10x_dbgmcu.o ABSOLUTE
    Libraries\FWlib\src\stm32f10x_dma.c      0x00000000   Number         0  stm32f10x_dma.o ABSOLUTE
    Libraries\FWlib\src\stm32f10x_exti.c     0x00000000   Number         0  stm32f10x_exti.o ABSOLUTE
    Libraries\FWlib\src\stm32f10x_flash.c    0x00000000   Number         0  stm32f10x_flash.o ABSOLUTE
    Libraries\FWlib\src\stm32f10x_fsmc.c     0x00000000   Number         0  stm32f10x_fsmc.o ABSOLUTE
    Libraries\FWlib\src\stm32f10x_gpio.c     0x00000000   Number         0  stm32f10x_gpio.o ABSOLUTE
    Libraries\FWlib\src\stm32f10x_i2c.c      0x00000000   Number         0  stm32f10x_i2c.o ABSOLUTE
    Libraries\FWlib\src\stm32f10x_iwdg.c     0x00000000   Number         0  stm32f10x_iwdg.o ABSOLUTE
    Libraries\FWlib\src\stm32f10x_pwr.c      0x00000000   Number         0  stm32f10x_pwr.o ABSOLUTE
    Libraries\FWlib\src\stm32f10x_rcc.c      0x00000000   Number         0  stm32f10x_rcc.o ABSOLUTE
    Libraries\FWlib\src\stm32f10x_rtc.c      0x00000000   Number         0  stm32f10x_rtc.o ABSOLUTE
    Libraries\FWlib\src\stm32f10x_sdio.c     0x00000000   Number         0  stm32f10x_sdio.o ABSOLUTE
    Libraries\FWlib\src\stm32f10x_spi.c      0x00000000   Number         0  stm32f10x_spi.o ABSOLUTE
    Libraries\FWlib\src\stm32f10x_tim.c      0x00000000   Number         0  stm32f10x_tim.o ABSOLUTE
    Libraries\FWlib\src\stm32f10x_usart.c    0x00000000   Number         0  stm32f10x_usart.o ABSOLUTE
    Libraries\FWlib\src\stm32f10x_wwdg.c     0x00000000   Number         0  stm32f10x_wwdg.o ABSOLUTE
    Libraries\\CMSIS\\core_cm3.c             0x00000000   Number         0  core_cm3.o ABSOLUTE
    System\system_f103.c                     0x00000000   Number         0  system_f103.o ABSOLUTE
    User\Init.c                              0x00000000   Number         0  init.o ABSOLUTE
    User\Jcode.c                             0x00000000   Number         0  jcode.o ABSOLUTE
    User\Mytask.c                            0x00000000   Number         0  mytask.o ABSOLUTE
    User\PID.c                               0x00000000   Number         0  pid.o ABSOLUTE
    User\ZDT.c                               0x00000000   Number         0  zdt.o ABSOLUTE
    User\main.c                              0x00000000   Number         0  main.o ABSOLUTE
    User\origin.c                            0x00000000   Number         0  origin.o ABSOLUTE
    User\stm32f10x_it.c                      0x00000000   Number         0  stm32f10x_it.o ABSOLUTE
    bsp\CAN\bsp_CAN.c                        0x00000000   Number         0  bsp_can.o ABSOLUTE
    bsp\LCD_ILI9341\bsp_lcd_ili9341.c        0x00000000   Number         0  bsp_lcd_ili9341.o ABSOLUTE
    bsp\LED\bsp_led.c                        0x00000000   Number         0  bsp_led.o ABSOLUTE
    bsp\USART\bsp_usart.c                    0x00000000   Number         0  bsp_usart.o ABSOLUTE
    bsp\key\bsp_key.c                        0x00000000   Number         0  bsp_key.o ABSOLUTE
    bsp\limitSwitch\limitSwitch.c            0x00000000   Number         0  limitswitch.o ABSOLUTE
    bsp\w25qxx\bsp_w25qxx.c                  0x00000000   Number         0  bsp_w25qxx.o ABSOLUTE
    bsp\wit\wit.c                            0x00000000   Number         0  wit.o ABSOLUTE
    cdcmple.s                                0x00000000   Number         0  cdcmple.o ABSOLUTE
    cdrcmple.s                               0x00000000   Number         0  cdrcmple.o ABSOLUTE
    cfcmple.s                                0x00000000   Number         0  cfcmple.o ABSOLUTE
    cfrcmple.s                               0x00000000   Number         0  cfrcmple.o ABSOLUTE
    dc.s                                     0x00000000   Number         0  dc.o ABSOLUTE
    handlers.s                               0x00000000   Number         0  handlers.o ABSOLUTE
    init.s                                   0x00000000   Number         0  init.o ABSOLUTE
    RESET                                    0x08000000   Section      304  startup_stm32f10x_hd.o(RESET)
    .ARM.Collect$$$$00000000                 0x08000130   Section        0  entry.o(.ARM.Collect$$$$00000000)
    .ARM.Collect$$$$00000001                 0x08000130   Section        4  entry2.o(.ARM.Collect$$$$00000001)
    .ARM.Collect$$$$00000004                 0x08000134   Section        4  entry5.o(.ARM.Collect$$$$00000004)
    .ARM.Collect$$$$00000008                 0x08000138   Section        0  entry7b.o(.ARM.Collect$$$$00000008)
    .ARM.Collect$$$$0000000A                 0x08000138   Section        0  entry8b.o(.ARM.Collect$$$$0000000A)
    .ARM.Collect$$$$0000000B                 0x08000138   Section        8  entry9a.o(.ARM.Collect$$$$0000000B)
    .ARM.Collect$$$$0000000E                 0x08000140   Section        4  entry12b.o(.ARM.Collect$$$$0000000E)
    .ARM.Collect$$$$0000000F                 0x08000144   Section        0  entry10a.o(.ARM.Collect$$$$0000000F)
    .ARM.Collect$$$$00000011                 0x08000144   Section        0  entry11a.o(.ARM.Collect$$$$00000011)
    .ARM.Collect$$$$00002712                 0x08000144   Section        4  entry2.o(.ARM.Collect$$$$00002712)
    __lit__00000000                          0x08000144   Data           4  entry2.o(.ARM.Collect$$$$00002712)
    .emb_text                                0x08000148   Section      150  port.o(.emb_text)
    .text                                    0x080001e0   Section       36  startup_stm32f10x_hd.o(.text)
    .text                                    0x08000204   Section        0  memcpya.o(.text)
    .text                                    0x08000228   Section        0  memseta.o(.text)
    .text                                    0x0800024c   Section        0  fmul.o(.text)
    .text                                    0x080002b0   Section        0  fdiv.o(.text)
    .text                                    0x0800032c   Section        0  ffltui.o(.text)
    .text                                    0x08000336   Section        0  ffixui.o(.text)
    .text                                    0x08000360   Section       20  cfcmple.o(.text)
    .text                                    0x08000374   Section       20  cfrcmple.o(.text)
    .text                                    0x08000388   Section        0  uidiv.o(.text)
    .text                                    0x080003b4   Section        0  uldiv.o(.text)
    .text                                    0x08000416   Section        0  strtof.o(.text)
    .text                                    0x08000430   Section        0  fepilogue.o(.text)
    .text                                    0x08000430   Section        0  iusefp.o(.text)
    .text                                    0x0800049e   Section        0  dadd.o(.text)
    .text                                    0x080005ec   Section        0  dmul.o(.text)
    .text                                    0x080006d0   Section        0  ddiv.o(.text)
    .text                                    0x080007ae   Section        0  dfixul.o(.text)
    .text                                    0x080007e0   Section       48  cdrcmple.o(.text)
    .text                                    0x08000810   Section       36  init.o(.text)
    .text                                    0x08000834   Section        0  llshl.o(.text)
    .text                                    0x08000852   Section        0  llushr.o(.text)
    .text                                    0x08000872   Section        0  llsshr.o(.text)
    .text                                    0x08000898   Section        0  strtod.o(.text)
    _local_sscanf                            0x08000899   Thumb Code    54  strtod.o(.text)
    .text                                    0x08000934   Section        0  depilogue.o(.text)
    .text                                    0x080009ee   Section        0  isspace_c.o(.text)
    .text                                    0x080009f8   Section        0  scanf_fp.o(.text)
    _fp_value                                0x080009f9   Thumb Code   296  scanf_fp.o(.text)
    .text                                    0x08000d58   Section        0  _sgetc.o(.text)
    .text                                    0x08000d98   Section       48  cdcmple.o(.text)
    .text                                    0x08000dc8   Section        0  d2f.o(.text)
    .text                                    0x08000e00   Section        0  fpstat.o(.text)
    .text                                    0x08000e04   Section        0  ctype_c.o(.text)
    .text                                    0x08000e2c   Section        0  dscalb.o(.text)
    .text                                    0x08000e5a   Section        0  dfltul.o(.text)
    i.All_Go_Origin                          0x08000e74   Section        0  origin.o(i.All_Go_Origin)
    i.BusFault_Handler                       0x08000f0c   Section        0  stm32f10x_it.o(i.BusFault_Handler)
    i.CAN1_Config                            0x08000f10   Section        0  bsp_can.o(i.CAN1_Config)
    i.CAN_FilterInit                         0x08000fe4   Section        0  stm32f10x_can.o(i.CAN_FilterInit)
    i.CAN_Init                               0x080010ec   Section        0  stm32f10x_can.o(i.CAN_Init)
    i.CAN_Transmit                           0x08001200   Section        0  stm32f10x_can.o(i.CAN_Transmit)
    i.DebugMon_Handler                       0x08001326   Section        0  stm32f10x_it.o(i.DebugMon_Handler)
    i.EXTI0_IRQHandler                       0x08001328   Section        0  bsp_key.o(i.EXTI0_IRQHandler)
    i.EXTI1_IRQHandler                       0x0800132a   Section        0  bsp_key.o(i.EXTI1_IRQHandler)
    i.EXTI4_IRQHandler                       0x0800132c   Section        0  bsp_key.o(i.EXTI4_IRQHandler)
    i.GPIO_Init                              0x0800132e   Section        0  stm32f10x_gpio.o(i.GPIO_Init)
    i.GPIO_ReadInputDataBit                  0x08001444   Section        0  stm32f10x_gpio.o(i.GPIO_ReadInputDataBit)
    i.GPIO_ResetBits                         0x08001456   Section        0  stm32f10x_gpio.o(i.GPIO_ResetBits)
    i.GPIO_SetBits                           0x0800145a   Section        0  stm32f10x_gpio.o(i.GPIO_SetBits)
    i.Go_Origin                              0x08001460   Section        0  origin.o(i.Go_Origin)
    i.HardFault_Handler                      0x080014c4   Section        0  stm32f10x_it.o(i.HardFault_Handler)
    i.LED_OFF                                0x080014c8   Section        0  bsp_led.o(i.LED_OFF)
    i.LED_ON                                 0x080014d8   Section        0  bsp_led.o(i.LED_ON)
    i.LED_Task                               0x080014e8   Section        0  mytask.o(i.LED_Task)
    i.Led_Init                               0x08001504   Section        0  bsp_led.o(i.Led_Init)
    i.MemManage_Handler                      0x08001570   Section        0  stm32f10x_it.o(i.MemManage_Handler)
    i.NMI_Handler                            0x08001574   Section        0  stm32f10x_it.o(i.NMI_Handler)
    i.NVIC_Init                              0x08001578   Section        0  misc.o(i.NVIC_Init)
    i.NVIC_PriorityGroupConfig               0x080015e8   Section        0  misc.o(i.NVIC_PriorityGroupConfig)
    i.RCC_APB1PeriphClockCmd                 0x080015fc   Section        0  stm32f10x_rcc.o(i.RCC_APB1PeriphClockCmd)
    i.RCC_APB1PeriphResetCmd                 0x0800161c   Section        0  stm32f10x_rcc.o(i.RCC_APB1PeriphResetCmd)
    i.RCC_APB2PeriphClockCmd                 0x0800163c   Section        0  stm32f10x_rcc.o(i.RCC_APB2PeriphClockCmd)
    i.RCC_APB2PeriphResetCmd                 0x0800165c   Section        0  stm32f10x_rcc.o(i.RCC_APB2PeriphResetCmd)
    i.RCC_GetClocksFreq                      0x0800167c   Section        0  stm32f10x_rcc.o(i.RCC_GetClocksFreq)
    i.Stop_Task                              0x08001750   Section        0  mytask.o(i.Stop_Task)
    i.SysTick_Handler                        0x08001758   Section        0  stm32f10x_it.o(i.SysTick_Handler)
    i.SystemInit                             0x08001768   Section        0  system_stm32f10x.o(i.SystemInit)
    i.UART4_IRQHandler                       0x08001870   Section        0  bsp_usart.o(i.UART4_IRQHandler)
    i.UART5_IRQHandler                       0x08001954   Section        0  bsp_usart.o(i.UART5_IRQHandler)
    i.USART1_Data_process                    0x08001a24   Section        0  jcode.o(i.USART1_Data_process)
    i.USART1_IRQHandler                      0x08001b08   Section        0  bsp_usart.o(i.USART1_IRQHandler)
    i.USART1_Init                            0x08001b7c   Section        0  bsp_usart.o(i.USART1_Init)
    i.USART1_Task                            0x08001ccc   Section        0  mytask.o(i.USART1_Task)
    i.USART2_IRQHandler                      0x08001ce0   Section        0  bsp_usart.o(i.USART2_IRQHandler)
    i.USART3_IRQHandler                      0x08001dc4   Section        0  bsp_usart.o(i.USART3_IRQHandler)
    i.USART_ClearITPendingBit                0x08001ea8   Section        0  stm32f10x_usart.o(i.USART_ClearITPendingBit)
    i.USART_Cmd                              0x08001ec6   Section        0  stm32f10x_usart.o(i.USART_Cmd)
    i.USART_DeInit                           0x08001ee0   Section        0  stm32f10x_usart.o(i.USART_DeInit)
    i.USART_GetFlagStatus                    0x08001f7c   Section        0  stm32f10x_usart.o(i.USART_GetFlagStatus)
    i.USART_ITConfig                         0x08001f96   Section        0  stm32f10x_usart.o(i.USART_ITConfig)
    i.USART_Init                             0x08001fe0   Section        0  stm32f10x_usart.o(i.USART_Init)
    i.USART_ReceiveData                      0x080020b8   Section        0  stm32f10x_usart.o(i.USART_ReceiveData)
    i.UsageFault_Handler                     0x080020c2   Section        0  stm32f10x_it.o(i.UsageFault_Handler)
    i.ZDT_CAN_Init                           0x080020c6   Section        0  zdt.o(i.ZDT_CAN_Init)
    i.ZDT_Delay_ms                           0x080020d2   Section        0  zdt.o(i.ZDT_Delay_ms)
    i.ZDT_Multi_VelocityMotion               0x080020e4   Section        0  zdt.o(i.ZDT_Multi_VelocityMotion)
    i.ZDT_Pos_Control                        0x08002114   Section        0  zdt.o(i.ZDT_Pos_Control)
    i.ZDT_SetOrigin                          0x080022e8   Section        0  zdt.o(i.ZDT_SetOrigin)
    i.ZDT_Stop                               0x08002318   Section        0  zdt.o(i.ZDT_Stop)
    i.ZDT_Vel_Control                        0x08002350   Section        0  zdt.o(i.ZDT_Vel_Control)
    i.__0printf                              0x08002420   Section        0  printfa.o(i.__0printf)
    i.__mathlib_narrow                       0x08002440   Section        0  narrow.o(i.__mathlib_narrow)
    i.__mathlib_tofloat                      0x08002450   Section        0  narrow.o(i.__mathlib_tofloat)
    i.__scatterload_copy                     0x0800250c   Section       14  handlers.o(i.__scatterload_copy)
    i.__scatterload_null                     0x0800251a   Section        2  handlers.o(i.__scatterload_null)
    i.__scatterload_zeroinit                 0x0800251c   Section       14  handlers.o(i.__scatterload_zeroinit)
    i.__set_errno                            0x0800252c   Section        0  errno.o(i.__set_errno)
    i._fp_digits                             0x08002538   Section        0  printfa.o(i._fp_digits)
    _fp_digits                               0x08002539   Thumb Code   366  printfa.o(i._fp_digits)
    i._is_digit                              0x080026bc   Section        0  scanf_fp.o(i._is_digit)
    i._printf_core                           0x080026cc   Section        0  printfa.o(i._printf_core)
    _printf_core                             0x080026cd   Thumb Code  1704  printfa.o(i._printf_core)
    i._printf_post_padding                   0x08002d80   Section        0  printfa.o(i._printf_post_padding)
    _printf_post_padding                     0x08002d81   Thumb Code    36  printfa.o(i._printf_post_padding)
    i._printf_pre_padding                    0x08002da4   Section        0  printfa.o(i._printf_pre_padding)
    _printf_pre_padding                      0x08002da5   Thumb Code    46  printfa.o(i._printf_pre_padding)
    i.createMyTask                           0x08002dd4   Section        0  mytask.o(i.createMyTask)
    i.delay_ms                               0x08002e54   Section        0  zdt.o(i.delay_ms)
    delay_ms                                 0x08002e55   Thumb Code    18  zdt.o(i.delay_ms)
    i.fputc                                  0x08002e68   Section        0  bsp_usart.o(i.fputc)
    i.frexp                                  0x08002e84   Section        0  frexp.o(i.frexp)
    i.limitStop                              0x08002edc   Section        0  limitswitch.o(i.limitStop)
    i.limitSwitch_Getstatus                  0x08002f8c   Section        0  limitswitch.o(i.limitSwitch_Getstatus)
    i.limitSwitch_Init                       0x08002fa0   Section        0  limitswitch.o(i.limitSwitch_Init)
    i.main                                   0x08002fcc   Section        0  main.o(i.main)
    i.myCANSendData                          0x08002fdc   Section        0  bsp_can.o(i.myCANSendData)
    i.projectInit                            0x08003088   Section        0  init.o(i.projectInit)
    i.prvAddCurrentTaskToDelayedList         0x080030d8   Section        0  tasks.o(i.prvAddCurrentTaskToDelayedList)
    prvAddCurrentTaskToDelayedList           0x080030d9   Thumb Code   124  tasks.o(i.prvAddCurrentTaskToDelayedList)
    i.prvAddNewTaskToReadyList               0x08003170   Section        0  tasks.o(i.prvAddNewTaskToReadyList)
    prvAddNewTaskToReadyList                 0x08003171   Thumb Code   150  tasks.o(i.prvAddNewTaskToReadyList)
    i.prvCheckTasksWaitingTermination        0x08003224   Section        0  tasks.o(i.prvCheckTasksWaitingTermination)
    prvCheckTasksWaitingTermination          0x08003225   Thumb Code    86  tasks.o(i.prvCheckTasksWaitingTermination)
    i.prvDeleteTCB                           0x08003288   Section        0  tasks.o(i.prvDeleteTCB)
    prvDeleteTCB                             0x08003289   Thumb Code    18  tasks.o(i.prvDeleteTCB)
    i.prvHeapInit                            0x0800329c   Section        0  heap_4.o(i.prvHeapInit)
    prvHeapInit                              0x0800329d   Thumb Code    98  heap_4.o(i.prvHeapInit)
    i.prvIdleTask                            0x08003318   Section        0  tasks.o(i.prvIdleTask)
    prvIdleTask                              0x08003319   Thumb Code    32  tasks.o(i.prvIdleTask)
    i.prvInitialiseNewTask                   0x08003340   Section        0  tasks.o(i.prvInitialiseNewTask)
    prvInitialiseNewTask                     0x08003341   Thumb Code   128  tasks.o(i.prvInitialiseNewTask)
    i.prvInitialiseTaskLists                 0x080033c0   Section        0  tasks.o(i.prvInitialiseTaskLists)
    prvInitialiseTaskLists                   0x080033c1   Thumb Code    70  tasks.o(i.prvInitialiseTaskLists)
    i.prvInsertBlockIntoFreeList             0x08003428   Section        0  heap_4.o(i.prvInsertBlockIntoFreeList)
    prvInsertBlockIntoFreeList               0x08003429   Thumb Code    96  heap_4.o(i.prvInsertBlockIntoFreeList)
    i.prvResetNextTaskUnblockTime            0x08003490   Section        0  tasks.o(i.prvResetNextTaskUnblockTime)
    prvResetNextTaskUnblockTime              0x08003491   Thumb Code    42  tasks.o(i.prvResetNextTaskUnblockTime)
    i.prvTaskExitError                       0x080034c4   Section        0  port.o(i.prvTaskExitError)
    prvTaskExitError                         0x080034c5   Thumb Code    22  port.o(i.prvTaskExitError)
    i.pvPortMalloc                           0x080034dc   Section        0  heap_4.o(i.pvPortMalloc)
    i.pxPortInitialiseStack                  0x080035ac   Section        0  port.o(i.pxPortInitialiseStack)
    i.simple_Stop                            0x080035d0   Section        0  limitswitch.o(i.simple_Stop)
    i.strtof                                 0x08003664   Section        0  strtof.o(i.strtof)
    i.uxListRemove                           0x08003678   Section        0  list.o(i.uxListRemove)
    i.vListInitialise                        0x080036a0   Section        0  list.o(i.vListInitialise)
    i.vListInitialiseItem                    0x080036ba   Section        0  list.o(i.vListInitialiseItem)
    i.vListInsert                            0x080036c0   Section        0  list.o(i.vListInsert)
    i.vListInsertEnd                         0x080036f4   Section        0  list.o(i.vListInsertEnd)
    i.vPortEnterCritical                     0x0800370c   Section        0  port.o(i.vPortEnterCritical)
    i.vPortExitCritical                      0x08003730   Section        0  port.o(i.vPortExitCritical)
    i.vPortFree                              0x08003750   Section        0  heap_4.o(i.vPortFree)
    i.vPortSetupTimerInterrupt               0x08003798   Section        0  port.o(i.vPortSetupTimerInterrupt)
    i.vTaskDelay                             0x080037ac   Section        0  tasks.o(i.vTaskDelay)
    i.vTaskStartScheduler                    0x080037e0   Section        0  tasks.o(i.vTaskStartScheduler)
    i.vTaskSuspendAll                        0x08003844   Section        0  tasks.o(i.vTaskSuspendAll)
    i.vTaskSwitchContext                     0x08003854   Section        0  tasks.o(i.vTaskSwitchContext)
    i.xPortStartScheduler                    0x080038b4   Section        0  port.o(i.xPortStartScheduler)
    i.xPortSysTickHandler                    0x080038e8   Section        0  port.o(i.xPortSysTickHandler)
    i.xTaskCreate                            0x0800391c   Section        0  tasks.o(i.xTaskCreate)
    i.xTaskGetSchedulerState                 0x0800397c   Section        0  tasks.o(i.xTaskGetSchedulerState)
    i.xTaskIncrementTick                     0x0800399c   Section        0  tasks.o(i.xTaskIncrementTick)
    i.xTaskResumeAll                         0x08003ab8   Section        0  tasks.o(i.xTaskResumeAll)
    .constdata                               0x08003ba0   Section       72  origin.o(.constdata)
    .constdata                               0x08003be8   Section       64  ctype_c.o(.constdata)
    .data                                    0x20000000   Section        4  zdt.o(.data)
    .data                                    0x20000004   Section        1  jcode.o(.data)
    .data                                    0x20000008   Section       12  mytask.o(.data)
    .data                                    0x20000014   Section       26  bsp_usart.o(.data)
    U1TxCounter                              0x20000015   Data           1  bsp_usart.o(.data)
    U1TxCount                                0x20000016   Data           1  bsp_usart.o(.data)
    U2TxCounter                              0x20000017   Data           1  bsp_usart.o(.data)
    U2TxCount                                0x20000018   Data           1  bsp_usart.o(.data)
    U3TxCounter                              0x20000019   Data           1  bsp_usart.o(.data)
    U3TxCount                                0x2000001a   Data           1  bsp_usart.o(.data)
    U4TxCounter                              0x2000001b   Data           1  bsp_usart.o(.data)
    U4TxCount                                0x2000001c   Data           1  bsp_usart.o(.data)
    U5TxCounter                              0x2000001d   Data           1  bsp_usart.o(.data)
    U5TxCount                                0x2000001e   Data           1  bsp_usart.o(.data)
    i                                        0x20000024   Data           1  bsp_usart.o(.data)
    Flag_DmaTxInit                           0x20000025   Data           1  bsp_usart.o(.data)
    cnt                                      0x20000026   Data           2  bsp_usart.o(.data)
    cnt                                      0x20000028   Data           2  bsp_usart.o(.data)
    cnt                                      0x2000002a   Data           2  bsp_usart.o(.data)
    cnt                                      0x2000002c   Data           2  bsp_usart.o(.data)
    .data                                    0x2000002e   Section        6  limitswitch.o(.data)
    .data                                    0x20000034   Section       20  stm32f10x_rcc.o(.data)
    APBAHBPrescTable                         0x20000034   Data          16  stm32f10x_rcc.o(.data)
    ADCPrescTable                            0x20000044   Data           4  stm32f10x_rcc.o(.data)
    .data                                    0x20000048   Section       60  tasks.o(.data)
    pxDelayedTaskList                        0x2000004c   Data           4  tasks.o(.data)
    pxOverflowDelayedTaskList                0x20000050   Data           4  tasks.o(.data)
    uxDeletedTasksWaitingCleanUp             0x20000054   Data           4  tasks.o(.data)
    uxCurrentNumberOfTasks                   0x20000058   Data           4  tasks.o(.data)
    xTickCount                               0x2000005c   Data           4  tasks.o(.data)
    uxTopReadyPriority                       0x20000060   Data           4  tasks.o(.data)
    xSchedulerRunning                        0x20000064   Data           4  tasks.o(.data)
    uxPendedTicks                            0x20000068   Data           4  tasks.o(.data)
    xYieldPending                            0x2000006c   Data           4  tasks.o(.data)
    xNumOfOverflows                          0x20000070   Data           4  tasks.o(.data)
    uxTaskNumber                             0x20000074   Data           4  tasks.o(.data)
    xNextTaskUnblockTime                     0x20000078   Data           4  tasks.o(.data)
    xIdleTaskHandle                          0x2000007c   Data           4  tasks.o(.data)
    uxSchedulerSuspended                     0x20000080   Data           4  tasks.o(.data)
    .data                                    0x20000084   Section       24  heap_4.o(.data)
    xStart                                   0x20000084   Data           8  heap_4.o(.data)
    pxEnd                                    0x2000008c   Data           4  heap_4.o(.data)
    xFreeBytesRemaining                      0x20000090   Data           4  heap_4.o(.data)
    xMinimumEverFreeBytesRemaining           0x20000094   Data           4  heap_4.o(.data)
    xBlockAllocatedBit                       0x20000098   Data           4  heap_4.o(.data)
    .data                                    0x2000009c   Section        4  port.o(.data)
    uxCriticalNesting                        0x2000009c   Data           4  port.o(.data)
    .data                                    0x200000a0   Section        4  errno.o(.data)
    _errno                                   0x200000a0   Data           4  errno.o(.data)
    .bss                                     0x200000a4   Section       25  jcode.o(.bss)
    .bss                                     0x200000c0   Section    10790  bsp_usart.o(.bss)
    U1TxBuffer                               0x200014e6   Data         256  bsp_usart.o(.bss)
    U2TxBuffer                               0x200015e6   Data         256  bsp_usart.o(.bss)
    U3TxBuffer                               0x200016e6   Data         256  bsp_usart.o(.bss)
    U4TxBuffer                               0x200017e6   Data         256  bsp_usart.o(.bss)
    U5TxBuffer                               0x200018e6   Data         256  bsp_usart.o(.bss)
    stringTemp                               0x200019e6   Data         256  bsp_usart.o(.bss)
    RxTemp                                   0x20001ae6   Data        1024  bsp_usart.o(.bss)
    RxTemp                                   0x20001ee6   Data        1024  bsp_usart.o(.bss)
    RxTemp                                   0x200022e6   Data        1024  bsp_usart.o(.bss)
    RxTemp                                   0x200026e6   Data        1024  bsp_usart.o(.bss)
    .bss                                     0x20002ae8   Section      740  tasks.o(.bss)
    pxReadyTasksLists                        0x20002ae8   Data         640  tasks.o(.bss)
    xDelayedTaskList1                        0x20002d68   Data          20  tasks.o(.bss)
    xDelayedTaskList2                        0x20002d7c   Data          20  tasks.o(.bss)
    xPendingReadyList                        0x20002d90   Data          20  tasks.o(.bss)
    xTasksWaitingTermination                 0x20002da4   Data          20  tasks.o(.bss)
    xSuspendedTaskList                       0x20002db8   Data          20  tasks.o(.bss)
    .bss                                     0x20002dcc   Section    17408  heap_4.o(.bss)
    ucHeap                                   0x20002dcc   Data       17408  heap_4.o(.bss)
    STACK                                    0x200071d0   Section     1024  startup_stm32f10x_hd.o(STACK)

    Global Symbols

    Symbol Name                              Value     Ov Type        Size  Object(Section)

    BuildAttributes$$THM_ISAv4$P$D$K$B$S$PE$A:L22UL41UL21$X:L11$S22US41US21$IEEE1$IW$USESV6$~STKCKD$USESV7$~SHL$OTIME$ROPI$IEEEJ$EBA8$MICROLIB$REQ8$PRES8$EABIv2 0x00000000   Number         0  anon$$obj.o ABSOLUTE
    __ARM_use_no_argv                        0x00000000   Number         0  main.o ABSOLUTE
    __use_no_errno                           0x00000000   Number         0  useno.o ABSOLUTE
    __use_no_exception_handling              0x00000000   Number         0  useno.o ABSOLUTE
    __use_no_fp                              0x00000000   Number         0  useno.o ABSOLUTE
    __use_no_heap                            0x00000000   Number         0  useno.o ABSOLUTE
    __use_no_heap_region                     0x00000000   Number         0  useno.o ABSOLUTE
    __use_no_semihosting                     0x00000000   Number         0  useno.o ABSOLUTE
    __use_no_semihosting_swi                 0x00000000   Number         0  useno.o ABSOLUTE
    __use_no_signal_handling                 0x00000000   Number         0  useno.o ABSOLUTE
    _printf_a                                0x00000000   Number         0  stubs.o ABSOLUTE
    _printf_c                                0x00000000   Number         0  stubs.o ABSOLUTE
    _printf_charcount                        0x00000000   Number         0  stubs.o ABSOLUTE
    _printf_d                                0x00000000   Number         0  stubs.o ABSOLUTE
    _printf_e                                0x00000000   Number         0  stubs.o ABSOLUTE
    _printf_f                                0x00000000   Number         0  stubs.o ABSOLUTE
    _printf_flags                            0x00000000   Number         0  stubs.o ABSOLUTE
    _printf_fp_dec                           0x00000000   Number         0  stubs.o ABSOLUTE
    _printf_fp_hex                           0x00000000   Number         0  stubs.o ABSOLUTE
    _printf_g                                0x00000000   Number         0  stubs.o ABSOLUTE
    _printf_i                                0x00000000   Number         0  stubs.o ABSOLUTE
    _printf_int_dec                          0x00000000   Number         0  stubs.o ABSOLUTE
    _printf_l                                0x00000000   Number         0  stubs.o ABSOLUTE
    _printf_lc                               0x00000000   Number         0  stubs.o ABSOLUTE
    _printf_ll                               0x00000000   Number         0  stubs.o ABSOLUTE
    _printf_lld                              0x00000000   Number         0  stubs.o ABSOLUTE
    _printf_lli                              0x00000000   Number         0  stubs.o ABSOLUTE
    _printf_llo                              0x00000000   Number         0  stubs.o ABSOLUTE
    _printf_llu                              0x00000000   Number         0  stubs.o ABSOLUTE
    _printf_llx                              0x00000000   Number         0  stubs.o ABSOLUTE
    _printf_longlong_dec                     0x00000000   Number         0  stubs.o ABSOLUTE
    _printf_longlong_hex                     0x00000000   Number         0  stubs.o ABSOLUTE
    _printf_longlong_oct                     0x00000000   Number         0  stubs.o ABSOLUTE
    _printf_ls                               0x00000000   Number         0  stubs.o ABSOLUTE
    _printf_mbtowc                           0x00000000   Number         0  stubs.o ABSOLUTE
    _printf_n                                0x00000000   Number         0  stubs.o ABSOLUTE
    _printf_o                                0x00000000   Number         0  stubs.o ABSOLUTE
    _printf_p                                0x00000000   Number         0  stubs.o ABSOLUTE
    _printf_percent                          0x00000000   Number         0  stubs.o ABSOLUTE
    _printf_pre_padding                      0x00000000   Number         0  stubs.o ABSOLUTE
    _printf_return_value                     0x00000000   Number         0  stubs.o ABSOLUTE
    _printf_s                                0x00000000   Number         0  stubs.o ABSOLUTE
    _printf_sizespec                         0x00000000   Number         0  stubs.o ABSOLUTE
    _printf_str                              0x00000000   Number         0  stubs.o ABSOLUTE
    _printf_truncate_signed                  0x00000000   Number         0  stubs.o ABSOLUTE
    _printf_truncate_unsigned                0x00000000   Number         0  stubs.o ABSOLUTE
    _printf_u                                0x00000000   Number         0  stubs.o ABSOLUTE
    _printf_wc                               0x00000000   Number         0  stubs.o ABSOLUTE
    _printf_wctomb                           0x00000000   Number         0  stubs.o ABSOLUTE
    _printf_widthprec                        0x00000000   Number         0  stubs.o ABSOLUTE
    _printf_x                                0x00000000   Number         0  stubs.o ABSOLUTE
    __arm_fini_                               - Undefined Weak Reference
    __cpp_initialize__aeabi_                  - Undefined Weak Reference
    __cxa_finalize                            - Undefined Weak Reference
    __decompress                              - Undefined Weak Reference
    _clock_init                               - Undefined Weak Reference
    _microlib_exit                            - Undefined Weak Reference
    __Vectors_Size                           0x00000130   Number         0  startup_stm32f10x_hd.o ABSOLUTE
    __Vectors                                0x08000000   Data           4  startup_stm32f10x_hd.o(RESET)
    __Vectors_End                            0x08000130   Data           0  startup_stm32f10x_hd.o(RESET)
    __main                                   0x08000131   Thumb Code     0  entry.o(.ARM.Collect$$$$00000000)
    _main_stk                                0x08000131   Thumb Code     0  entry2.o(.ARM.Collect$$$$00000001)
    _main_scatterload                        0x08000135   Thumb Code     0  entry5.o(.ARM.Collect$$$$00000004)
    __main_after_scatterload                 0x08000139   Thumb Code     0  entry5.o(.ARM.Collect$$$$00000004)
    _main_clock                              0x08000139   Thumb Code     0  entry7b.o(.ARM.Collect$$$$00000008)
    _main_cpp_init                           0x08000139   Thumb Code     0  entry8b.o(.ARM.Collect$$$$0000000A)
    _main_init                               0x08000139   Thumb Code     0  entry9a.o(.ARM.Collect$$$$0000000B)
    __rt_lib_shutdown_fini                   0x08000141   Thumb Code     0  entry12b.o(.ARM.Collect$$$$0000000E)
    __rt_final_cpp                           0x08000145   Thumb Code     0  entry10a.o(.ARM.Collect$$$$0000000F)
    __rt_final_exit                          0x08000145   Thumb Code     0  entry11a.o(.ARM.Collect$$$$00000011)
    SVC_Handler                              0x08000149   Thumb Code    32  port.o(.emb_text)
    __asm___6_port_c_39a90d8d__prvStartFirstTask 0x0800016d   Thumb Code    28  port.o(.emb_text)
    PendSV_Handler                           0x0800018d   Thumb Code    72  port.o(.emb_text)
    vPortGetIPSR                             0x080001d9   Thumb Code     6  port.o(.emb_text)
    Reset_Handler                            0x080001e1   Thumb Code     8  startup_stm32f10x_hd.o(.text)
    ADC1_2_IRQHandler                        0x080001fb   Thumb Code     0  startup_stm32f10x_hd.o(.text)
    ADC3_IRQHandler                          0x080001fb   Thumb Code     0  startup_stm32f10x_hd.o(.text)
    CAN1_RX1_IRQHandler                      0x080001fb   Thumb Code     0  startup_stm32f10x_hd.o(.text)
    CAN1_SCE_IRQHandler                      0x080001fb   Thumb Code     0  startup_stm32f10x_hd.o(.text)
    DMA1_Channel1_IRQHandler                 0x080001fb   Thumb Code     0  startup_stm32f10x_hd.o(.text)
    DMA1_Channel2_IRQHandler                 0x080001fb   Thumb Code     0  startup_stm32f10x_hd.o(.text)
    DMA1_Channel3_IRQHandler                 0x080001fb   Thumb Code     0  startup_stm32f10x_hd.o(.text)
    DMA1_Channel4_IRQHandler                 0x080001fb   Thumb Code     0  startup_stm32f10x_hd.o(.text)
    DMA1_Channel5_IRQHandler                 0x080001fb   Thumb Code     0  startup_stm32f10x_hd.o(.text)
    DMA1_Channel6_IRQHandler                 0x080001fb   Thumb Code     0  startup_stm32f10x_hd.o(.text)
    DMA1_Channel7_IRQHandler                 0x080001fb   Thumb Code     0  startup_stm32f10x_hd.o(.text)
    DMA2_Channel1_IRQHandler                 0x080001fb   Thumb Code     0  startup_stm32f10x_hd.o(.text)
    DMA2_Channel2_IRQHandler                 0x080001fb   Thumb Code     0  startup_stm32f10x_hd.o(.text)
    DMA2_Channel3_IRQHandler                 0x080001fb   Thumb Code     0  startup_stm32f10x_hd.o(.text)
    DMA2_Channel4_5_IRQHandler               0x080001fb   Thumb Code     0  startup_stm32f10x_hd.o(.text)
    EXTI15_10_IRQHandler                     0x080001fb   Thumb Code     0  startup_stm32f10x_hd.o(.text)
    EXTI2_IRQHandler                         0x080001fb   Thumb Code     0  startup_stm32f10x_hd.o(.text)
    EXTI3_IRQHandler                         0x080001fb   Thumb Code     0  startup_stm32f10x_hd.o(.text)
    EXTI9_5_IRQHandler                       0x080001fb   Thumb Code     0  startup_stm32f10x_hd.o(.text)
    FLASH_IRQHandler                         0x080001fb   Thumb Code     0  startup_stm32f10x_hd.o(.text)
    FSMC_IRQHandler                          0x080001fb   Thumb Code     0  startup_stm32f10x_hd.o(.text)
    I2C1_ER_IRQHandler                       0x080001fb   Thumb Code     0  startup_stm32f10x_hd.o(.text)
    I2C1_EV_IRQHandler                       0x080001fb   Thumb Code     0  startup_stm32f10x_hd.o(.text)
    I2C2_ER_IRQHandler                       0x080001fb   Thumb Code     0  startup_stm32f10x_hd.o(.text)
    I2C2_EV_IRQHandler                       0x080001fb   Thumb Code     0  startup_stm32f10x_hd.o(.text)
    PVD_IRQHandler                           0x080001fb   Thumb Code     0  startup_stm32f10x_hd.o(.text)
    RCC_IRQHandler                           0x080001fb   Thumb Code     0  startup_stm32f10x_hd.o(.text)
    RTCAlarm_IRQHandler                      0x080001fb   Thumb Code     0  startup_stm32f10x_hd.o(.text)
    RTC_IRQHandler                           0x080001fb   Thumb Code     0  startup_stm32f10x_hd.o(.text)
    SDIO_IRQHandler                          0x080001fb   Thumb Code     0  startup_stm32f10x_hd.o(.text)
    SPI1_IRQHandler                          0x080001fb   Thumb Code     0  startup_stm32f10x_hd.o(.text)
    SPI2_IRQHandler                          0x080001fb   Thumb Code     0  startup_stm32f10x_hd.o(.text)
    SPI3_IRQHandler                          0x080001fb   Thumb Code     0  startup_stm32f10x_hd.o(.text)
    TAMPER_IRQHandler                        0x080001fb   Thumb Code     0  startup_stm32f10x_hd.o(.text)
    TIM1_BRK_IRQHandler                      0x080001fb   Thumb Code     0  startup_stm32f10x_hd.o(.text)
    TIM1_CC_IRQHandler                       0x080001fb   Thumb Code     0  startup_stm32f10x_hd.o(.text)
    TIM1_TRG_COM_IRQHandler                  0x080001fb   Thumb Code     0  startup_stm32f10x_hd.o(.text)
    TIM1_UP_IRQHandler                       0x080001fb   Thumb Code     0  startup_stm32f10x_hd.o(.text)
    TIM2_IRQHandler                          0x080001fb   Thumb Code     0  startup_stm32f10x_hd.o(.text)
    TIM3_IRQHandler                          0x080001fb   Thumb Code     0  startup_stm32f10x_hd.o(.text)
    TIM4_IRQHandler                          0x080001fb   Thumb Code     0  startup_stm32f10x_hd.o(.text)
    TIM5_IRQHandler                          0x080001fb   Thumb Code     0  startup_stm32f10x_hd.o(.text)
    TIM6_IRQHandler                          0x080001fb   Thumb Code     0  startup_stm32f10x_hd.o(.text)
    TIM7_IRQHandler                          0x080001fb   Thumb Code     0  startup_stm32f10x_hd.o(.text)
    TIM8_BRK_IRQHandler                      0x080001fb   Thumb Code     0  startup_stm32f10x_hd.o(.text)
    TIM8_CC_IRQHandler                       0x080001fb   Thumb Code     0  startup_stm32f10x_hd.o(.text)
    TIM8_TRG_COM_IRQHandler                  0x080001fb   Thumb Code     0  startup_stm32f10x_hd.o(.text)
    TIM8_UP_IRQHandler                       0x080001fb   Thumb Code     0  startup_stm32f10x_hd.o(.text)
    USBWakeUp_IRQHandler                     0x080001fb   Thumb Code     0  startup_stm32f10x_hd.o(.text)
    USB_HP_CAN1_TX_IRQHandler                0x080001fb   Thumb Code     0  startup_stm32f10x_hd.o(.text)
    USB_LP_CAN1_RX0_IRQHandler               0x080001fb   Thumb Code     0  startup_stm32f10x_hd.o(.text)
    WWDG_IRQHandler                          0x080001fb   Thumb Code     0  startup_stm32f10x_hd.o(.text)
    __aeabi_memcpy                           0x08000205   Thumb Code    36  memcpya.o(.text)
    __aeabi_memcpy4                          0x08000205   Thumb Code     0  memcpya.o(.text)
    __aeabi_memcpy8                          0x08000205   Thumb Code     0  memcpya.o(.text)
    __aeabi_memset                           0x08000229   Thumb Code    14  memseta.o(.text)
    __aeabi_memset4                          0x08000229   Thumb Code     0  memseta.o(.text)
    __aeabi_memset8                          0x08000229   Thumb Code     0  memseta.o(.text)
    __aeabi_memclr                           0x08000237   Thumb Code     4  memseta.o(.text)
    __aeabi_memclr4                          0x08000237   Thumb Code     0  memseta.o(.text)
    __aeabi_memclr8                          0x08000237   Thumb Code     0  memseta.o(.text)
    _memset$wrapper                          0x0800023b   Thumb Code    18  memseta.o(.text)
    __aeabi_fmul                             0x0800024d   Thumb Code   100  fmul.o(.text)
    __aeabi_fdiv                             0x080002b1   Thumb Code   124  fdiv.o(.text)
    __aeabi_ui2f                             0x0800032d   Thumb Code    10  ffltui.o(.text)
    __aeabi_f2uiz                            0x08000337   Thumb Code    40  ffixui.o(.text)
    __aeabi_cfcmpeq                          0x08000361   Thumb Code     0  cfcmple.o(.text)
    __aeabi_cfcmple                          0x08000361   Thumb Code    20  cfcmple.o(.text)
    __aeabi_cfrcmple                         0x08000375   Thumb Code    20  cfrcmple.o(.text)
    __aeabi_uidiv                            0x08000389   Thumb Code     0  uidiv.o(.text)
    __aeabi_uidivmod                         0x08000389   Thumb Code    44  uidiv.o(.text)
    __aeabi_uldivmod                         0x080003b5   Thumb Code    98  uldiv.o(.text)
    __strtof_int                             0x08000417   Thumb Code    26  strtof.o(.text)
    __I$use$fp                               0x08000431   Thumb Code     0  iusefp.o(.text)
    _float_round                             0x08000431   Thumb Code    18  fepilogue.o(.text)
    _float_epilogue                          0x08000443   Thumb Code    92  fepilogue.o(.text)
    __aeabi_dadd                             0x0800049f   Thumb Code   322  dadd.o(.text)
    __aeabi_dsub                             0x080005e1   Thumb Code     6  dadd.o(.text)
    __aeabi_drsub                            0x080005e7   Thumb Code     6  dadd.o(.text)
    __aeabi_dmul                             0x080005ed   Thumb Code   228  dmul.o(.text)
    __aeabi_ddiv                             0x080006d1   Thumb Code   222  ddiv.o(.text)
    __aeabi_d2ulz                            0x080007af   Thumb Code    48  dfixul.o(.text)
    __aeabi_cdrcmple                         0x080007e1   Thumb Code    48  cdrcmple.o(.text)
    __scatterload                            0x08000811   Thumb Code    28  init.o(.text)
    __scatterload_rt2                        0x08000811   Thumb Code     0  init.o(.text)
    __aeabi_llsl                             0x08000835   Thumb Code    30  llshl.o(.text)
    _ll_shift_l                              0x08000835   Thumb Code     0  llshl.o(.text)
    __aeabi_llsr                             0x08000853   Thumb Code    32  llushr.o(.text)
    _ll_ushift_r                             0x08000853   Thumb Code     0  llushr.o(.text)
    __aeabi_lasr                             0x08000873   Thumb Code    36  llsshr.o(.text)
    _ll_sshift_r                             0x08000873   Thumb Code     0  llsshr.o(.text)
    __strtod_int                             0x080008cf   Thumb Code    90  strtod.o(.text)
    _double_round                            0x08000935   Thumb Code    30  depilogue.o(.text)
    _double_epilogue                         0x08000953   Thumb Code   156  depilogue.o(.text)
    isspace                                  0x080009ef   Thumb Code    10  isspace_c.o(.text)
    _scanf_real                              0x08000b21   Thumb Code     0  scanf_fp.o(.text)
    _scanf_really_real                       0x08000b21   Thumb Code   556  scanf_fp.o(.text)
    _sgetc                                   0x08000d59   Thumb Code    30  _sgetc.o(.text)
    _sbackspace                              0x08000d77   Thumb Code    34  _sgetc.o(.text)
    __aeabi_cdcmpeq                          0x08000d99   Thumb Code     0  cdcmple.o(.text)
    __aeabi_cdcmple                          0x08000d99   Thumb Code    48  cdcmple.o(.text)
    __aeabi_d2f                              0x08000dc9   Thumb Code    56  d2f.o(.text)
    __fp_status                              0x08000e01   Thumb Code     4  fpstat.o(.text)
    __ieee_status                            0x08000e01   Thumb Code     0  fpstat.o(.text)
    __ctype_lookup                           0x08000e05   Thumb Code    34  ctype_c.o(.text)
    __ARM_scalbn                             0x08000e2d   Thumb Code    46  dscalb.o(.text)
    scalbn                                   0x08000e2d   Thumb Code     0  dscalb.o(.text)
    __aeabi_ul2d                             0x08000e5b   Thumb Code    24  dfltul.o(.text)
    All_Go_Origin                            0x08000e75   Thumb Code   142  origin.o(i.All_Go_Origin)
    BusFault_Handler                         0x08000f0d   Thumb Code     4  stm32f10x_it.o(i.BusFault_Handler)
    CAN1_Config                              0x08000f11   Thumb Code   204  bsp_can.o(i.CAN1_Config)
    CAN_FilterInit                           0x08000fe5   Thumb Code   258  stm32f10x_can.o(i.CAN_FilterInit)
    CAN_Init                                 0x080010ed   Thumb Code   276  stm32f10x_can.o(i.CAN_Init)
    CAN_Transmit                             0x08001201   Thumb Code   294  stm32f10x_can.o(i.CAN_Transmit)
    DebugMon_Handler                         0x08001327   Thumb Code     2  stm32f10x_it.o(i.DebugMon_Handler)
    EXTI0_IRQHandler                         0x08001329   Thumb Code     2  bsp_key.o(i.EXTI0_IRQHandler)
    EXTI1_IRQHandler                         0x0800132b   Thumb Code     2  bsp_key.o(i.EXTI1_IRQHandler)
    EXTI4_IRQHandler                         0x0800132d   Thumb Code     2  bsp_key.o(i.EXTI4_IRQHandler)
    GPIO_Init                                0x0800132f   Thumb Code   278  stm32f10x_gpio.o(i.GPIO_Init)
    GPIO_ReadInputDataBit                    0x08001445   Thumb Code    18  stm32f10x_gpio.o(i.GPIO_ReadInputDataBit)
    GPIO_ResetBits                           0x08001457   Thumb Code     4  stm32f10x_gpio.o(i.GPIO_ResetBits)
    GPIO_SetBits                             0x0800145b   Thumb Code     4  stm32f10x_gpio.o(i.GPIO_SetBits)
    Go_Origin                                0x08001461   Thumb Code    92  origin.o(i.Go_Origin)
    HardFault_Handler                        0x080014c5   Thumb Code     4  stm32f10x_it.o(i.HardFault_Handler)
    LED_OFF                                  0x080014c9   Thumb Code    12  bsp_led.o(i.LED_OFF)
    LED_ON                                   0x080014d9   Thumb Code    12  bsp_led.o(i.LED_ON)
    LED_Task                                 0x080014e9   Thumb Code    28  mytask.o(i.LED_Task)
    Led_Init                                 0x08001505   Thumb Code    52  bsp_led.o(i.Led_Init)
    MemManage_Handler                        0x08001571   Thumb Code     4  stm32f10x_it.o(i.MemManage_Handler)
    NMI_Handler                              0x08001575   Thumb Code     2  stm32f10x_it.o(i.NMI_Handler)
    NVIC_Init                                0x08001579   Thumb Code   100  misc.o(i.NVIC_Init)
    NVIC_PriorityGroupConfig                 0x080015e9   Thumb Code    10  misc.o(i.NVIC_PriorityGroupConfig)
    RCC_APB1PeriphClockCmd                   0x080015fd   Thumb Code    26  stm32f10x_rcc.o(i.RCC_APB1PeriphClockCmd)
    RCC_APB1PeriphResetCmd                   0x0800161d   Thumb Code    26  stm32f10x_rcc.o(i.RCC_APB1PeriphResetCmd)
    RCC_APB2PeriphClockCmd                   0x0800163d   Thumb Code    26  stm32f10x_rcc.o(i.RCC_APB2PeriphClockCmd)
    RCC_APB2PeriphResetCmd                   0x0800165d   Thumb Code    26  stm32f10x_rcc.o(i.RCC_APB2PeriphResetCmd)
    RCC_GetClocksFreq                        0x0800167d   Thumb Code   192  stm32f10x_rcc.o(i.RCC_GetClocksFreq)
    Stop_Task                                0x08001751   Thumb Code     8  mytask.o(i.Stop_Task)
    SysTick_Handler                          0x08001759   Thumb Code    16  stm32f10x_it.o(i.SysTick_Handler)
    SystemInit                               0x08001769   Thumb Code   246  system_stm32f10x.o(i.SystemInit)
    UART4_IRQHandler                         0x08001871   Thumb Code   196  bsp_usart.o(i.UART4_IRQHandler)
    UART5_IRQHandler                         0x08001955   Thumb Code   178  bsp_usart.o(i.UART5_IRQHandler)
    USART1_Data_process                      0x08001a25   Thumb Code   214  jcode.o(i.USART1_Data_process)
    USART1_IRQHandler                        0x08001b09   Thumb Code    96  bsp_usart.o(i.USART1_IRQHandler)
    USART1_Init                              0x08001b7d   Thumb Code   210  bsp_usart.o(i.USART1_Init)
    USART1_Task                              0x08001ccd   Thumb Code    16  mytask.o(i.USART1_Task)
    USART2_IRQHandler                        0x08001ce1   Thumb Code   196  bsp_usart.o(i.USART2_IRQHandler)
    USART3_IRQHandler                        0x08001dc5   Thumb Code   196  bsp_usart.o(i.USART3_IRQHandler)
    USART_ClearITPendingBit                  0x08001ea9   Thumb Code    30  stm32f10x_usart.o(i.USART_ClearITPendingBit)
    USART_Cmd                                0x08001ec7   Thumb Code    24  stm32f10x_usart.o(i.USART_Cmd)
    USART_DeInit                             0x08001ee1   Thumb Code   134  stm32f10x_usart.o(i.USART_DeInit)
    USART_GetFlagStatus                      0x08001f7d   Thumb Code    26  stm32f10x_usart.o(i.USART_GetFlagStatus)
    USART_ITConfig                           0x08001f97   Thumb Code    74  stm32f10x_usart.o(i.USART_ITConfig)
    USART_Init                               0x08001fe1   Thumb Code   210  stm32f10x_usart.o(i.USART_Init)
    USART_ReceiveData                        0x080020b9   Thumb Code    10  stm32f10x_usart.o(i.USART_ReceiveData)
    UsageFault_Handler                       0x080020c3   Thumb Code     4  stm32f10x_it.o(i.UsageFault_Handler)
    ZDT_CAN_Init                             0x080020c7   Thumb Code    12  zdt.o(i.ZDT_CAN_Init)
    ZDT_Delay_ms                             0x080020d3   Thumb Code    18  zdt.o(i.ZDT_Delay_ms)
    ZDT_Multi_VelocityMotion                 0x080020e5   Thumb Code    44  zdt.o(i.ZDT_Multi_VelocityMotion)
    ZDT_Pos_Control                          0x08002115   Thumb Code   420  zdt.o(i.ZDT_Pos_Control)
    ZDT_SetOrigin                            0x080022e9   Thumb Code    48  zdt.o(i.ZDT_SetOrigin)
    ZDT_Stop                                 0x08002319   Thumb Code    56  zdt.o(i.ZDT_Stop)
    ZDT_Vel_Control                          0x08002351   Thumb Code   206  zdt.o(i.ZDT_Vel_Control)
    __0printf                                0x08002421   Thumb Code    22  printfa.o(i.__0printf)
    __1printf                                0x08002421   Thumb Code     0  printfa.o(i.__0printf)
    __2printf                                0x08002421   Thumb Code     0  printfa.o(i.__0printf)
    __c89printf                              0x08002421   Thumb Code     0  printfa.o(i.__0printf)
    printf                                   0x08002421   Thumb Code     0  printfa.o(i.__0printf)
    __mathlib_narrow                         0x08002441   Thumb Code    16  narrow.o(i.__mathlib_narrow)
    __mathlib_tofloat                        0x08002451   Thumb Code   184  narrow.o(i.__mathlib_tofloat)
    __scatterload_copy                       0x0800250d   Thumb Code    14  handlers.o(i.__scatterload_copy)
    __scatterload_null                       0x0800251b   Thumb Code     2  handlers.o(i.__scatterload_null)
    __scatterload_zeroinit                   0x0800251d   Thumb Code    14  handlers.o(i.__scatterload_zeroinit)
    __set_errno                              0x0800252d   Thumb Code     6  errno.o(i.__set_errno)
    _is_digit                                0x080026bd   Thumb Code    14  scanf_fp.o(i._is_digit)
    createMyTask                             0x08002dd5   Thumb Code    68  mytask.o(i.createMyTask)
    fputc                                    0x08002e69   Thumb Code    24  bsp_usart.o(i.fputc)
    frexp                                    0x08002e85   Thumb Code    80  frexp.o(i.frexp)
    limitStop                                0x08002edd   Thumb Code   170  limitswitch.o(i.limitStop)
    limitSwitch_Getstatus                    0x08002f8d   Thumb Code    14  limitswitch.o(i.limitSwitch_Getstatus)
    limitSwitch_Init                         0x08002fa1   Thumb Code    40  limitswitch.o(i.limitSwitch_Init)
    main                                     0x08002fcd   Thumb Code    14  main.o(i.main)
    myCANSendData                            0x08002fdd   Thumb Code   168  bsp_can.o(i.myCANSendData)
    projectInit                              0x08003089   Thumb Code    72  init.o(i.projectInit)
    pvPortMalloc                             0x080034dd   Thumb Code   188  heap_4.o(i.pvPortMalloc)
    pxPortInitialiseStack                    0x080035ad   Thumb Code    30  port.o(i.pxPortInitialiseStack)
    simple_Stop                              0x080035d1   Thumb Code   130  limitswitch.o(i.simple_Stop)
    strtof                                   0x08003665   Thumb Code    20  strtof.o(i.strtof)
    uxListRemove                             0x08003679   Thumb Code    40  list.o(i.uxListRemove)
    vListInitialise                          0x080036a1   Thumb Code    26  list.o(i.vListInitialise)
    vListInitialiseItem                      0x080036bb   Thumb Code     6  list.o(i.vListInitialiseItem)
    vListInsert                              0x080036c1   Thumb Code    52  list.o(i.vListInsert)
    vListInsertEnd                           0x080036f5   Thumb Code    24  list.o(i.vListInsertEnd)
    vPortEnterCritical                       0x0800370d   Thumb Code    30  port.o(i.vPortEnterCritical)
    vPortExitCritical                        0x08003731   Thumb Code    28  port.o(i.vPortExitCritical)
    vPortFree                                0x08003751   Thumb Code    64  heap_4.o(i.vPortFree)
    vPortSetupTimerInterrupt                 0x08003799   Thumb Code    14  port.o(i.vPortSetupTimerInterrupt)
    vTaskDelay                               0x080037ad   Thumb Code    46  tasks.o(i.vTaskDelay)
    vTaskStartScheduler                      0x080037e1   Thumb Code    72  tasks.o(i.vTaskStartScheduler)
    vTaskSuspendAll                          0x08003845   Thumb Code    12  tasks.o(i.vTaskSuspendAll)
    vTaskSwitchContext                       0x08003855   Thumb Code    76  tasks.o(i.vTaskSwitchContext)
    xPortStartScheduler                      0x080038b5   Thumb Code    42  port.o(i.xPortStartScheduler)
    xPortSysTickHandler                      0x080038e9   Thumb Code    46  port.o(i.xPortSysTickHandler)
    xTaskCreate                              0x0800391d   Thumb Code    96  tasks.o(i.xTaskCreate)
    xTaskGetSchedulerState                   0x0800397d   Thumb Code    24  tasks.o(i.xTaskGetSchedulerState)
    xTaskIncrementTick                       0x0800399d   Thumb Code   238  tasks.o(i.xTaskIncrementTick)
    xTaskResumeAll                           0x08003ab9   Thumb Code   196  tasks.o(i.xTaskResumeAll)
    __ctype_categories                       0x08003be8   Data          64  ctype_c.o(.constdata)
    Region$$Table$$Base                      0x08003c28   Number         0  anon$$obj.o(Region$$Table)
    Region$$Table$$Limit                     0x08003c48   Number         0  anon$$obj.o(Region$$Table)
    synchronize                              0x20000000   Data           4  zdt.o(.data)
    JcodeData                                0x20000004   Data           1  jcode.o(.data)
    Stop_TaskHandle                          0x20000008   Data           4  mytask.o(.data)
    USART1_TaskHandle                        0x2000000c   Data           4  mytask.o(.data)
    LED_TaskHandle                           0x20000010   Data           4  mytask.o(.data)
    USART1_Status                            0x20000014   Data           1  bsp_usart.o(.data)
    __stdout                                 0x20000020   Data           4  bsp_usart.o(.data)
    limitSwitchMode                          0x2000002e   Data           1  limitswitch.o(.data)
    swStatusArr                              0x2000002f   Data           5  limitswitch.o(.data)
    pxCurrentTCB                             0x20000048   Data           4  tasks.o(.data)
    Jdata                                    0x200000a4   Data          25  jcode.o(.bss)
    parameter1                               0x200000c0   Data          16  bsp_usart.o(.bss)
    xUSART                                   0x200000d0   Data        5142  bsp_usart.o(.bss)
    __initial_sp                             0x200075d0   Data           0  startup_stm32f10x_hd.o(STACK)



==============================================================================

Memory Map of the image

  Image Entry point : 0x08000131

  Load Region LR_IROM1 (Base: 0x08000000, Size: 0x00003cec, Max: 0x00080000, ABSOLUTE)

    Execution Region ER_IROM1 (Exec base: 0x08000000, Load base: 0x08000000, Size: 0x00003c48, Max: 0x00080000, ABSOLUTE)

    Exec Addr    Load Addr    Size         Type   Attr      Idx    E Section Name        Object

    0x08000000   0x08000000   0x00000130   Data   RO         1241    RESET               startup_stm32f10x_hd.o
    0x08000130   0x08000130   0x00000000   Code   RO         5012  * .ARM.Collect$$$$00000000  mc_w.l(entry.o)
    0x08000130   0x08000130   0x00000004   Code   RO         5300    .ARM.Collect$$$$00000001  mc_w.l(entry2.o)
    0x08000134   0x08000134   0x00000004   Code   RO         5303    .ARM.Collect$$$$00000004  mc_w.l(entry5.o)
    0x08000138   0x08000138   0x00000000   Code   RO         5305    .ARM.Collect$$$$00000008  mc_w.l(entry7b.o)
    0x08000138   0x08000138   0x00000000   Code   RO         5307    .ARM.Collect$$$$0000000A  mc_w.l(entry8b.o)
    0x08000138   0x08000138   0x00000008   Code   RO         5308    .ARM.Collect$$$$0000000B  mc_w.l(entry9a.o)
    0x08000140   0x08000140   0x00000004   Code   RO         5315    .ARM.Collect$$$$0000000E  mc_w.l(entry12b.o)
    0x08000144   0x08000144   0x00000000   Code   RO         5310    .ARM.Collect$$$$0000000F  mc_w.l(entry10a.o)
    0x08000144   0x08000144   0x00000000   Code   RO         5312    .ARM.Collect$$$$00000011  mc_w.l(entry11a.o)
    0x08000144   0x08000144   0x00000004   Code   RO         5301    .ARM.Collect$$$$00002712  mc_w.l(entry2.o)
    0x08000148   0x08000148   0x00000096   Code   RO         4937    .emb_text           port.o
    0x080001de   0x080001de   0x00000002   PAD
    0x080001e0   0x080001e0   0x00000024   Code   RO         1242    .text               startup_stm32f10x_hd.o
    0x08000204   0x08000204   0x00000024   Code   RO         5015    .text               mc_w.l(memcpya.o)
    0x08000228   0x08000228   0x00000024   Code   RO         5017    .text               mc_w.l(memseta.o)
    0x0800024c   0x0800024c   0x00000064   Code   RO         5286    .text               mf_w.l(fmul.o)
    0x080002b0   0x080002b0   0x0000007c   Code   RO         5288    .text               mf_w.l(fdiv.o)
    0x0800032c   0x0800032c   0x0000000a   Code   RO         5292    .text               mf_w.l(ffltui.o)
    0x08000336   0x08000336   0x00000028   Code   RO         5294    .text               mf_w.l(ffixui.o)
    0x0800035e   0x0800035e   0x00000002   PAD
    0x08000360   0x08000360   0x00000014   Code   RO         5296    .text               mf_w.l(cfcmple.o)
    0x08000374   0x08000374   0x00000014   Code   RO         5298    .text               mf_w.l(cfrcmple.o)
    0x08000388   0x08000388   0x0000002c   Code   RO         5316    .text               mc_w.l(uidiv.o)
    0x080003b4   0x080003b4   0x00000062   Code   RO         5318    .text               mc_w.l(uldiv.o)
    0x08000416   0x08000416   0x0000001a   Code   RO         5320    .text               mc_w.l(strtof.o)
    0x08000430   0x08000430   0x00000000   Code   RO         5322    .text               mc_w.l(iusefp.o)
    0x08000430   0x08000430   0x0000006e   Code   RO         5323    .text               mf_w.l(fepilogue.o)
    0x0800049e   0x0800049e   0x0000014e   Code   RO         5325    .text               mf_w.l(dadd.o)
    0x080005ec   0x080005ec   0x000000e4   Code   RO         5327    .text               mf_w.l(dmul.o)
    0x080006d0   0x080006d0   0x000000de   Code   RO         5329    .text               mf_w.l(ddiv.o)
    0x080007ae   0x080007ae   0x00000030   Code   RO         5331    .text               mf_w.l(dfixul.o)
    0x080007de   0x080007de   0x00000002   PAD
    0x080007e0   0x080007e0   0x00000030   Code   RO         5333    .text               mf_w.l(cdrcmple.o)
    0x08000810   0x08000810   0x00000024   Code   RO         5341    .text               mc_w.l(init.o)
    0x08000834   0x08000834   0x0000001e   Code   RO         5343    .text               mc_w.l(llshl.o)
    0x08000852   0x08000852   0x00000020   Code   RO         5345    .text               mc_w.l(llushr.o)
    0x08000872   0x08000872   0x00000024   Code   RO         5347    .text               mc_w.l(llsshr.o)
    0x08000896   0x08000896   0x00000002   PAD
    0x08000898   0x08000898   0x0000009c   Code   RO         5349    .text               mc_w.l(strtod.o)
    0x08000934   0x08000934   0x000000ba   Code   RO         5351    .text               mf_w.l(depilogue.o)
    0x080009ee   0x080009ee   0x0000000a   Code   RO         5357    .text               mc_w.l(isspace_c.o)
    0x080009f8   0x080009f8   0x00000360   Code   RO         5366    .text               mc_w.l(scanf_fp.o)
    0x08000d58   0x08000d58   0x00000040   Code   RO         5370    .text               mc_w.l(_sgetc.o)
    0x08000d98   0x08000d98   0x00000030   Code   RO         5372    .text               mf_w.l(cdcmple.o)
    0x08000dc8   0x08000dc8   0x00000038   Code   RO         5374    .text               mf_w.l(d2f.o)
    0x08000e00   0x08000e00   0x00000004   Code   RO         5376    .text               mf_w.l(fpstat.o)
    0x08000e04   0x08000e04   0x00000028   Code   RO         5378    .text               mc_w.l(ctype_c.o)
    0x08000e2c   0x08000e2c   0x0000002e   Code   RO         5381    .text               mf_w.l(dscalb.o)
    0x08000e5a   0x08000e5a   0x00000018   Code   RO         5383    .text               mf_w.l(dfltul.o)
    0x08000e72   0x08000e72   0x00000002   PAD
    0x08000e74   0x08000e74   0x00000098   Code   RO          391    i.All_Go_Origin     origin.o
    0x08000f0c   0x08000f0c   0x00000004   Code   RO          122    i.BusFault_Handler  stm32f10x_it.o
    0x08000f10   0x08000f10   0x000000d4   Code   RO          740    i.CAN1_Config       bsp_can.o
    0x08000fe4   0x08000fe4   0x00000108   Code   RO         1645    i.CAN_FilterInit    stm32f10x_can.o
    0x080010ec   0x080010ec   0x00000114   Code   RO         1652    i.CAN_Init          stm32f10x_can.o
    0x08001200   0x08001200   0x00000126   Code   RO         1660    i.CAN_Transmit      stm32f10x_can.o
    0x08001326   0x08001326   0x00000002   Code   RO          123    i.DebugMon_Handler  stm32f10x_it.o
    0x08001328   0x08001328   0x00000002   Code   RO          707    i.EXTI0_IRQHandler  bsp_key.o
    0x0800132a   0x0800132a   0x00000002   Code   RO          708    i.EXTI1_IRQHandler  bsp_key.o
    0x0800132c   0x0800132c   0x00000002   Code   RO          709    i.EXTI4_IRQHandler  bsp_key.o
    0x0800132e   0x0800132e   0x00000116   Code   RO         2472    i.GPIO_Init         stm32f10x_gpio.o
    0x08001444   0x08001444   0x00000012   Code   RO         2476    i.GPIO_ReadInputDataBit  stm32f10x_gpio.o
    0x08001456   0x08001456   0x00000004   Code   RO         2479    i.GPIO_ResetBits    stm32f10x_gpio.o
    0x0800145a   0x0800145a   0x00000004   Code   RO         2480    i.GPIO_SetBits      stm32f10x_gpio.o
    0x0800145e   0x0800145e   0x00000002   PAD
    0x08001460   0x08001460   0x00000064   Code   RO          392    i.Go_Origin         origin.o
    0x080014c4   0x080014c4   0x00000004   Code   RO          124    i.HardFault_Handler  stm32f10x_it.o
    0x080014c8   0x080014c8   0x00000010   Code   RO          479    i.LED_OFF           bsp_led.o
    0x080014d8   0x080014d8   0x00000010   Code   RO          480    i.LED_ON            bsp_led.o
    0x080014e8   0x080014e8   0x0000001c   Code   RO          429    i.LED_Task          mytask.o
    0x08001504   0x08001504   0x0000006c   Code   RO          481    i.Led_Init          bsp_led.o
    0x08001570   0x08001570   0x00000004   Code   RO          125    i.MemManage_Handler  stm32f10x_it.o
    0x08001574   0x08001574   0x00000002   Code   RO          126    i.NMI_Handler       stm32f10x_it.o
    0x08001576   0x08001576   0x00000002   PAD
    0x08001578   0x08001578   0x00000070   Code   RO         1297    i.NVIC_Init         misc.o
    0x080015e8   0x080015e8   0x00000014   Code   RO         1298    i.NVIC_PriorityGroupConfig  misc.o
    0x080015fc   0x080015fc   0x00000020   Code   RO         2897    i.RCC_APB1PeriphClockCmd  stm32f10x_rcc.o
    0x0800161c   0x0800161c   0x00000020   Code   RO         2898    i.RCC_APB1PeriphResetCmd  stm32f10x_rcc.o
    0x0800163c   0x0800163c   0x00000020   Code   RO         2899    i.RCC_APB2PeriphClockCmd  stm32f10x_rcc.o
    0x0800165c   0x0800165c   0x00000020   Code   RO         2900    i.RCC_APB2PeriphResetCmd  stm32f10x_rcc.o
    0x0800167c   0x0800167c   0x000000d4   Code   RO         2907    i.RCC_GetClocksFreq  stm32f10x_rcc.o
    0x08001750   0x08001750   0x00000008   Code   RO          430    i.Stop_Task         mytask.o
    0x08001758   0x08001758   0x00000010   Code   RO          127    i.SysTick_Handler   stm32f10x_it.o
    0x08001768   0x08001768   0x00000108   Code   RO         1258    i.SystemInit        system_stm32f10x.o
    0x08001870   0x08001870   0x000000e4   Code   RO          507    i.UART4_IRQHandler  bsp_usart.o
    0x08001954   0x08001954   0x000000d0   Code   RO          512    i.UART5_IRQHandler  bsp_usart.o
    0x08001a24   0x08001a24   0x000000e4   Code   RO          355    i.USART1_Data_process  jcode.o
    0x08001b08   0x08001b08   0x00000074   Code   RO          517    i.USART1_IRQHandler  bsp_usart.o
    0x08001b7c   0x08001b7c   0x00000150   Code   RO          518    i.USART1_Init       bsp_usart.o
    0x08001ccc   0x08001ccc   0x00000014   Code   RO          431    i.USART1_Task       mytask.o
    0x08001ce0   0x08001ce0   0x000000e4   Code   RO          523    i.USART2_IRQHandler  bsp_usart.o
    0x08001dc4   0x08001dc4   0x000000e4   Code   RO          528    i.USART3_IRQHandler  bsp_usart.o
    0x08001ea8   0x08001ea8   0x0000001e   Code   RO         4076    i.USART_ClearITPendingBit  stm32f10x_usart.o
    0x08001ec6   0x08001ec6   0x00000018   Code   RO         4079    i.USART_Cmd         stm32f10x_usart.o
    0x08001ede   0x08001ede   0x00000002   PAD
    0x08001ee0   0x08001ee0   0x0000009c   Code   RO         4081    i.USART_DeInit      stm32f10x_usart.o
    0x08001f7c   0x08001f7c   0x0000001a   Code   RO         4082    i.USART_GetFlagStatus  stm32f10x_usart.o
    0x08001f96   0x08001f96   0x0000004a   Code   RO         4085    i.USART_ITConfig    stm32f10x_usart.o
    0x08001fe0   0x08001fe0   0x000000d8   Code   RO         4086    i.USART_Init        stm32f10x_usart.o
    0x080020b8   0x080020b8   0x0000000a   Code   RO         4093    i.USART_ReceiveData  stm32f10x_usart.o
    0x080020c2   0x080020c2   0x00000004   Code   RO          128    i.UsageFault_Handler  stm32f10x_it.o
    0x080020c6   0x080020c6   0x0000000c   Code   RO          243    i.ZDT_CAN_Init      zdt.o
    0x080020d2   0x080020d2   0x00000012   Code   RO          244    i.ZDT_Delay_ms      zdt.o
    0x080020e4   0x080020e4   0x00000030   Code   RO          247    i.ZDT_Multi_VelocityMotion  zdt.o
    0x08002114   0x08002114   0x000001d4   Code   RO          248    i.ZDT_Pos_Control   zdt.o
    0x080022e8   0x080022e8   0x00000030   Code   RO          250    i.ZDT_SetOrigin     zdt.o
    0x08002318   0x08002318   0x00000038   Code   RO          251    i.ZDT_Stop          zdt.o
    0x08002350   0x08002350   0x000000ce   Code   RO          252    i.ZDT_Vel_Control   zdt.o
    0x0800241e   0x0800241e   0x00000002   PAD
    0x08002420   0x08002420   0x00000020   Code   RO         5256    i.__0printf         mc_w.l(printfa.o)
    0x08002440   0x08002440   0x00000010   Code   RO         5335    i.__mathlib_narrow  m_ws.l(narrow.o)
    0x08002450   0x08002450   0x000000bc   Code   RO         5336    i.__mathlib_tofloat  m_ws.l(narrow.o)
    0x0800250c   0x0800250c   0x0000000e   Code   RO         5387    i.__scatterload_copy  mc_w.l(handlers.o)
    0x0800251a   0x0800251a   0x00000002   Code   RO         5388    i.__scatterload_null  mc_w.l(handlers.o)
    0x0800251c   0x0800251c   0x0000000e   Code   RO         5389    i.__scatterload_zeroinit  mc_w.l(handlers.o)
    0x0800252a   0x0800252a   0x00000002   PAD
    0x0800252c   0x0800252c   0x0000000c   Code   RO         5361    i.__set_errno       mc_w.l(errno.o)
    0x08002538   0x08002538   0x00000184   Code   RO         5263    i._fp_digits        mc_w.l(printfa.o)
    0x080026bc   0x080026bc   0x0000000e   Code   RO         5368    i._is_digit         mc_w.l(scanf_fp.o)
    0x080026ca   0x080026ca   0x00000002   PAD
    0x080026cc   0x080026cc   0x000006b4   Code   RO         5264    i._printf_core      mc_w.l(printfa.o)
    0x08002d80   0x08002d80   0x00000024   Code   RO         5265    i._printf_post_padding  mc_w.l(printfa.o)
    0x08002da4   0x08002da4   0x0000002e   Code   RO         5266    i._printf_pre_padding  mc_w.l(printfa.o)
    0x08002dd2   0x08002dd2   0x00000002   PAD
    0x08002dd4   0x08002dd4   0x00000080   Code   RO          432    i.createMyTask      mytask.o
    0x08002e54   0x08002e54   0x00000012   Code   RO          253    i.delay_ms          zdt.o
    0x08002e66   0x08002e66   0x00000002   PAD
    0x08002e68   0x08002e68   0x0000001c   Code   RO          533    i.fputc             bsp_usart.o
    0x08002e84   0x08002e84   0x00000058   Code   RO         5354    i.frexp             m_ws.l(frexp.o)
    0x08002edc   0x08002edc   0x000000b0   Code   RO          816    i.limitStop         limitswitch.o
    0x08002f8c   0x08002f8c   0x00000014   Code   RO          817    i.limitSwitch_Getstatus  limitswitch.o
    0x08002fa0   0x08002fa0   0x0000002c   Code   RO          818    i.limitSwitch_Init  limitswitch.o
    0x08002fcc   0x08002fcc   0x0000000e   Code   RO            1    i.main              main.o
    0x08002fda   0x08002fda   0x00000002   PAD
    0x08002fdc   0x08002fdc   0x000000ac   Code   RO          743    i.myCANSendData     bsp_can.o
    0x08003088   0x08003088   0x00000050   Code   RO          414    i.projectInit       init.o
    0x080030d8   0x080030d8   0x00000098   Code   RO         4598    i.prvAddCurrentTaskToDelayedList  tasks.o
    0x08003170   0x08003170   0x000000b4   Code   RO         4599    i.prvAddNewTaskToReadyList  tasks.o
    0x08003224   0x08003224   0x00000064   Code   RO         4600    i.prvCheckTasksWaitingTermination  tasks.o
    0x08003288   0x08003288   0x00000012   Code   RO         4601    i.prvDeleteTCB      tasks.o
    0x0800329a   0x0800329a   0x00000002   PAD
    0x0800329c   0x0800329c   0x0000007c   Code   RO         4888    i.prvHeapInit       heap_4.o
    0x08003318   0x08003318   0x00000028   Code   RO         4602    i.prvIdleTask       tasks.o
    0x08003340   0x08003340   0x00000080   Code   RO         4603    i.prvInitialiseNewTask  tasks.o
    0x080033c0   0x080033c0   0x00000068   Code   RO         4604    i.prvInitialiseTaskLists  tasks.o
    0x08003428   0x08003428   0x00000068   Code   RO         4889    i.prvInsertBlockIntoFreeList  heap_4.o
    0x08003490   0x08003490   0x00000034   Code   RO         4605    i.prvResetNextTaskUnblockTime  tasks.o
    0x080034c4   0x080034c4   0x00000016   Code   RO         4938    i.prvTaskExitError  port.o
    0x080034da   0x080034da   0x00000002   PAD
    0x080034dc   0x080034dc   0x000000d0   Code   RO         4890    i.pvPortMalloc      heap_4.o
    0x080035ac   0x080035ac   0x00000024   Code   RO         4939    i.pxPortInitialiseStack  port.o
    0x080035d0   0x080035d0   0x00000094   Code   RO          819    i.simple_Stop       limitswitch.o
    0x08003664   0x08003664   0x00000014   Code   RO         5009    i.strtof            m_ws.l(strtof.o)
    0x08003678   0x08003678   0x00000028   Code   RO         4416    i.uxListRemove      list.o
    0x080036a0   0x080036a0   0x0000001a   Code   RO         4417    i.vListInitialise   list.o
    0x080036ba   0x080036ba   0x00000006   Code   RO         4418    i.vListInitialiseItem  list.o
    0x080036c0   0x080036c0   0x00000034   Code   RO         4419    i.vListInsert       list.o
    0x080036f4   0x080036f4   0x00000018   Code   RO         4420    i.vListInsertEnd    list.o
    0x0800370c   0x0800370c   0x00000024   Code   RO         4941    i.vPortEnterCritical  port.o
    0x08003730   0x08003730   0x00000020   Code   RO         4942    i.vPortExitCritical  port.o
    0x08003750   0x08003750   0x00000048   Code   RO         4891    i.vPortFree         heap_4.o
    0x08003798   0x08003798   0x00000014   Code   RO         4943    i.vPortSetupTimerInterrupt  port.o
    0x080037ac   0x080037ac   0x00000034   Code   RO         4612    i.vTaskDelay        tasks.o
    0x080037e0   0x080037e0   0x00000064   Code   RO         4623    i.vTaskStartScheduler  tasks.o
    0x08003844   0x08003844   0x00000010   Code   RO         4625    i.vTaskSuspendAll   tasks.o
    0x08003854   0x08003854   0x00000060   Code   RO         4626    i.vTaskSwitchContext  tasks.o
    0x080038b4   0x080038b4   0x00000034   Code   RO         4944    i.xPortStartScheduler  port.o
    0x080038e8   0x080038e8   0x00000034   Code   RO         4945    i.xPortSysTickHandler  port.o
    0x0800391c   0x0800391c   0x00000060   Code   RO         4628    i.xTaskCreate       tasks.o
    0x0800397c   0x0800397c   0x00000020   Code   RO         4631    i.xTaskGetSchedulerState  tasks.o
    0x0800399c   0x0800399c   0x0000011c   Code   RO         4634    i.xTaskIncrementTick  tasks.o
    0x08003ab8   0x08003ab8   0x000000e8   Code   RO         4639    i.xTaskResumeAll    tasks.o
    0x08003ba0   0x08003ba0   0x00000048   Data   RO          393    .constdata          origin.o
    0x08003be8   0x08003be8   0x00000040   Data   RO         5379    .constdata          mc_w.l(ctype_c.o)
    0x08003c28   0x08003c28   0x00000020   Data   RO         5385    Region$$Table       anon$$obj.o


    Execution Region RW_IRAM1 (Exec base: 0x20000000, Load base: 0x08003c48, Size: 0x000075d0, Max: 0x00010000, ABSOLUTE)

    Exec Addr    Load Addr    Size         Type   Attr      Idx    E Section Name        Object

    0x20000000   0x08003c48   0x00000004   Data   RW          255    .data               zdt.o
    0x20000004   0x08003c4c   0x00000001   Data   RW          357    .data               jcode.o
    0x20000005   0x08003c4d   0x00000003   PAD
    0x20000008   0x08003c50   0x0000000c   Data   RW          433    .data               mytask.o
    0x20000014   0x08003c5c   0x0000001a   Data   RW          535    .data               bsp_usart.o
    0x2000002e   0x08003c76   0x00000006   Data   RW          820    .data               limitswitch.o
    0x20000034   0x08003c7c   0x00000014   Data   RW         2927    .data               stm32f10x_rcc.o
    0x20000048   0x08003c90   0x0000003c   Data   RW         4642    .data               tasks.o
    0x20000084   0x08003ccc   0x00000018   Data   RW         4896    .data               heap_4.o
    0x2000009c   0x08003ce4   0x00000004   Data   RW         4946    .data               port.o
    0x200000a0   0x08003ce8   0x00000004   Data   RW         5362    .data               mc_w.l(errno.o)
    0x200000a4        -       0x00000019   Zero   RW          356    .bss                jcode.o
    0x200000bd   0x08003cec   0x00000003   PAD
    0x200000c0        -       0x00002a26   Zero   RW          534    .bss                bsp_usart.o
    0x20002ae6   0x08003cec   0x00000002   PAD
    0x20002ae8        -       0x000002e4   Zero   RW         4641    .bss                tasks.o
    0x20002dcc        -       0x00004400   Zero   RW         4895    .bss                heap_4.o
    0x200071cc   0x08003cec   0x00000004   PAD
    0x200071d0        -       0x00000400   Zero   RW         1239    STACK               startup_stm32f10x_hd.o


==============================================================================

Image component sizes


      Code (inc. data)   RO Data    RW Data    ZI Data      Debug   Object Name

       384         12          0          0          0       1766   bsp_can.o
         6          0          0          0          0       1137   bsp_key.o
       140         64          0          0          0       1218   bsp_led.o
      1372        276          0         26      10790       9406   bsp_usart.o
       508         62          0         24      17408       3387   heap_4.o
        80          8          0          0          0        414   init.o
       228         14          0          1         25       2711   jcode.o
       388         34          0          6          0       2763   limitswitch.o
       148          0          0          0          0       2798   list.o
        14          0          0          0          0      12163   main.o
       132         22          0          0          0       1383   misc.o
       184         64          0         12          0       1831   mytask.o
       252         24         72          0          0       2024   origin.o
       400         50          0          4          0       8424   port.o
        36          8        304          0       1024        816   startup_stm32f10x_hd.o
       834          6          0          0          0       2931   stm32f10x_can.o
       304          0          0          0          0       3420   stm32f10x_gpio.o
        36          0          0          0          0     245775   stm32f10x_it.o
       340         44          0         20          0       5236   stm32f10x_rcc.o
       536         28          0          0          0       5737   stm32f10x_usart.o
       264         18          0          0          0     203977   system_stm32f10x.o
      1682        272          0         60        740      20842   tasks.o
       874         68          0          4          0       5784   zdt.o

    ----------------------------------------------------------------------
      9160       1074        408        160      29996     545943   Object Totals
         0          0         32          0          0          0   (incl. Generated)
        18          0          0          3          9          0   (incl. Padding)

    ----------------------------------------------------------------------

      Code (inc. data)   RO Data    RW Data    ZI Data      Debug   Library Member Name

        88          8          0          0          0         76   frexp.o
       204          4          0          0          0        168   narrow.o
        20          0          0          0          0         76   strtof.o
        64          0          0          0          0         84   _sgetc.o
        40          6         64          0          0         68   ctype_c.o
         0          0          0          0          0          0   entry.o
         0          0          0          0          0          0   entry10a.o
         0          0          0          0          0          0   entry11a.o
         4          0          0          0          0          0   entry12b.o
         8          4          0          0          0          0   entry2.o
         4          0          0          0          0          0   entry5.o
         0          0          0          0          0          0   entry7b.o
         0          0          0          0          0          0   entry8b.o
         8          4          0          0          0          0   entry9a.o
        12          6          0          4          0         68   errno.o
        30          0          0          0          0          0   handlers.o
        36          8          0          0          0         68   init.o
        10          0          0          0          0         68   isspace_c.o
         0          0          0          0          0          0   iusefp.o
        30          0          0          0          0         68   llshl.o
        36          0          0          0          0         68   llsshr.o
        32          0          0          0          0         68   llushr.o
        36          0          0          0          0         68   memcpya.o
        36          0          0          0          0        108   memseta.o
      2218         90          0          0          0        464   printfa.o
       878         12          0          0          0        216   scanf_fp.o
       156         12          0          0          0        120   strtod.o
        26          0          0          0          0         80   strtof.o
        44          0          0          0          0         80   uidiv.o
        98          0          0          0          0         92   uldiv.o
        48          0          0          0          0         68   cdcmple.o
        48          0          0          0          0         68   cdrcmple.o
        20          0          0          0          0         68   cfcmple.o
        20          0          0          0          0         68   cfrcmple.o
        56          0          0          0          0         88   d2f.o
       334          0          0          0          0        148   dadd.o
       222          0          0          0          0        100   ddiv.o
       186          0          0          0          0        176   depilogue.o
        48          0          0          0          0         68   dfixul.o
        24          0          0          0          0         76   dfltul.o
       228          0          0          0          0         96   dmul.o
        46          0          0          0          0         80   dscalb.o
       124          0          0          0          0         88   fdiv.o
       110          0          0          0          0        168   fepilogue.o
        40          0          0          0          0         68   ffixui.o
        10          0          0          0          0         68   ffltui.o
       100          0          0          0          0         76   fmul.o
         4          0          0          0          0         68   fpstat.o

    ----------------------------------------------------------------------
      5800        154         64          4          0       3748   Library Totals
        14          0          0          0          0          0   (incl. Padding)

    ----------------------------------------------------------------------

      Code (inc. data)   RO Data    RW Data    ZI Data      Debug   Library Name

       312         12          0          0          0        320   m_ws.l
      3806        142         64          4          0       1788   mc_w.l
      1668          0          0          0          0       1640   mf_w.l

    ----------------------------------------------------------------------
      5800        154         64          4          0       3748   Library Totals

    ----------------------------------------------------------------------

==============================================================================


      Code (inc. data)   RO Data    RW Data    ZI Data      Debug   

     14960       1228        472        164      29996     542823   Grand Totals
     14960       1228        472        164      29996     542823   ELF Image Totals
     14960       1228        472        164          0          0   ROM Totals

==============================================================================

    Total RO  Size (Code + RO Data)                15432 (  15.07kB)
    Total RW  Size (RW Data + ZI Data)             30160 (  29.45kB)
    Total ROM Size (Code + RO Data + RW Data)      15596 (  15.23kB)

==============================================================================

