Component: ARM Compiler 5.06 update 7 (build 960) Tool: armlink [4d3601]

==============================================================================

Section Cross References

    main.o(i.main) refers to misc.o(i.NVIC_PriorityGroupConfig) for NVIC_PriorityGroupConfig
    main.o(i.main) refers to stm32f10x_rcc.o(i.RCC_APB2PeriphClockCmd) for RCC_APB2PeriphClockCmd
    main.o(i.main) refers to bsp_usart.o(i.USART1_Init) for USART1_Init
    main.o(i.main) refers to bsp_led.o(i.Led_Init) for Led_Init
    main.o(i.main) refers to limitswitch.o(i.limitSwitch_Init) for limitSwitch_Init
    main.o(i.main) refers to zdt.o(i.ZDT_CAN_Init) for ZDT_CAN_Init
    main.o(i.main) refers to main.o(i.delay_ms) for delay_ms
    main.o(i.main) refers to origin.o(i.Go_Origin) for Go_Origin
    main.o(i.main) refers to bsp_can.o(i.myCANReceiveFlag) for myCANReceiveFlag
    main.o(i.main) refers to bsp_can.o(i.myCANReceiveData) for myCANReceiveData
    main.o(i.main) refers to main.o(.data) for time
    zdt.o(i.ZDT_CAN_Init) refers to bsp_can.o(i.CAN1_Config) for CAN1_Config
    zdt.o(i.ZDT_GoOrigin) refers to bsp_can.o(i.myCANSendData) for myCANSendData
    zdt.o(i.ZDT_Multi_PositonMotion) refers to zdt.o(i.ZDT_Pos_Control) for ZDT_Pos_Control
    zdt.o(i.ZDT_Multi_PositonMotion) refers to zdt.o(i.delay_ms) for delay_ms
    zdt.o(i.ZDT_Multi_PositonMotion) refers to bsp_can.o(i.myCANSendData) for myCANSendData
    zdt.o(i.ZDT_Multi_PositonMotion) refers to zdt.o(.data) for synchronize
    zdt.o(i.ZDT_Multi_VelocityMotion) refers to zdt.o(i.ZDT_Vel_Control) for ZDT_Vel_Control
    zdt.o(i.ZDT_Multi_VelocityMotion) refers to zdt.o(i.delay_ms) for delay_ms
    zdt.o(i.ZDT_Multi_VelocityMotion) refers to bsp_can.o(i.myCANSendData) for myCANSendData
    zdt.o(i.ZDT_Multi_VelocityMotion) refers to zdt.o(.data) for synchronize
    zdt.o(i.ZDT_Pos_Control) refers to cfcmple.o(.text) for __aeabi_cfcmple
    zdt.o(i.ZDT_Pos_Control) refers to ffltui.o(.text) for __aeabi_ui2f
    zdt.o(i.ZDT_Pos_Control) refers to fdiv.o(.text) for __aeabi_fdiv
    zdt.o(i.ZDT_Pos_Control) refers to fmul.o(.text) for __aeabi_fmul
    zdt.o(i.ZDT_Pos_Control) refers to ffixui.o(.text) for __aeabi_f2uiz
    zdt.o(i.ZDT_Pos_Control) refers to bsp_can.o(i.myCANSendData) for myCANSendData
    zdt.o(i.ZDT_Read_CurrentPosition) refers to bsp_can.o(i.myCANSendData) for myCANSendData
    zdt.o(i.ZDT_SetOrigin) refers to bsp_can.o(i.myCANSendData) for myCANSendData
    zdt.o(i.ZDT_Stop) refers to bsp_can.o(i.myCANSendData) for myCANSendData
    zdt.o(i.ZDT_Vel_Control) refers to bsp_can.o(i.myCANSendData) for myCANSendData
    zdt.o(i.encoder_Init) refers to bsp_can.o(i.myCANSendData) for myCANSendData
    pid.o(i.PID_Calc) refers to fadd.o(.text) for __aeabi_fsub
    pid.o(i.PID_Calc) refers to fmul.o(.text) for __aeabi_fmul
    pid.o(i.PID_Calc) refers to cfrcmple.o(.text) for __aeabi_cfrcmple
    jcode.o(i.Get_J_Angle) refers to strtof.o(i.strtof) for strtof
    jcode.o(i.Get_J_Angle) refers to jcode.o(.bss) for Jdata
    jcode.o(i.Jcode_get) refers to jcode.o(.data) for Jstate
    origin.o(i.All_Go_Origin) refers to memcpya.o(.text) for __aeabi_memcpy4
    origin.o(i.All_Go_Origin) refers to zdt.o(i.ZDT_Multi_VelocityMotion) for ZDT_Multi_VelocityMotion
    origin.o(i.All_Go_Origin) refers to limitswitch.o(i.limitStop) for limitStop
    origin.o(i.All_Go_Origin) refers to zdt.o(i.ZDT_SetOrigin) for ZDT_SetOrigin
    origin.o(i.All_Go_Origin) refers to origin.o(.constdata) for .constdata
    origin.o(i.Go_Origin) refers to zdt.o(i.ZDT_Multi_VelocityMotion) for ZDT_Multi_VelocityMotion
    origin.o(i.Go_Origin) refers to limitswitch.o(i.limitStop) for limitStop
    origin.o(i.Go_Origin) refers to zdt.o(i.ZDT_SetOrigin) for ZDT_SetOrigin
    origin.o(i.Go_Origin) refers to origin.o(.constdata) for .constdata
    bsp_led.o(i.Led_Init) refers to stm32f10x_rcc.o(i.RCC_APB2PeriphClockCmd) for RCC_APB2PeriphClockCmd
    bsp_led.o(i.Led_Init) refers to stm32f10x_gpio.o(i.GPIO_Init) for GPIO_Init
    bsp_led.o(i.Led_Init) refers to printfa.o(i.__0printf) for __2printf
    bsp_usart.o(i.UART4_GetBuffer) refers to memcpya.o(.text) for __aeabi_memcpy
    bsp_usart.o(i.UART4_GetBuffer) refers to memseta.o(.text) for __aeabi_memclr
    bsp_usart.o(i.UART4_GetBuffer) refers to bsp_usart.o(.bss) for xUSART
    bsp_usart.o(i.UART4_IRQHandler) refers to memcpya.o(.text) for __aeabi_memcpy
    bsp_usart.o(i.UART4_IRQHandler) refers to memseta.o(.text) for __aeabi_memclr
    bsp_usart.o(i.UART4_IRQHandler) refers to bsp_usart.o(.data) for cnt
    bsp_usart.o(i.UART4_IRQHandler) refers to bsp_usart.o(.bss) for RxTemp
    bsp_usart.o(i.UART4_Init) refers to stm32f10x_gpio.o(i.GPIO_Init) for GPIO_Init
    bsp_usart.o(i.UART4_Init) refers to stm32f10x_usart.o(i.USART_DeInit) for USART_DeInit
    bsp_usart.o(i.UART4_Init) refers to stm32f10x_usart.o(i.USART_Init) for USART_Init
    bsp_usart.o(i.UART4_Init) refers to stm32f10x_usart.o(i.USART_ITConfig) for USART_ITConfig
[...]
    Removing stm32f10x_gpio.o(i.GPIO_EventOutputConfig), (32 bytes).
    Removing stm32f10x_gpio.o(i.GPIO_PinLockConfig), (18 bytes).
    Removing stm32f10x_gpio.o(i.GPIO_PinRemapConfig), (144 bytes).
    Removing stm32f10x_gpio.o(i.GPIO_ReadInputData), (8 bytes).
    Removing stm32f10x_gpio.o(i.GPIO_ReadOutputData), (8 bytes).
    Removing stm32f10x_gpio.o(i.GPIO_ReadOutputDataBit), (18 bytes).
    Removing stm32f10x_gpio.o(i.GPIO_ResetBits), (4 bytes).
    Removing stm32f10x_gpio.o(i.GPIO_SetBits), (4 bytes).
    Removing stm32f10x_gpio.o(i.GPIO_StructInit), (16 bytes).
    Removing stm32f10x_gpio.o(i.GPIO_Write), (4 bytes).
    Removing stm32f10x_gpio.o(i.GPIO_WriteBit), (10 bytes).
    Removing stm32f10x_i2c.o(i.I2C_ARPCmd), (24 bytes).
    Removing stm32f10x_i2c.o(i.I2C_AcknowledgeConfig), (24 bytes).
    Removing stm32f10x_i2c.o(i.I2C_CalculatePEC), (24 bytes).
    Removing stm32f10x_i2c.o(i.I2C_CheckEvent), (42 bytes).
    Removing stm32f10x_i2c.o(i.I2C_ClearFlag), (12 bytes).
    Removing stm32f10x_i2c.o(i.I2C_ClearITPendingBit), (12 bytes).
    Removing stm32f10x_i2c.o(i.I2C_Cmd), (24 bytes).
    Removing stm32f10x_i2c.o(i.I2C_DMACmd), (24 bytes).
    Removing stm32f10x_i2c.o(i.I2C_DMALastTransferCmd), (24 bytes).
    Removing stm32f10x_i2c.o(i.I2C_DeInit), (56 bytes).
    Removing stm32f10x_i2c.o(i.I2C_DualAddressCmd), (24 bytes).
    Removing stm32f10x_i2c.o(i.I2C_FastModeDutyCycleConfig), (28 bytes).
    Removing stm32f10x_i2c.o(i.I2C_GeneralCallCmd), (24 bytes).
    Removing stm32f10x_i2c.o(i.I2C_GenerateSTART), (24 bytes).
    Removing stm32f10x_i2c.o(i.I2C_GenerateSTOP), (24 bytes).
    Removing stm32f10x_i2c.o(i.I2C_GetFlagStatus), (58 bytes).
    Removing stm32f10x_i2c.o(i.I2C_GetITStatus), (38 bytes).
    Removing stm32f10x_i2c.o(i.I2C_GetLastEvent), (26 bytes).
    Removing stm32f10x_i2c.o(i.I2C_GetPEC), (8 bytes).
    Removing stm32f10x_i2c.o(i.I2C_ITConfig), (18 bytes).
    Removing stm32f10x_i2c.o(i.I2C_Init), (236 bytes).
    Removing stm32f10x_i2c.o(i.I2C_NACKPositionConfig), (28 bytes).
    Removing stm32f10x_i2c.o(i.I2C_OwnAddress2Config), (22 bytes).
    Removing stm32f10x_i2c.o(i.I2C_PECPositionConfig), (28 bytes).
    Removing stm32f10x_i2c.o(i.I2C_ReadRegister), (22 bytes).
    Removing stm32f10x_i2c.o(i.I2C_ReceiveData), (8 bytes).
    Removing stm32f10x_i2c.o(i.I2C_SMBusAlertConfig), (28 bytes).
    Removing stm32f10x_i2c.o(i.I2C_Send7bitAddress), (18 bytes).
    Removing stm32f10x_i2c.o(i.I2C_SendData), (4 bytes).
    Removing stm32f10x_i2c.o(i.I2C_SoftwareResetCmd), (22 bytes).
    Removing stm32f10x_i2c.o(i.I2C_StretchClockCmd), (24 bytes).
    Removing stm32f10x_i2c.o(i.I2C_StructInit), (30 bytes).
    Removing stm32f10x_i2c.o(i.I2C_TransmitPEC), (24 bytes).
    Removing stm32f10x_iwdg.o(i.IWDG_Enable), (16 bytes).
    Removing stm32f10x_iwdg.o(i.IWDG_GetFlagStatus), (24 bytes).
    Removing stm32f10x_iwdg.o(i.IWDG_ReloadCounter), (16 bytes).
    Removing stm32f10x_iwdg.o(i.IWDG_SetPrescaler), (12 bytes).
    Removing stm32f10x_iwdg.o(i.IWDG_SetReload), (12 bytes).
    Removing stm32f10x_iwdg.o(i.IWDG_WriteAccessCmd), (12 bytes).
    Removing stm32f10x_pwr.o(i.PWR_BackupAccessCmd), (12 bytes).
    Removing stm32f10x_pwr.o(i.PWR_ClearFlag), (20 bytes).
    Removing stm32f10x_pwr.o(i.PWR_DeInit), (22 bytes).
    Removing stm32f10x_pwr.o(i.PWR_EnterSTANDBYMode), (52 bytes).
    Removing stm32f10x_pwr.o(i.PWR_EnterSTOPMode), (64 bytes).
    Removing stm32f10x_pwr.o(i.PWR_GetFlagStatus), (24 bytes).
    Removing stm32f10x_pwr.o(i.PWR_PVDCmd), (12 bytes).
    Removing stm32f10x_pwr.o(i.PWR_PVDLevelConfig), (24 bytes).
    Removing stm32f10x_pwr.o(i.PWR_WakeUpPinCmd), (12 bytes).
    Removing stm32f10x_rcc.o(i.RCC_ADCCLKConfig), (24 bytes).
    Removing stm32f10x_rcc.o(i.RCC_AHBPeriphClockCmd), (32 bytes).
    Removing stm32f10x_rcc.o(i.RCC_AdjustHSICalibrationValue), (24 bytes).
    Removing stm32f10x_rcc.o(i.RCC_BackupResetCmd), (12 bytes).
    Removing stm32f10x_rcc.o(i.RCC_ClearFlag), (20 bytes).
    Removing stm32f10x_rcc.o(i.RCC_ClearITPendingBit), (12 bytes).
    Removing stm32f10x_rcc.o(i.RCC_ClockSecuritySystemCmd), (12 bytes).
    Removing stm32f10x_rcc.o(i.RCC_DeInit), (76 bytes).
    Removing stm32f10x_rcc.o(i.RCC_GetFlagStatus), (60 bytes).
    Removing stm32f10x_rcc.o(i.RCC_GetITStatus), (24 bytes).
    Removing stm32f10x_rcc.o(i.RCC_GetSYSCLKSource), (16 bytes).
    Removing stm32f10x_rcc.o(i.RCC_HCLKConfig), (24 bytes).
    Removing stm32f10x_rcc.o(i.RCC_HSEConfig), (76 bytes).
    Removing stm32f10x_rcc.o(i.RCC_HSICmd), (12 bytes).
    Removing stm32f10x_rcc.o(i.RCC_ITConfig), (32 bytes).
    Removing stm32f10x_rcc.o(i.RCC_LSEConfig), (52 bytes).
    Removing stm32f10x_rcc.o(i.RCC_LSICmd), (12 bytes).
    Removing stm32f10x_rcc.o(i.RCC_MCOConfig), (12 bytes).
    Removing stm32f10x_rcc.o(i.RCC_PCLK1Config), (24 bytes).
    Removing stm32f10x_rcc.o(i.RCC_PCLK2Config), (24 bytes).
    Removing stm32f10x_rcc.o(i.RCC_PLLCmd), (12 bytes).
    Removing stm32f10x_rcc.o(i.RCC_PLLConfig), (28 bytes).
    Removing stm32f10x_rcc.o(i.RCC_RTCCLKCmd), (12 bytes).
    Removing stm32f10x_rcc.o(i.RCC_RTCCLKConfig), (16 bytes).
    Removing stm32f10x_rcc.o(i.RCC_SYSCLKConfig), (24 bytes).
    Removing stm32f10x_rcc.o(i.RCC_USBCLKConfig), (12 bytes).
    Removing stm32f10x_rcc.o(i.RCC_WaitForHSEStartUp), (56 bytes).
    Removing stm32f10x_rtc.o(i.RTC_ClearFlag), (16 bytes).
    Removing stm32f10x_rtc.o(i.RTC_ClearITPendingBit), (16 bytes).
    Removing stm32f10x_rtc.o(i.RTC_EnterConfigMode), (20 bytes).
    Removing stm32f10x_rtc.o(i.RTC_ExitConfigMode), (20 bytes).
    Removing stm32f10x_rtc.o(i.RTC_GetCounter), (20 bytes).
    Removing stm32f10x_rtc.o(i.RTC_GetDivider), (24 bytes).
    Removing stm32f10x_rtc.o(i.RTC_GetFlagStatus), (24 bytes).
    Removing stm32f10x_rtc.o(i.RTC_GetITStatus), (36 bytes).
    Removing stm32f10x_rtc.o(i.RTC_ITConfig), (32 bytes).
    Removing stm32f10x_rtc.o(i.RTC_SetAlarm), (28 bytes).
    Removing stm32f10x_rtc.o(i.RTC_SetCounter), (28 bytes).
    Removing stm32f10x_rtc.o(i.RTC_SetPrescaler), (32 bytes).
    Removing stm32f10x_rtc.o(i.RTC_WaitForLastTask), (20 bytes).
    Removing stm32f10x_rtc.o(i.RTC_WaitForSynchro), (36 bytes).
    Removing stm32f10x_sdio.o(i.SDIO_CEATAITCmd), (16 bytes).
    Removing stm32f10x_sdio.o(i.SDIO_ClearFlag), (12 bytes).
    Removing stm32f10x_sdio.o(i.SDIO_ClearITPendingBit), (12 bytes).
    Removing stm32f10x_sdio.o(i.SDIO_ClockCmd), (12 bytes).
    Removing stm32f10x_sdio.o(i.SDIO_CmdStructInit), (14 bytes).
    Removing stm32f10x_sdio.o(i.SDIO_CommandCompletionCmd), (12 bytes).
    Removing stm32f10x_sdio.o(i.SDIO_DMACmd), (12 bytes).
    Removing stm32f10x_sdio.o(i.SDIO_DataConfig), (48 bytes).
    Removing stm32f10x_sdio.o(i.SDIO_DataStructInit), (20 bytes).
    Removing stm32f10x_sdio.o(i.SDIO_DeInit), (36 bytes).
    Removing stm32f10x_sdio.o(i.SDIO_GetCommandResponse), (12 bytes).
    Removing stm32f10x_sdio.o(i.SDIO_GetDataCounter), (12 bytes).
    Removing stm32f10x_sdio.o(i.SDIO_GetFIFOCount), (12 bytes).
    Removing stm32f10x_sdio.o(i.SDIO_GetFlagStatus), (24 bytes).
    Removing stm32f10x_sdio.o(i.SDIO_GetITStatus), (24 bytes).
    Removing stm32f10x_sdio.o(i.SDIO_GetPowerState), (16 bytes).
    Removing stm32f10x_sdio.o(i.SDIO_GetResponse), (24 bytes).
    Removing stm32f10x_sdio.o(i.SDIO_ITConfig), (32 bytes).
    Removing stm32f10x_sdio.o(i.SDIO_Init), (48 bytes).
    Removing stm32f10x_sdio.o(i.SDIO_ReadData), (12 bytes).
    Removing stm32f10x_sdio.o(i.SDIO_SendCEATACmd), (12 bytes).
    Removing stm32f10x_sdio.o(i.SDIO_SendCommand), (44 bytes).
    Removing stm32f10x_sdio.o(i.SDIO_SendSDIOSuspendCmd), (12 bytes).
    Removing stm32f10x_sdio.o(i.SDIO_SetPowerState), (28 bytes).
    Removing stm32f10x_sdio.o(i.SDIO_SetSDIOOperation), (12 bytes).
    Removing stm32f10x_sdio.o(i.SDIO_SetSDIOReadWaitMode), (12 bytes).
    Removing stm32f10x_sdio.o(i.SDIO_StartSDIOReadWait), (12 bytes).
    Removing stm32f10x_sdio.o(i.SDIO_StopSDIOReadWait), (12 bytes).
    Removing stm32f10x_sdio.o(i.SDIO_StructInit), (16 bytes).
    Removing stm32f10x_sdio.o(i.SDIO_WriteData), (12 bytes).
    Removing stm32f10x_spi.o(i.I2S_Cmd), (24 bytes).
    Removing stm32f10x_spi.o(i.I2S_Init), (232 bytes).
    Removing stm32f10x_spi.o(i.I2S_StructInit), (20 bytes).
    Removing stm32f10x_spi.o(i.SPI_BiDirectionalLineConfig), (28 bytes).
    Removing stm32f10x_spi.o(i.SPI_CalculateCRC), (24 bytes).
    Removing stm32f10x_spi.o(i.SPI_Cmd), (24 bytes).
    Removing stm32f10x_spi.o(i.SPI_DataSizeConfig), (18 bytes).
    Removing stm32f10x_spi.o(i.SPI_GetCRC), (16 bytes).
    Removing stm32f10x_spi.o(i.SPI_GetCRCPolynomial), (6 bytes).
    Removing stm32f10x_spi.o(i.SPI_I2S_ClearFlag), (6 bytes).
    Removing stm32f10x_spi.o(i.SPI_I2S_ClearITPendingBit), (20 bytes).
    Removing stm32f10x_spi.o(i.SPI_I2S_DMACmd), (18 bytes).
    Removing stm32f10x_spi.o(i.SPI_I2S_DeInit), (88 bytes).
    Removing stm32f10x_spi.o(i.SPI_I2S_GetFlagStatus), (18 bytes).
    Removing stm32f10x_spi.o(i.SPI_I2S_GetITStatus), (52 bytes).
    Removing stm32f10x_spi.o(i.SPI_I2S_ITConfig), (32 bytes).
    Removing stm32f10x_spi.o(i.SPI_I2S_ReceiveData), (6 bytes).
    Removing stm32f10x_spi.o(i.SPI_I2S_SendData), (4 bytes).
    Removing stm32f10x_spi.o(i.SPI_Init), (60 bytes).
    Removing stm32f10x_spi.o(i.SPI_NSSInternalSoftwareConfig), (30 bytes).
    Removing stm32f10x_spi.o(i.SPI_SSOutputCmd), (24 bytes).
    Removing stm32f10x_spi.o(i.SPI_StructInit), (24 bytes).
    Removing stm32f10x_spi.o(i.SPI_TransmitCRC), (10 bytes).
    Removing stm32f10x_tim.o(i.TI1_Config), (128 bytes).
    Removing stm32f10x_tim.o(i.TI2_Config), (152 bytes).
    Removing stm32f10x_tim.o(i.TI3_Config), (144 bytes).
    Removing stm32f10x_tim.o(i.TI4_Config), (152 bytes).
    Removing stm32f10x_tim.o(i.TIM_ARRPreloadConfig), (24 bytes).
    Removing stm32f10x_tim.o(i.TIM_BDTRConfig), (32 bytes).
    Removing stm32f10x_tim.o(i.TIM_BDTRStructInit), (18 bytes).
    Removing stm32f10x_tim.o(i.TIM_CCPreloadControl), (24 bytes).
    Removing stm32f10x_tim.o(i.TIM_CCxCmd), (30 bytes).
    Removing stm32f10x_tim.o(i.TIM_CCxNCmd), (30 bytes).
    Removing stm32f10x_tim.o(i.TIM_ClearFlag), (6 bytes).
    Removing stm32f10x_tim.o(i.TIM_ClearITPendingBit), (6 bytes).
    Removing stm32f10x_tim.o(i.TIM_ClearOC1Ref), (18 bytes).
    Removing stm32f10x_tim.o(i.TIM_ClearOC2Ref), (24 bytes).
    Removing stm32f10x_tim.o(i.TIM_ClearOC3Ref), (18 bytes).
    Removing stm32f10x_tim.o(i.TIM_ClearOC4Ref), (24 bytes).
    Removing stm32f10x_tim.o(i.TIM_Cmd), (24 bytes).
    Removing stm32f10x_tim.o(i.TIM_CounterModeConfig), (18 bytes).
    Removing stm32f10x_tim.o(i.TIM_CtrlPWMOutputs), (30 bytes).
    Removing stm32f10x_tim.o(i.TIM_DMACmd), (18 bytes).
    Removing stm32f10x_tim.o(i.TIM_DMAConfig), (10 bytes).
    Removing stm32f10x_tim.o(i.TIM_DeInit), (488 bytes).
    Removing stm32f10x_tim.o(i.TIM_ETRClockMode1Config), (54 bytes).
    Removing stm32f10x_tim.o(i.TIM_ETRClockMode2Config), (32 bytes).
    Removing stm32f10x_tim.o(i.TIM_ETRConfig), (28 bytes).
    Removing stm32f10x_tim.o(i.TIM_EncoderInterfaceConfig), (66 bytes).
    Removing stm32f10x_tim.o(i.TIM_ForcedOC1Config), (18 bytes).
    Removing stm32f10x_tim.o(i.TIM_ForcedOC2Config), (26 bytes).
    Removing stm32f10x_tim.o(i.TIM_ForcedOC3Config), (18 bytes).
    Removing stm32f10x_tim.o(i.TIM_ForcedOC4Config), (26 bytes).
    Removing stm32f10x_tim.o(i.TIM_GenerateEvent), (4 bytes).
    Removing stm32f10x_tim.o(i.TIM_GetCapture1), (6 bytes).
    Removing stm32f10x_tim.o(i.TIM_GetCapture2), (6 bytes).
    Removing stm32f10x_tim.o(i.TIM_GetCapture3), (6 bytes).
    Removing stm32f10x_tim.o(i.TIM_GetCapture4), (8 bytes).
    Removing stm32f10x_tim.o(i.TIM_GetCounter), (6 bytes).
    Removing stm32f10x_tim.o(i.TIM_GetFlagStatus), (18 bytes).
    Removing stm32f10x_tim.o(i.TIM_GetITStatus), (34 bytes).
    Removing stm32f10x_tim.o(i.TIM_GetPrescaler), (6 bytes).
    Removing stm32f10x_tim.o(i.TIM_ICInit), (172 bytes).
    Removing stm32f10x_tim.o(i.TIM_ICStructInit), (18 bytes).
    Removing stm32f10x_tim.o(i.TIM_ITConfig), (18 bytes).
    Removing stm32f10x_tim.o(i.TIM_ITRxExternalClockConfig), (24 bytes).
    Removing stm32f10x_tim.o(i.TIM_InternalClockConfig), (12 bytes).
    Removing stm32f10x_tim.o(i.TIM_OC1FastConfig), (18 bytes).
    Removing stm32f10x_tim.o(i.TIM_OC1Init), (152 bytes).
    Removing stm32f10x_tim.o(i.TIM_OC1NPolarityConfig), (18 bytes).
    Removing stm32f10x_tim.o(i.TIM_OC1PolarityConfig), (18 bytes).
    Removing stm32f10x_tim.o(i.TIM_OC1PreloadConfig), (18 bytes).
    Removing stm32f10x_tim.o(i.TIM_OC2FastConfig), (26 bytes).
    Removing stm32f10x_tim.o(i.TIM_OC2Init), (164 bytes).
    Removing stm32f10x_tim.o(i.TIM_OC2NPolarityConfig), (26 bytes).
    Removing stm32f10x_tim.o(i.TIM_OC2PolarityConfig), (26 bytes).
    Removing stm32f10x_tim.o(i.TIM_OC2PreloadConfig), (26 bytes).
    Removing stm32f10x_tim.o(i.TIM_OC3FastConfig), (18 bytes).
    Removing stm32f10x_tim.o(i.TIM_OC3Init), (160 bytes).
    Removing stm32f10x_tim.o(i.TIM_OC3NPolarityConfig), (26 bytes).
    Removing stm32f10x_tim.o(i.TIM_OC3PolarityConfig), (26 bytes).
    Removing stm32f10x_tim.o(i.TIM_OC3PreloadConfig), (18 bytes).
    Removing stm32f10x_tim.o(i.TIM_OC4FastConfig), (26 bytes).
    Removing stm32f10x_tim.o(i.TIM_OC4Init), (124 bytes).
    Removing stm32f10x_tim.o(i.TIM_OC4PolarityConfig), (26 bytes).
    Removing stm32f10x_tim.o(i.TIM_OC4PreloadConfig), (26 bytes).
    Removing stm32f10x_tim.o(i.TIM_OCStructInit), (20 bytes).
    Removing stm32f10x_tim.o(i.TIM_PWMIConfig), (124 bytes).
    Removing stm32f10x_tim.o(i.TIM_PrescalerConfig), (6 bytes).
    Removing stm32f10x_tim.o(i.TIM_SelectCCDMA), (24 bytes).
    Removing stm32f10x_tim.o(i.TIM_SelectCOM), (24 bytes).
    Removing stm32f10x_tim.o(i.TIM_SelectHallSensor), (24 bytes).
    Removing stm32f10x_tim.o(i.TIM_SelectInputTrigger), (18 bytes).
    Removing stm32f10x_tim.o(i.TIM_SelectMasterSlaveMode), (18 bytes).
    Removing stm32f10x_tim.o(i.TIM_SelectOCxM), (82 bytes).
    Removing stm32f10x_tim.o(i.TIM_SelectOnePulseMode), (18 bytes).
    Removing stm32f10x_tim.o(i.TIM_SelectOutputTrigger), (18 bytes).
    Removing stm32f10x_tim.o(i.TIM_SelectSlaveMode), (18 bytes).
    Removing stm32f10x_tim.o(i.TIM_SetAutoreload), (4 bytes).
    Removing stm32f10x_tim.o(i.TIM_SetClockDivision), (18 bytes).
    Removing stm32f10x_tim.o(i.TIM_SetCompare1), (4 bytes).
    Removing stm32f10x_tim.o(i.TIM_SetCompare2), (4 bytes).
    Removing stm32f10x_tim.o(i.TIM_SetCompare3), (4 bytes).
    Removing stm32f10x_tim.o(i.TIM_SetCompare4), (6 bytes).
    Removing stm32f10x_tim.o(i.TIM_SetCounter), (4 bytes).
    Removing stm32f10x_tim.o(i.TIM_SetIC1Prescaler), (18 bytes).
    Removing stm32f10x_tim.o(i.TIM_SetIC2Prescaler), (26 bytes).
    Removing stm32f10x_tim.o(i.TIM_SetIC3Prescaler), (18 bytes).
    Removing stm32f10x_tim.o(i.TIM_SetIC4Prescaler), (26 bytes).
    Removing stm32f10x_tim.o(i.TIM_TIxExternalClockConfig), (62 bytes).
    Removing stm32f10x_tim.o(i.TIM_TimeBaseInit), (164 bytes).
    Removing stm32f10x_tim.o(i.TIM_TimeBaseStructInit), (18 bytes).
    Removing stm32f10x_tim.o(i.TIM_UpdateDisableConfig), (24 bytes).
    Removing stm32f10x_tim.o(i.TIM_UpdateRequestConfig), (24 bytes).
    Removing stm32f10x_usart.o(i.USART_ClearFlag), (18 bytes).
    Removing stm32f10x_usart.o(i.USART_ClearITPendingBit), (30 bytes).
    Removing stm32f10x_usart.o(i.USART_ClockInit), (34 bytes).
    Removing stm32f10x_usart.o(i.USART_ClockStructInit), (12 bytes).
    Removing stm32f10x_usart.o(i.USART_DMACmd), (18 bytes).
    Removing stm32f10x_usart.o(i.USART_GetITStatus), (84 bytes).
    Removing stm32f10x_usart.o(i.USART_HalfDuplexCmd), (24 bytes).
    Removing stm32f10x_usart.o(i.USART_IrDACmd), (24 bytes).
    Removing stm32f10x_usart.o(i.USART_IrDAConfig), (18 bytes).
    Removing stm32f10x_usart.o(i.USART_LINBreakDetectLengthConfig), (18 bytes).
    Removing stm32f10x_usart.o(i.USART_LINCmd), (24 bytes).
    Removing stm32f10x_usart.o(i.USART_OneBitMethodCmd), (24 bytes).
    Removing stm32f10x_usart.o(i.USART_OverSampling8Cmd), (22 bytes).
    Removing stm32f10x_usart.o(i.USART_ReceiverWakeUpCmd), (24 bytes).
    Removing stm32f10x_usart.o(i.USART_SendBreak), (10 bytes).
    Removing stm32f10x_usart.o(i.USART_SendData), (8 bytes).
    Removing stm32f10x_usart.o(i.USART_SetAddress), (18 bytes).
    Removing stm32f10x_usart.o(i.USART_SetGuardTime), (16 bytes).
    Removing stm32f10x_usart.o(i.USART_SetPrescaler), (16 bytes).
    Removing stm32f10x_usart.o(i.USART_SmartCardCmd), (24 bytes).
    Removing stm32f10x_usart.o(i.USART_SmartCardNACKCmd), (24 bytes).
    Removing stm32f10x_usart.o(i.USART_StructInit), (24 bytes).
    Removing stm32f10x_usart.o(i.USART_WakeUpConfig), (18 bytes).
    Removing stm32f10x_wwdg.o(i.WWDG_ClearFlag), (12 bytes).
    Removing stm32f10x_wwdg.o(i.WWDG_DeInit), (22 bytes).
    Removing stm32f10x_wwdg.o(i.WWDG_Enable), (16 bytes).
    Removing stm32f10x_wwdg.o(i.WWDG_EnableIT), (12 bytes).
    Removing stm32f10x_wwdg.o(i.WWDG_GetFlagStatus), (12 bytes).
    Removing stm32f10x_wwdg.o(i.WWDG_SetCounter), (16 bytes).
    Removing stm32f10x_wwdg.o(i.WWDG_SetPrescaler), (24 bytes).
    Removing stm32f10x_wwdg.o(i.WWDG_SetWindowValue), (40 bytes).
    Removing fadd.o(.text), (176 bytes).
    Removing fflti.o(.text), (18 bytes).
    Removing cfrcmple.o(.text), (20 bytes).

556 unused section(s) (total 73287 bytes) removed from the image.

==============================================================================

Image Symbol Table

    Local Symbols

    Symbol Name                              Value     Ov Type        Size  Object(Section)

    ../clib/microlib/ctype/ctype.c           0x00000000   Number         0  ctype_c.o ABSOLUTE
    ../clib/microlib/ctype/ctype.c           0x00000000   Number         0  isspace_c.o ABSOLUTE
    ../clib/microlib/division.c              0x00000000   Number         0  uldiv.o ABSOLUTE
    ../clib/microlib/division.c              0x00000000   Number         0  uidiv.o ABSOLUTE
    ../clib/microlib/errno.c                 0x00000000   Number         0  errno.o ABSOLUTE
    ../clib/microlib/init/entry.s            0x00000000   Number         0  entry8a.o ABSOLUTE
    ../clib/microlib/init/entry.s            0x00000000   Number         0  entry12b.o ABSOLUTE
    ../clib/microlib/init/entry.s            0x00000000   Number         0  entry12a.o ABSOLUTE
    ../clib/microlib/init/entry.s            0x00000000   Number         0  entry.o ABSOLUTE
    ../clib/microlib/init/entry.s            0x00000000   Number         0  entry2.o ABSOLUTE
    ../clib/microlib/init/entry.s            0x00000000   Number         0  entry5.o ABSOLUTE
    ../clib/microlib/init/entry.s            0x00000000   Number         0  entry11a.o ABSOLUTE
    ../clib/microlib/init/entry.s            0x00000000   Number         0  entry10b.o ABSOLUTE
    ../clib/microlib/init/entry.s            0x00000000   Number         0  entry10a.o ABSOLUTE
    ../clib/microlib/init/entry.s            0x00000000   Number         0  entry9b.o ABSOLUTE
    ../clib/microlib/init/entry.s            0x00000000   Number         0  entry9a.o ABSOLUTE
    ../clib/microlib/init/entry.s            0x00000000   Number         0  entry8b.o ABSOLUTE
    ../clib/microlib/init/entry.s            0x00000000   Number         0  entry7a.o ABSOLUTE
    ../clib/microlib/init/entry.s            0x00000000   Number         0  entry7b.o ABSOLUTE
    ../clib/microlib/init/entry.s            0x00000000   Number         0  entry11b.o ABSOLUTE
    ../clib/microlib/longlong.c              0x00000000   Number         0  llsshr.o ABSOLUTE
    ../clib/microlib/longlong.c              0x00000000   Number         0  llushr.o ABSOLUTE
    ../clib/microlib/longlong.c              0x00000000   Number         0  llshl.o ABSOLUTE
    ../clib/microlib/printf/printf.c         0x00000000   Number         0  printf2.o ABSOLUTE
    ../clib/microlib/printf/printf.c         0x00000000   Number         0  printf0.o ABSOLUTE
    ../clib/microlib/printf/printf.c         0x00000000   Number         0  printf6.o ABSOLUTE
    ../clib/microlib/printf/printf.c         0x00000000   Number         0  printf4.o ABSOLUTE
    ../clib/microlib/printf/printf.c         0x00000000   Number         0  printf5.o ABSOLUTE
    ../clib/microlib/printf/printf.c         0x00000000   Number         0  printf1.o ABSOLUTE
    ../clib/microlib/printf/printf.c         0x00000000   Number         0  printf7.o ABSOLUTE
    ../clib/microlib/printf/printf.c         0x00000000   Number         0  printf8.o ABSOLUTE
    ../clib/microlib/printf/printf.c         0x00000000   Number         0  printf3.o ABSOLUTE
    ../clib/microlib/printf/printf.c         0x00000000   Number         0  printfa.o ABSOLUTE
    ../clib/microlib/printf/printf.c         0x00000000   Number         0  printfb.o ABSOLUTE
    ../clib/microlib/printf/stubs.s          0x00000000   Number         0  stubs.o ABSOLUTE
    ../clib/microlib/string/memcpy.c         0x00000000   Number         0  memcpya.o ABSOLUTE
    ../clib/microlib/string/memcpy.c         0x00000000   Number         0  memcpyb.o ABSOLUTE
    ../clib/microlib/string/memset.c         0x00000000   Number         0  memseta.o ABSOLUTE
    ../clib/microlib/string/strlen.c         0x00000000   Number         0  strlen.o ABSOLUTE
    ../clib/microlib/stubs.s                 0x00000000   Number         0  iusefp.o ABSOLUTE
    ../clib/microlib/stubs.s                 0x00000000   Number         0  useno.o ABSOLUTE
    ../clib/scanf.c                          0x00000000   Number         0  scanf_fp.o ABSOLUTE
    ../clib/scanf.c                          0x00000000   Number         0  _sgetc.o ABSOLUTE
    ../clib/scanf.c                          0x00000000   Number         0  strtod.o ABSOLUTE
    ../clib/scanf.c                          0x00000000   Number         0  strtof.o ABSOLUTE
    ../fplib/microlib/d2f.c                  0x00000000   Number         0  d2f.o ABSOLUTE
    ../fplib/microlib/fpadd.c                0x00000000   Number         0  dadd.o ABSOLUTE
    ../fplib/microlib/fpadd.c                0x00000000   Number         0  fadd.o ABSOLUTE
    ../fplib/microlib/fpdiv.c                0x00000000   Number         0  ddiv.o ABSOLUTE
    ../fplib/microlib/fpdiv.c                0x00000000   Number         0  fdiv.o ABSOLUTE
    ../fplib/microlib/fpepilogue.c           0x00000000   Number         0  depilogue.o ABSOLUTE
    ../fplib/microlib/fpepilogue.c           0x00000000   Number         0  fepilogue.o ABSOLUTE
    ../fplib/microlib/fpfix.c                0x00000000   Number         0  dfixul.o ABSOLUTE
    ../fplib/microlib/fpfix.c                0x00000000   Number         0  ffixui.o ABSOLUTE
    ../fplib/microlib/fpflt.c                0x00000000   Number         0  fflti.o ABSOLUTE
    ../fplib/microlib/fpflt.c                0x00000000   Number         0  ffltui.o ABSOLUTE
    ../fplib/microlib/fpflt.c                0x00000000   Number         0  dfltul.o ABSOLUTE
    ../fplib/microlib/fpmul.c                0x00000000   Number         0  fmul.o ABSOLUTE
    ../fplib/microlib/fpmul.c                0x00000000   Number         0  dmul.o ABSOLUTE
    ../fplib/microlib/fpscalb.c              0x00000000   Number         0  dscalb.o ABSOLUTE
    ../fplib/microlib/fpstat.c               0x00000000   Number         0  fpstat.o ABSOLUTE
    ../mathlib/frexp.c                       0x00000000   Number         0  frexp.o ABSOLUTE
    ../mathlib/narrow.c                      0x00000000   Number         0  narrow.o ABSOLUTE
    ../mathlib/strtof.c                      0x00000000   Number         0  strtof.o ABSOLUTE
    Libraries\CMSIS\core_cm3.c               0x00000000   Number         0  core_cm3.o ABSOLUTE
    Libraries\CMSIS\startup\startup_stm32f10x_hd.s 0x00000000   Number         0  startup_stm32f10x_hd.o ABSOLUTE
    Libraries\CMSIS\system_stm32f10x.c       0x00000000   Number         0  system_stm32f10x.o ABSOLUTE
    Libraries\FWlib\src\misc.c               0x00000000   Number         0  misc.o ABSOLUTE
    Libraries\FWlib\src\stm32f10x_adc.c      0x00000000   Number         0  stm32f10x_adc.o ABSOLUTE
    Libraries\FWlib\src\stm32f10x_bkp.c      0x00000000   Number         0  stm32f10x_bkp.o ABSOLUTE
    Libraries\FWlib\src\stm32f10x_can.c      0x00000000   Number         0  stm32f10x_can.o ABSOLUTE
    Libraries\FWlib\src\stm32f10x_cec.c      0x00000000   Number         0  stm32f10x_cec.o ABSOLUTE
    Libraries\FWlib\src\stm32f10x_crc.c      0x00000000   Number         0  stm32f10x_crc.o ABSOLUTE
    Libraries\FWlib\src\stm32f10x_dac.c      0x00000000   Number         0  stm32f10x_dac.o ABSOLUTE
    Libraries\FWlib\src\stm32f10x_dbgmcu.c   0x00000000   Number         0  stm32f10x_dbgmcu.o ABSOLUTE
    Libraries\FWlib\src\stm32f10x_dma.c      0x00000000   Number         0  stm32f10x_dma.o ABSOLUTE
    Libraries\FWlib\src\stm32f10x_exti.c     0x00000000   Number         0  stm32f10x_exti.o ABSOLUTE
    Libraries\FWlib\src\stm32f10x_flash.c    0x00000000   Number         0  stm32f10x_flash.o ABSOLUTE
    Libraries\FWlib\src\stm32f10x_fsmc.c     0x00000000   Number         0  stm32f10x_fsmc.o ABSOLUTE
    Libraries\FWlib\src\stm32f10x_gpio.c     0x00000000   Number         0  stm32f10x_gpio.o ABSOLUTE
    Libraries\FWlib\src\stm32f10x_i2c.c      0x00000000   Number         0  stm32f10x_i2c.o ABSOLUTE
    Libraries\FWlib\src\stm32f10x_iwdg.c     0x00000000   Number         0  stm32f10x_iwdg.o ABSOLUTE
    Libraries\FWlib\src\stm32f10x_pwr.c      0x00000000   Number         0  stm32f10x_pwr.o ABSOLUTE
    Libraries\FWlib\src\stm32f10x_rcc.c      0x00000000   Number         0  stm32f10x_rcc.o ABSOLUTE
    Libraries\FWlib\src\stm32f10x_rtc.c      0x00000000   Number         0  stm32f10x_rtc.o ABSOLUTE
    Libraries\FWlib\src\stm32f10x_sdio.c     0x00000000   Number         0  stm32f10x_sdio.o ABSOLUTE
    Libraries\FWlib\src\stm32f10x_spi.c      0x00000000   Number         0  stm32f10x_spi.o ABSOLUTE
    Libraries\FWlib\src\stm32f10x_tim.c      0x00000000   Number         0  stm32f10x_tim.o ABSOLUTE
    Libraries\FWlib\src\stm32f10x_usart.c    0x00000000   Number         0  stm32f10x_usart.o ABSOLUTE
    Libraries\FWlib\src\stm32f10x_wwdg.c     0x00000000   Number         0  stm32f10x_wwdg.o ABSOLUTE
    Libraries\\CMSIS\\core_cm3.c             0x00000000   Number         0  core_cm3.o ABSOLUTE
    System\system_f103.c                     0x00000000   Number         0  system_f103.o ABSOLUTE
    User\Jcode.c                             0x00000000   Number         0  jcode.o ABSOLUTE
    User\PID.c                               0x00000000   Number         0  pid.o ABSOLUTE
    User\ZDT.c                               0x00000000   Number         0  zdt.o ABSOLUTE
    User\main.c                              0x00000000   Number         0  main.o ABSOLUTE
    User\origin.c                            0x00000000   Number         0  origin.o ABSOLUTE
    User\stm32f10x_it.c                      0x00000000   Number         0  stm32f10x_it.o ABSOLUTE
    bsp\CAN\bsp_CAN.c                        0x00000000   Number         0  bsp_can.o ABSOLUTE
    bsp\LCD_ILI9341\bsp_lcd_ili9341.c        0x00000000   Number         0  bsp_lcd_ili9341.o ABSOLUTE
    bsp\LED\bsp_led.c                        0x00000000   Number         0  bsp_led.o ABSOLUTE
    bsp\USART\bsp_usart.c                    0x00000000   Number         0  bsp_usart.o ABSOLUTE
    bsp\key\bsp_key.c                        0x00000000   Number         0  bsp_key.o ABSOLUTE
    bsp\limitSwitch\limitSwitch.c            0x00000000   Number         0  limitswitch.o ABSOLUTE
    bsp\w25qxx\bsp_w25qxx.c                  0x00000000   Number         0  bsp_w25qxx.o ABSOLUTE
    bsp\wit\wit.c                            0x00000000   Number         0  wit.o ABSOLUTE
    cdcmple.s                                0x00000000   Number         0  cdcmple.o ABSOLUTE
    cdrcmple.s                               0x00000000   Number         0  cdrcmple.o ABSOLUTE
    cfcmple.s                                0x00000000   Number         0  cfcmple.o ABSOLUTE
    cfrcmple.s                               0x00000000   Number         0  cfrcmple.o ABSOLUTE
    dc.s                                     0x00000000   Number         0  dc.o ABSOLUTE
    handlers.s                               0x00000000   Number         0  handlers.o ABSOLUTE
    init.s                                   0x00000000   Number         0  init.o ABSOLUTE
    RESET                                    0x08000000   Section      304  startup_stm32f10x_hd.o(RESET)
    .ARM.Collect$$$$00000000                 0x08000130   Section        0  entry.o(.ARM.Collect$$$$00000000)
    .ARM.Collect$$$$00000001                 0x08000130   Section        4  entry2.o(.ARM.Collect$$$$00000001)
    .ARM.Collect$$$$00000004                 0x08000134   Section        4  entry5.o(.ARM.Collect$$$$00000004)
    .ARM.Collect$$$$00000008                 0x08000138   Section        0  entry7b.o(.ARM.Collect$$$$00000008)
    .ARM.Collect$$$$0000000A                 0x08000138   Section        0  entry8b.o(.ARM.Collect$$$$0000000A)
    .ARM.Collect$$$$0000000B                 0x08000138   Section        8  entry9a.o(.ARM.Collect$$$$0000000B)
    .ARM.Collect$$$$0000000E                 0x08000140   Section        4  entry12b.o(.ARM.Collect$$$$0000000E)
    .ARM.Collect$$$$0000000F                 0x08000144   Section        0  entry10a.o(.ARM.Collect$$$$0000000F)
    .ARM.Collect$$$$00000011                 0x08000144   Section        0  entry11a.o(.ARM.Collect$$$$00000011)
    .ARM.Collect$$$$00002712                 0x08000144   Section        4  entry2.o(.ARM.Collect$$$$00002712)
    __lit__00000000                          0x08000144   Data           4  entry2.o(.ARM.Collect$$$$00002712)
    .text                                    0x08000148   Section       36  startup_stm32f10x_hd.o(.text)
    .text                                    0x0800016c   Section        0  memcpya.o(.text)
    .text                                    0x08000190   Section        0  memseta.o(.text)
    .text                                    0x080001b4   Section        0  fmul.o(.text)
    .text                                    0x08000218   Section        0  fdiv.o(.text)
    .text                                    0x08000294   Section        0  ffltui.o(.text)
    .text                                    0x0800029e   Section        0  ffixui.o(.text)
    .text                                    0x080002c8   Section       20  cfcmple.o(.text)
    .text                                    0x080002dc   Section        0  uidiv.o(.text)
    .text                                    0x08000308   Section        0  uldiv.o(.text)
    .text                                    0x0800036a   Section        0  strtof.o(.text)
    .text                                    0x08000384   Section        0  fepilogue.o(.text)
    .text                                    0x08000384   Section        0  iusefp.o(.text)
    .text                                    0x080003f2   Section        0  dadd.o(.text)
    .text                                    0x08000540   Section        0  dmul.o(.text)
    .text                                    0x08000624   Section        0  ddiv.o(.text)
    .text                                    0x08000702   Section        0  dfixul.o(.text)
    .text                                    0x08000734   Section       48  cdrcmple.o(.text)
    .text                                    0x08000764   Section       36  init.o(.text)
    .text                                    0x08000788   Section        0  llshl.o(.text)
    .text                                    0x080007a6   Section        0  llushr.o(.text)
    .text                                    0x080007c6   Section        0  llsshr.o(.text)
    .text                                    0x080007ec   Section        0  strtod.o(.text)
    _local_sscanf                            0x080007ed   Thumb Code    54  strtod.o(.text)
    .text                                    0x08000888   Section        0  depilogue.o(.text)
    .text                                    0x08000942   Section        0  isspace_c.o(.text)
    .text                                    0x0800094c   Section        0  scanf_fp.o(.text)
    _fp_value                                0x0800094d   Thumb Code   296  scanf_fp.o(.text)
    .text                                    0x08000cac   Section        0  _sgetc.o(.text)
    .text                                    0x08000cec   Section       48  cdcmple.o(.text)
    .text                                    0x08000d1c   Section        0  d2f.o(.text)
    .text                                    0x08000d54   Section        0  fpstat.o(.text)
    .text                                    0x08000d58   Section        0  ctype_c.o(.text)
    .text                                    0x08000d80   Section        0  dscalb.o(.text)
    .text                                    0x08000dae   Section        0  dfltul.o(.text)
    i.BusFault_Handler                       0x08000dc6   Section        0  stm32f10x_it.o(i.BusFault_Handler)
    i.CAN1_Config                            0x08000dcc   Section        0  bsp_can.o(i.CAN1_Config)
    i.CAN_FilterInit                         0x08000ea0   Section        0  stm32f10x_can.o(i.CAN_FilterInit)
    i.CAN_Init                               0x08000fa8   Section        0  stm32f10x_can.o(i.CAN_Init)
    i.CAN_MessagePending                     0x080010bc   Section        0  stm32f10x_can.o(i.CAN_MessagePending)
    i.CAN_Receive                            0x080010da   Section        0  stm32f10x_can.o(i.CAN_Receive)
    i.CAN_Transmit                           0x080011ca   Section        0  stm32f10x_can.o(i.CAN_Transmit)
    i.DebugMon_Handler                       0x080012f0   Section        0  stm32f10x_it.o(i.DebugMon_Handler)
    i.EXTI0_IRQHandler                       0x080012f2   Section        0  bsp_key.o(i.EXTI0_IRQHandler)
    i.EXTI1_IRQHandler                       0x080012f4   Section        0  bsp_key.o(i.EXTI1_IRQHandler)
    i.EXTI4_IRQHandler                       0x080012f6   Section        0  bsp_key.o(i.EXTI4_IRQHandler)
    i.GPIO_Init                              0x080012f8   Section        0  stm32f10x_gpio.o(i.GPIO_Init)
    i.GPIO_ReadInputDataBit                  0x0800140e   Section        0  stm32f10x_gpio.o(i.GPIO_ReadInputDataBit)
    i.Get_J_Angle                            0x08001420   Section        0  jcode.o(i.Get_J_Angle)
    i.Go_Origin                              0x08001434   Section        0  origin.o(i.Go_Origin)
    i.HardFault_Handler                      0x0800148c   Section        0  stm32f10x_it.o(i.HardFault_Handler)
    i.Jcode_get                              0x08001490   Section        0  jcode.o(i.Jcode_get)
    i.Led_Init                               0x08001528   Section        0  bsp_led.o(i.Led_Init)
    i.MemManage_Handler                      0x08001580   Section        0  stm32f10x_it.o(i.MemManage_Handler)
    i.NMI_Handler                            0x08001584   Section        0  stm32f10x_it.o(i.NMI_Handler)
    i.NVIC_Init                              0x08001588   Section        0  misc.o(i.NVIC_Init)
    i.NVIC_PriorityGroupConfig               0x080015f8   Section        0  misc.o(i.NVIC_PriorityGroupConfig)
    i.PendSV_Handler                         0x0800160c   Section        0  stm32f10x_it.o(i.PendSV_Handler)
    i.RCC_APB1PeriphClockCmd                 0x08001610   Section        0  stm32f10x_rcc.o(i.RCC_APB1PeriphClockCmd)
    i.RCC_APB1PeriphResetCmd                 0x08001630   Section        0  stm32f10x_rcc.o(i.RCC_APB1PeriphResetCmd)
    i.RCC_APB2PeriphClockCmd                 0x08001650   Section        0  stm32f10x_rcc.o(i.RCC_APB2PeriphClockCmd)
    i.RCC_APB2PeriphResetCmd                 0x08001670   Section        0  stm32f10x_rcc.o(i.RCC_APB2PeriphResetCmd)
    i.RCC_GetClocksFreq                      0x08001690   Section        0  stm32f10x_rcc.o(i.RCC_GetClocksFreq)
    i.SVC_Handler                            0x08001764   Section        0  stm32f10x_it.o(i.SVC_Handler)
    i.SysTick_Handler                        0x08001768   Section        0  system_f103.o(i.SysTick_Handler)
    i.SystemInit                             0x08001780   Section        0  system_stm32f10x.o(i.SystemInit)
    i.UART4_IRQHandler                       0x08001888   Section        0  bsp_usart.o(i.UART4_IRQHandler)
    i.UART5_IRQHandler                       0x0800196c   Section        0  bsp_usart.o(i.UART5_IRQHandler)
    i.USART1_IRQHandler                      0x08001a3c   Section        0  bsp_usart.o(i.USART1_IRQHandler)
    i.USART1_Init                            0x08001a84   Section        0  bsp_usart.o(i.USART1_Init)
    i.USART2_IRQHandler                      0x08001be0   Section        0  bsp_usart.o(i.USART2_IRQHandler)
    i.USART3_IRQHandler                      0x08001cc4   Section        0  bsp_usart.o(i.USART3_IRQHandler)
    i.USART_Cmd                              0x08001da8   Section        0  stm32f10x_usart.o(i.USART_Cmd)
    i.USART_DeInit                           0x08001dc0   Section        0  stm32f10x_usart.o(i.USART_DeInit)
    i.USART_GetFlagStatus                    0x08001e5c   Section        0  stm32f10x_usart.o(i.USART_GetFlagStatus)
    i.USART_ITConfig                         0x08001e76   Section        0  stm32f10x_usart.o(i.USART_ITConfig)
    i.USART_Init                             0x08001ec0   Section        0  stm32f10x_usart.o(i.USART_Init)
    i.USART_ReceiveData                      0x08001f98   Section        0  stm32f10x_usart.o(i.USART_ReceiveData)
    i.UsageFault_Handler                     0x08001fa2   Section        0  stm32f10x_it.o(i.UsageFault_Handler)
    i.ZDT_CAN_Init                           0x08001fa6   Section        0  zdt.o(i.ZDT_CAN_Init)
    i.ZDT_Multi_VelocityMotion               0x08001fb4   Section        0  zdt.o(i.ZDT_Multi_VelocityMotion)
    i.ZDT_Pos_Control                        0x08001fe4   Section        0  zdt.o(i.ZDT_Pos_Control)
    i.ZDT_SetOrigin                          0x080020f8   Section        0  zdt.o(i.ZDT_SetOrigin)
    i.ZDT_Stop                               0x08002128   Section        0  zdt.o(i.ZDT_Stop)
    i.ZDT_Vel_Control                        0x08002160   Section        0  zdt.o(i.ZDT_Vel_Control)
    i.__0printf                              0x08002230   Section        0  printfa.o(i.__0printf)
    i.__mathlib_narrow                       0x08002250   Section        0  narrow.o(i.__mathlib_narrow)
    i.__mathlib_tofloat                      0x08002260   Section        0  narrow.o(i.__mathlib_tofloat)
    i.__scatterload_copy                     0x0800231c   Section       14  handlers.o(i.__scatterload_copy)
    i.__scatterload_null                     0x0800232a   Section        2  handlers.o(i.__scatterload_null)
    i.__scatterload_zeroinit                 0x0800232c   Section       14  handlers.o(i.__scatterload_zeroinit)
    i.__set_errno                            0x0800233c   Section        0  errno.o(i.__set_errno)
    i._fp_digits                             0x08002348   Section        0  printfa.o(i._fp_digits)
    _fp_digits                               0x08002349   Thumb Code   366  printfa.o(i._fp_digits)
    i._is_digit                              0x080024cc   Section        0  scanf_fp.o(i._is_digit)
    i._printf_core                           0x080024dc   Section        0  printfa.o(i._printf_core)
    _printf_core                             0x080024dd   Thumb Code  1704  printfa.o(i._printf_core)
    i._printf_post_padding                   0x08002b90   Section        0  printfa.o(i._printf_post_padding)
    _printf_post_padding                     0x08002b91   Thumb Code    36  printfa.o(i._printf_post_padding)
    i._printf_pre_padding                    0x08002bb4   Section        0  printfa.o(i._printf_pre_padding)
    _printf_pre_padding                      0x08002bb5   Thumb Code    46  printfa.o(i._printf_pre_padding)
    i.delay_ms                               0x08002be2   Section        0  main.o(i.delay_ms)
    delay_ms                                 0x08002be3   Thumb Code    18  main.o(i.delay_ms)
    i.delay_ms                               0x08002bf4   Section        0  zdt.o(i.delay_ms)
    delay_ms                                 0x08002bf5   Thumb Code    18  zdt.o(i.delay_ms)
    i.fputc                                  0x08002c08   Section        0  bsp_usart.o(i.fputc)
    i.frexp                                  0x08002c24   Section        0  frexp.o(i.frexp)
    i.limitStop                              0x08002c7c   Section        0  limitswitch.o(i.limitStop)
    i.limitSwitch_Getstatus                  0x08002ccc   Section        0  limitswitch.o(i.limitSwitch_Getstatus)
    i.limitSwitch_Init                       0x08002ce0   Section        0  limitswitch.o(i.limitSwitch_Init)
    i.main                                   0x08002d0c   Section        0  main.o(i.main)
    i.myCANReceiveData                       0x08002dac   Section        0  bsp_can.o(i.myCANReceiveData)
    i.myCANReceiveFlag                       0x08002dfc   Section        0  bsp_can.o(i.myCANReceiveFlag)
    i.myCANSendData                          0x08002e18   Section        0  bsp_can.o(i.myCANSendData)
    i.strtof                                 0x08002ec4   Section        0  strtof.o(i.strtof)
    .constdata                               0x08002ed8   Section       72  origin.o(.constdata)
    .constdata                               0x08002f20   Section       64  ctype_c.o(.constdata)
    .data                                    0x20000000   Section        2  main.o(.data)
    time                                     0x20000000   Data           2  main.o(.data)
    .data                                    0x20000002   Section        4  zdt.o(.data)
    .data                                    0x20000006   Section        3  jcode.o(.data)
    Jstate                                   0x20000007   Data           1  jcode.o(.data)
    i                                        0x20000008   Data           1  jcode.o(.data)
    .data                                    0x2000000c   Section       42  bsp_usart.o(.data)
    U1TxCounter                              0x2000001c   Data           1  bsp_usart.o(.data)
    U1TxCount                                0x2000001d   Data           1  bsp_usart.o(.data)
    U2TxCounter                              0x2000001e   Data           1  bsp_usart.o(.data)
    U2TxCount                                0x2000001f   Data           1  bsp_usart.o(.data)
    U3TxCounter                              0x20000020   Data           1  bsp_usart.o(.data)
    U3TxCount                                0x20000021   Data           1  bsp_usart.o(.data)
    U4TxCounter                              0x20000022   Data           1  bsp_usart.o(.data)
    U4TxCount                                0x20000023   Data           1  bsp_usart.o(.data)
    U5TxCounter                              0x20000024   Data           1  bsp_usart.o(.data)
    U5TxCount                                0x20000025   Data           1  bsp_usart.o(.data)
    Flag_DmaTxInit                           0x2000002c   Data           1  bsp_usart.o(.data)
    cnt                                      0x2000002e   Data           2  bsp_usart.o(.data)
    cnt                                      0x20000030   Data           2  bsp_usart.o(.data)
    cnt                                      0x20000032   Data           2  bsp_usart.o(.data)
    cnt                                      0x20000034   Data           2  bsp_usart.o(.data)
    .data                                    0x20000038   Section       26  system_f103.o(.data)
    _startTime                               0x20000040   Data           8  system_f103.o(.data)
    lastTime                                 0x20000048   Data           4  system_f103.o(.data)
    nowTime                                  0x2000004c   Data           4  system_f103.o(.data)
    CNT                                      0x20000050   Data           1  system_f103.o(.data)
    setGrouped                               0x20000051   Data           1  system_f103.o(.data)
    .data                                    0x20000052   Section       20  stm32f10x_rcc.o(.data)
    APBAHBPrescTable                         0x20000052   Data          16  stm32f10x_rcc.o(.data)
    ADCPrescTable                            0x20000062   Data           4  stm32f10x_rcc.o(.data)
    .data                                    0x20000068   Section        4  errno.o(.data)
    _errno                                   0x20000068   Data           4  errno.o(.data)
    .bss                                     0x2000006c   Section       10  jcode.o(.bss)
    .bss                                     0x20000076   Section    10774  bsp_usart.o(.bss)
    U1TxBuffer                               0x2000148c   Data         256  bsp_usart.o(.bss)
    U2TxBuffer                               0x2000158c   Data         256  bsp_usart.o(.bss)
    U3TxBuffer                               0x2000168c   Data         256  bsp_usart.o(.bss)
    U4TxBuffer                               0x2000178c   Data         256  bsp_usart.o(.bss)
    U5TxBuffer                               0x2000188c   Data         256  bsp_usart.o(.bss)
    stringTemp                               0x2000198c   Data         256  bsp_usart.o(.bss)
    RxTemp                                   0x20001a8c   Data        1024  bsp_usart.o(.bss)
    RxTemp                                   0x20001e8c   Data        1024  bsp_usart.o(.bss)
    RxTemp                                   0x2000228c   Data        1024  bsp_usart.o(.bss)
    RxTemp                                   0x2000268c   Data        1024  bsp_usart.o(.bss)
    STACK                                    0x20002a90   Section     1024  startup_stm32f10x_hd.o(STACK)

    Global Symbols

    Symbol Name                              Value     Ov Type        Size  Object(Section)

    BuildAttributes$$THM_ISAv4$P$D$K$B$S$PE$A:L22UL41UL21$X:L11$S22US41US21$IEEE1$IW$USESV6$~STKCKD$USESV7$~SHL$OTIME$ROPI$IEEEJ$EBA8$MICROLIB$REQ8$PRES8$EABIv2 0x00000000   Number         0  anon$$obj.o ABSOLUTE
    __ARM_use_no_argv                        0x00000000   Number         0  main.o ABSOLUTE
    __use_no_errno                           0x00000000   Number         0  useno.o ABSOLUTE
    __use_no_exception_handling              0x00000000   Number         0  useno.o ABSOLUTE
    __use_no_fp                              0x00000000   Number         0  useno.o ABSOLUTE
    __use_no_heap                            0x00000000   Number         0  useno.o ABSOLUTE
    __use_no_heap_region                     0x00000000   Number         0  useno.o ABSOLUTE
    __use_no_semihosting                     0x00000000   Number         0  useno.o ABSOLUTE
    __use_no_semihosting_swi                 0x00000000   Number         0  useno.o ABSOLUTE
    __use_no_signal_handling                 0x00000000   Number         0  useno.o ABSOLUTE
    _printf_a                                0x00000000   Number         0  stubs.o ABSOLUTE
    _printf_c                                0x00000000   Number         0  stubs.o ABSOLUTE
    _printf_charcount                        0x00000000   Number         0  stubs.o ABSOLUTE
    _printf_d                                0x00000000   Number         0  stubs.o ABSOLUTE
    _printf_e                                0x00000000   Number         0  stubs.o ABSOLUTE
    _printf_f                                0x00000000   Number         0  stubs.o ABSOLUTE
    _printf_flags                            0x00000000   Number         0  stubs.o ABSOLUTE
    _printf_fp_dec                           0x00000000   Number         0  stubs.o ABSOLUTE
    _printf_fp_hex                           0x00000000   Number         0  stubs.o ABSOLUTE
    _printf_g                                0x00000000   Number         0  stubs.o ABSOLUTE
    _printf_i                                0x00000000   Number         0  stubs.o ABSOLUTE
    _printf_int_dec                          0x00000000   Number         0  stubs.o ABSOLUTE
    _printf_l                                0x00000000   Number         0  stubs.o ABSOLUTE
    _printf_lc                               0x00000000   Number         0  stubs.o ABSOLUTE
    _printf_ll                               0x00000000   Number         0  stubs.o ABSOLUTE
    _printf_lld                              0x00000000   Number         0  stubs.o ABSOLUTE
    _printf_lli                              0x00000000   Number         0  stubs.o ABSOLUTE
    _printf_llo                              0x00000000   Number         0  stubs.o ABSOLUTE
    _printf_llu                              0x00000000   Number         0  stubs.o ABSOLUTE
    _printf_llx                              0x00000000   Number         0  stubs.o ABSOLUTE
    _printf_longlong_dec                     0x00000000   Number         0  stubs.o ABSOLUTE
    _printf_longlong_hex                     0x00000000   Number         0  stubs.o ABSOLUTE
    _printf_longlong_oct                     0x00000000   Number         0  stubs.o ABSOLUTE
    _printf_ls                               0x00000000   Number         0  stubs.o ABSOLUTE
    _printf_mbtowc                           0x00000000   Number         0  stubs.o ABSOLUTE
    _printf_n                                0x00000000   Number         0  stubs.o ABSOLUTE
    _printf_o                                0x00000000   Number         0  stubs.o ABSOLUTE
    _printf_p                                0x00000000   Number         0  stubs.o ABSOLUTE
    _printf_percent                          0x00000000   Number         0  stubs.o ABSOLUTE
    _printf_pre_padding                      0x00000000   Number         0  stubs.o ABSOLUTE
    _printf_return_value                     0x00000000   Number         0  stubs.o ABSOLUTE
    _printf_s                                0x00000000   Number         0  stubs.o ABSOLUTE
    _printf_sizespec                         0x00000000   Number         0  stubs.o ABSOLUTE
    _printf_str                              0x00000000   Number         0  stubs.o ABSOLUTE
    _printf_truncate_signed                  0x00000000   Number         0  stubs.o ABSOLUTE
    _printf_truncate_unsigned                0x00000000   Number         0  stubs.o ABSOLUTE
    _printf_u                                0x00000000   Number         0  stubs.o ABSOLUTE
    _printf_wc                               0x00000000   Number         0  stubs.o ABSOLUTE
    _printf_wctomb                           0x00000000   Number         0  stubs.o ABSOLUTE
    _printf_widthprec                        0x00000000   Number         0  stubs.o ABSOLUTE
    _printf_x                                0x00000000   Number         0  stubs.o ABSOLUTE
    __arm_fini_                               - Undefined Weak Reference
    __cpp_initialize__aeabi_                  - Undefined Weak Reference
    __cxa_finalize                            - Undefined Weak Reference
    __decompress                              - Undefined Weak Reference
    _clock_init                               - Undefined Weak Reference
    _microlib_exit                            - Undefined Weak Reference
    __Vectors_Size                           0x00000130   Number         0  startup_stm32f10x_hd.o ABSOLUTE
    __Vectors                                0x08000000   Data           4  startup_stm32f10x_hd.o(RESET)
    __Vectors_End                            0x08000130   Data           0  startup_stm32f10x_hd.o(RESET)
    __main                                   0x08000131   Thumb Code     0  entry.o(.ARM.Collect$$$$00000000)
    _main_stk                                0x08000131   Thumb Code     0  entry2.o(.ARM.Collect$$$$00000001)
    _main_scatterload                        0x08000135   Thumb Code     0  entry5.o(.ARM.Collect$$$$00000004)
    __main_after_scatterload                 0x08000139   Thumb Code     0  entry5.o(.ARM.Collect$$$$00000004)
    _main_clock                              0x08000139   Thumb Code     0  entry7b.o(.ARM.Collect$$$$00000008)
    _main_cpp_init                           0x08000139   Thumb Code     0  entry8b.o(.ARM.Collect$$$$0000000A)
    _main_init                               0x08000139   Thumb Code     0  entry9a.o(.ARM.Collect$$$$0000000B)
    __rt_lib_shutdown_fini                   0x08000141   Thumb Code     0  entry12b.o(.ARM.Collect$$$$0000000E)
    __rt_final_cpp                           0x08000145   Thumb Code     0  entry10a.o(.ARM.Collect$$$$0000000F)
    __rt_final_exit                          0x08000145   Thumb Code     0  entry11a.o(.ARM.Collect$$$$00000011)
    Reset_Handler                            0x08000149   Thumb Code     8  startup_stm32f10x_hd.o(.text)
    ADC1_2_IRQHandler                        0x08000163   Thumb Code     0  startup_stm32f10x_hd.o(.text)
    ADC3_IRQHandler                          0x08000163   Thumb Code     0  startup_stm32f10x_hd.o(.text)
    CAN1_RX1_IRQHandler                      0x08000163   Thumb Code     0  startup_stm32f10x_hd.o(.text)
    CAN1_SCE_IRQHandler                      0x08000163   Thumb Code     0  startup_stm32f10x_hd.o(.text)
    DMA1_Channel1_IRQHandler                 0x08000163   Thumb Code     0  startup_stm32f10x_hd.o(.text)
    DMA1_Channel2_IRQHandler                 0x08000163   Thumb Code     0  startup_stm32f10x_hd.o(.text)
    DMA1_Channel3_IRQHandler                 0x08000163   Thumb Code     0  startup_stm32f10x_hd.o(.text)
    DMA1_Channel4_IRQHandler                 0x08000163   Thumb Code     0  startup_stm32f10x_hd.o(.text)
    DMA1_Channel5_IRQHandler                 0x08000163   Thumb Code     0  startup_stm32f10x_hd.o(.text)
    DMA1_Channel6_IRQHandler                 0x08000163   Thumb Code     0  startup_stm32f10x_hd.o(.text)
    DMA1_Channel7_IRQHandler                 0x08000163   Thumb Code     0  startup_stm32f10x_hd.o(.text)
    DMA2_Channel1_IRQHandler                 0x08000163   Thumb Code     0  startup_stm32f10x_hd.o(.text)
    DMA2_Channel2_IRQHandler                 0x08000163   Thumb Code     0  startup_stm32f10x_hd.o(.text)
    DMA2_Channel3_IRQHandler                 0x08000163   Thumb Code     0  startup_stm32f10x_hd.o(.text)
    DMA2_Channel4_5_IRQHandler               0x08000163   Thumb Code     0  startup_stm32f10x_hd.o(.text)
    EXTI15_10_IRQHandler                     0x08000163   Thumb Code     0  startup_stm32f10x_hd.o(.text)
    EXTI2_IRQHandler                         0x08000163   Thumb Code     0  startup_stm32f10x_hd.o(.text)
    EXTI3_IRQHandler                         0x08000163   Thumb Code     0  startup_stm32f10x_hd.o(.text)
    EXTI9_5_IRQHandler                       0x08000163   Thumb Code     0  startup_stm32f10x_hd.o(.text)
    FLASH_IRQHandler                         0x08000163   Thumb Code     0  startup_stm32f10x_hd.o(.text)
    FSMC_IRQHandler                          0x08000163   Thumb Code     0  startup_stm32f10x_hd.o(.text)
    I2C1_ER_IRQHandler                       0x08000163   Thumb Code     0  startup_stm32f10x_hd.o(.text)
    I2C1_EV_IRQHandler                       0x08000163   Thumb Code     0  startup_stm32f10x_hd.o(.text)
    I2C2_ER_IRQHandler                       0x08000163   Thumb Code     0  startup_stm32f10x_hd.o(.text)
    I2C2_EV_IRQHandler                       0x08000163   Thumb Code     0  startup_stm32f10x_hd.o(.text)
    PVD_IRQHandler                           0x08000163   Thumb Code     0  startup_stm32f10x_hd.o(.text)
    RCC_IRQHandler                           0x08000163   Thumb Code     0  startup_stm32f10x_hd.o(.text)
    RTCAlarm_IRQHandler                      0x08000163   Thumb Code     0  startup_stm32f10x_hd.o(.text)
    RTC_IRQHandler                           0x08000163   Thumb Code     0  startup_stm32f10x_hd.o(.text)
    SDIO_IRQHandler                          0x08000163   Thumb Code     0  startup_stm32f10x_hd.o(.text)
    SPI1_IRQHandler                          0x08000163   Thumb Code     0  startup_stm32f10x_hd.o(.text)
    SPI2_IRQHandler                          0x08000163   Thumb Code     0  startup_stm32f10x_hd.o(.text)
    SPI3_IRQHandler                          0x08000163   Thumb Code     0  startup_stm32f10x_hd.o(.text)
    TAMPER_IRQHandler                        0x08000163   Thumb Code     0  startup_stm32f10x_hd.o(.text)
    TIM1_BRK_IRQHandler                      0x08000163   Thumb Code     0  startup_stm32f10x_hd.o(.text)
    TIM1_CC_IRQHandler                       0x08000163   Thumb Code     0  startup_stm32f10x_hd.o(.text)
    TIM1_TRG_COM_IRQHandler                  0x08000163   Thumb Code     0  startup_stm32f10x_hd.o(.text)
    TIM1_UP_IRQHandler                       0x08000163   Thumb Code     0  startup_stm32f10x_hd.o(.text)
    TIM2_IRQHandler                          0x08000163   Thumb Code     0  startup_stm32f10x_hd.o(.text)
    TIM3_IRQHandler                          0x08000163   Thumb Code     0  startup_stm32f10x_hd.o(.text)
    TIM4_IRQHandler                          0x08000163   Thumb Code     0  startup_stm32f10x_hd.o(.text)
    TIM5_IRQHandler                          0x08000163   Thumb Code     0  startup_stm32f10x_hd.o(.text)
    TIM6_IRQHandler                          0x08000163   Thumb Code     0  startup_stm32f10x_hd.o(.text)
    TIM7_IRQHandler                          0x08000163   Thumb Code     0  startup_stm32f10x_hd.o(.text)
    TIM8_BRK_IRQHandler                      0x08000163   Thumb Code     0  startup_stm32f10x_hd.o(.text)
    TIM8_CC_IRQHandler                       0x08000163   Thumb Code     0  startup_stm32f10x_hd.o(.text)
    TIM8_TRG_COM_IRQHandler                  0x08000163   Thumb Code     0  startup_stm32f10x_hd.o(.text)
    TIM8_UP_IRQHandler                       0x08000163   Thumb Code     0  startup_stm32f10x_hd.o(.text)
    USBWakeUp_IRQHandler                     0x08000163   Thumb Code     0  startup_stm32f10x_hd.o(.text)
    USB_HP_CAN1_TX_IRQHandler                0x08000163   Thumb Code     0  startup_stm32f10x_hd.o(.text)
    USB_LP_CAN1_RX0_IRQHandler               0x08000163   Thumb Code     0  startup_stm32f10x_hd.o(.text)
    WWDG_IRQHandler                          0x08000163   Thumb Code     0  startup_stm32f10x_hd.o(.text)
    __aeabi_memcpy                           0x0800016d   Thumb Code    36  memcpya.o(.text)
    __aeabi_memcpy4                          0x0800016d   Thumb Code     0  memcpya.o(.text)
    __aeabi_memcpy8                          0x0800016d   Thumb Code     0  memcpya.o(.text)
    __aeabi_memset                           0x08000191   Thumb Code    14  memseta.o(.text)
    __aeabi_memset4                          0x08000191   Thumb Code     0  memseta.o(.text)
    __aeabi_memset8                          0x08000191   Thumb Code     0  memseta.o(.text)
    __aeabi_memclr                           0x0800019f   Thumb Code     4  memseta.o(.text)
    __aeabi_memclr4                          0x0800019f   Thumb Code     0  memseta.o(.text)
    __aeabi_memclr8                          0x0800019f   Thumb Code     0  memseta.o(.text)
    _memset$wrapper                          0x080001a3   Thumb Code    18  memseta.o(.text)
    __aeabi_fmul                             0x080001b5   Thumb Code   100  fmul.o(.text)
    __aeabi_fdiv                             0x08000219   Thumb Code   124  fdiv.o(.text)
    __aeabi_ui2f                             0x08000295   Thumb Code    10  ffltui.o(.text)
    __aeabi_f2uiz                            0x0800029f   Thumb Code    40  ffixui.o(.text)
    __aeabi_cfcmpeq                          0x080002c9   Thumb Code     0  cfcmple.o(.text)
    __aeabi_cfcmple                          0x080002c9   Thumb Code    20  cfcmple.o(.text)
    __aeabi_uidiv                            0x080002dd   Thumb Code     0  uidiv.o(.text)
    __aeabi_uidivmod                         0x080002dd   Thumb Code    44  uidiv.o(.text)
    __aeabi_uldivmod                         0x08000309   Thumb Code    98  uldiv.o(.text)
    __strtof_int                             0x0800036b   Thumb Code    26  strtof.o(.text)
    __I$use$fp                               0x08000385   Thumb Code     0  iusefp.o(.text)
    _float_round                             0x08000385   Thumb Code    18  fepilogue.o(.text)
    _float_epilogue                          0x08000397   Thumb Code    92  fepilogue.o(.text)
    __aeabi_dadd                             0x080003f3   Thumb Code   322  dadd.o(.text)
    __aeabi_dsub                             0x08000535   Thumb Code     6  dadd.o(.text)
    __aeabi_drsub                            0x0800053b   Thumb Code     6  dadd.o(.text)
    __aeabi_dmul                             0x08000541   Thumb Code   228  dmul.o(.text)
    __aeabi_ddiv                             0x08000625   Thumb Code   222  ddiv.o(.text)
    __aeabi_d2ulz                            0x08000703   Thumb Code    48  dfixul.o(.text)
    __aeabi_cdrcmple                         0x08000735   Thumb Code    48  cdrcmple.o(.text)
    __scatterload                            0x08000765   Thumb Code    28  init.o(.text)
    __scatterload_rt2                        0x08000765   Thumb Code     0  init.o(.text)
    __aeabi_llsl                             0x08000789   Thumb Code    30  llshl.o(.text)
    _ll_shift_l                              0x08000789   Thumb Code     0  llshl.o(.text)
    __aeabi_llsr                             0x080007a7   Thumb Code    32  llushr.o(.text)
    _ll_ushift_r                             0x080007a7   Thumb Code     0  llushr.o(.text)
    __aeabi_lasr                             0x080007c7   Thumb Code    36  llsshr.o(.text)
    _ll_sshift_r                             0x080007c7   Thumb Code     0  llsshr.o(.text)
    __strtod_int                             0x08000823   Thumb Code    90  strtod.o(.text)
    _double_round                            0x08000889   Thumb Code    30  depilogue.o(.text)
    _double_epilogue                         0x080008a7   Thumb Code   156  depilogue.o(.text)
    isspace                                  0x08000943   Thumb Code    10  isspace_c.o(.text)
    _scanf_real                              0x08000a75   Thumb Code     0  scanf_fp.o(.text)
    _scanf_really_real                       0x08000a75   Thumb Code   556  scanf_fp.o(.text)
    _sgetc                                   0x08000cad   Thumb Code    30  _sgetc.o(.text)
    _sbackspace                              0x08000ccb   Thumb Code    34  _sgetc.o(.text)
    __aeabi_cdcmpeq                          0x08000ced   Thumb Code     0  cdcmple.o(.text)
    __aeabi_cdcmple                          0x08000ced   Thumb Code    48  cdcmple.o(.text)
    __aeabi_d2f                              0x08000d1d   Thumb Code    56  d2f.o(.text)
    __fp_status                              0x08000d55   Thumb Code     4  fpstat.o(.text)
    __ieee_status                            0x08000d55   Thumb Code     0  fpstat.o(.text)
    __ctype_lookup                           0x08000d59   Thumb Code    34  ctype_c.o(.text)
    __ARM_scalbn                             0x08000d81   Thumb Code    46  dscalb.o(.text)
    scalbn                                   0x08000d81   Thumb Code     0  dscalb.o(.text)
    __aeabi_ul2d                             0x08000daf   Thumb Code    24  dfltul.o(.text)
    BusFault_Handler                         0x08000dc7   Thumb Code     4  stm32f10x_it.o(i.BusFault_Handler)
    CAN1_Config                              0x08000dcd   Thumb Code   204  bsp_can.o(i.CAN1_Config)
    CAN_FilterInit                           0x08000ea1   Thumb Code   258  stm32f10x_can.o(i.CAN_FilterInit)
    CAN_Init                                 0x08000fa9   Thumb Code   276  stm32f10x_can.o(i.CAN_Init)
    CAN_MessagePending                       0x080010bd   Thumb Code    30  stm32f10x_can.o(i.CAN_MessagePending)
    CAN_Receive                              0x080010db   Thumb Code   240  stm32f10x_can.o(i.CAN_Receive)
    CAN_Transmit                             0x080011cb   Thumb Code   294  stm32f10x_can.o(i.CAN_Transmit)
    DebugMon_Handler                         0x080012f1   Thumb Code     2  stm32f10x_it.o(i.DebugMon_Handler)
    EXTI0_IRQHandler                         0x080012f3   Thumb Code     2  bsp_key.o(i.EXTI0_IRQHandler)
    EXTI1_IRQHandler                         0x080012f5   Thumb Code     2  bsp_key.o(i.EXTI1_IRQHandler)
    EXTI4_IRQHandler                         0x080012f7   Thumb Code     2  bsp_key.o(i.EXTI4_IRQHandler)
    GPIO_Init                                0x080012f9   Thumb Code   278  stm32f10x_gpio.o(i.GPIO_Init)
    GPIO_ReadInputDataBit                    0x0800140f   Thumb Code    18  stm32f10x_gpio.o(i.GPIO_ReadInputDataBit)
    Get_J_Angle                              0x08001421   Thumb Code    16  jcode.o(i.Get_J_Angle)
    Go_Origin                                0x08001435   Thumb Code    82  origin.o(i.Go_Origin)
    HardFault_Handler                        0x0800148d   Thumb Code     4  stm32f10x_it.o(i.HardFault_Handler)
    Jcode_get                                0x08001491   Thumb Code   138  jcode.o(i.Jcode_get)
    Led_Init                                 0x08001529   Thumb Code    52  bsp_led.o(i.Led_Init)
    MemManage_Handler                        0x08001581   Thumb Code     4  stm32f10x_it.o(i.MemManage_Handler)
    NMI_Handler                              0x08001585   Thumb Code     2  stm32f10x_it.o(i.NMI_Handler)
    NVIC_Init                                0x08001589   Thumb Code   100  misc.o(i.NVIC_Init)
    NVIC_PriorityGroupConfig                 0x080015f9   Thumb Code    10  misc.o(i.NVIC_PriorityGroupConfig)
    PendSV_Handler                           0x0800160d   Thumb Code     2  stm32f10x_it.o(i.PendSV_Handler)
    RCC_APB1PeriphClockCmd                   0x08001611   Thumb Code    26  stm32f10x_rcc.o(i.RCC_APB1PeriphClockCmd)
    RCC_APB1PeriphResetCmd                   0x08001631   Thumb Code    26  stm32f10x_rcc.o(i.RCC_APB1PeriphResetCmd)
    RCC_APB2PeriphClockCmd                   0x08001651   Thumb Code    26  stm32f10x_rcc.o(i.RCC_APB2PeriphClockCmd)
    RCC_APB2PeriphResetCmd                   0x08001671   Thumb Code    26  stm32f10x_rcc.o(i.RCC_APB2PeriphResetCmd)
    RCC_GetClocksFreq                        0x08001691   Thumb Code   192  stm32f10x_rcc.o(i.RCC_GetClocksFreq)
    SVC_Handler                              0x08001765   Thumb Code     2  stm32f10x_it.o(i.SVC_Handler)
    SysTick_Handler                          0x08001769   Thumb Code    20  system_f103.o(i.SysTick_Handler)
    SystemInit                               0x08001781   Thumb Code   246  system_stm32f10x.o(i.SystemInit)
    UART4_IRQHandler                         0x08001889   Thumb Code   196  bsp_usart.o(i.UART4_IRQHandler)
    UART5_IRQHandler                         0x0800196d   Thumb Code   178  bsp_usart.o(i.UART5_IRQHandler)
    USART1_IRQHandler                        0x08001a3d   Thumb Code    56  bsp_usart.o(i.USART1_IRQHandler)
    USART1_Init                              0x08001a85   Thumb Code   222  bsp_usart.o(i.USART1_Init)
    USART2_IRQHandler                        0x08001be1   Thumb Code   196  bsp_usart.o(i.USART2_IRQHandler)
    USART3_IRQHandler                        0x08001cc5   Thumb Code   196  bsp_usart.o(i.USART3_IRQHandler)
    USART_Cmd                                0x08001da9   Thumb Code    24  stm32f10x_usart.o(i.USART_Cmd)
    USART_DeInit                             0x08001dc1   Thumb Code   134  stm32f10x_usart.o(i.USART_DeInit)
    USART_GetFlagStatus                      0x08001e5d   Thumb Code    26  stm32f10x_usart.o(i.USART_GetFlagStatus)
    USART_ITConfig                           0x08001e77   Thumb Code    74  stm32f10x_usart.o(i.USART_ITConfig)
    USART_Init                               0x08001ec1   Thumb Code   210  stm32f10x_usart.o(i.USART_Init)
    USART_ReceiveData                        0x08001f99   Thumb Code    10  stm32f10x_usart.o(i.USART_ReceiveData)
    UsageFault_Handler                       0x08001fa3   Thumb Code     4  stm32f10x_it.o(i.UsageFault_Handler)
    ZDT_CAN_Init                             0x08001fa7   Thumb Code    12  zdt.o(i.ZDT_CAN_Init)
    ZDT_Multi_VelocityMotion                 0x08001fb5   Thumb Code    44  zdt.o(i.ZDT_Multi_VelocityMotion)
    ZDT_Pos_Control                          0x08001fe5   Thumb Code   266  zdt.o(i.ZDT_Pos_Control)
    ZDT_SetOrigin                            0x080020f9   Thumb Code    48  zdt.o(i.ZDT_SetOrigin)
    ZDT_Stop                                 0x08002129   Thumb Code    56  zdt.o(i.ZDT_Stop)
    ZDT_Vel_Control                          0x08002161   Thumb Code   206  zdt.o(i.ZDT_Vel_Control)
    __0printf                                0x08002231   Thumb Code    22  printfa.o(i.__0printf)
    __1printf                                0x08002231   Thumb Code     0  printfa.o(i.__0printf)
    __2printf                                0x08002231   Thumb Code     0  printfa.o(i.__0printf)
    __c89printf                              0x08002231   Thumb Code     0  printfa.o(i.__0printf)
    printf                                   0x08002231   Thumb Code     0  printfa.o(i.__0printf)
    __mathlib_narrow                         0x08002251   Thumb Code    16  narrow.o(i.__mathlib_narrow)
    __mathlib_tofloat                        0x08002261   Thumb Code   184  narrow.o(i.__mathlib_tofloat)
    __scatterload_copy                       0x0800231d   Thumb Code    14  handlers.o(i.__scatterload_copy)
    __scatterload_null                       0x0800232b   Thumb Code     2  handlers.o(i.__scatterload_null)
    __scatterload_zeroinit                   0x0800232d   Thumb Code    14  handlers.o(i.__scatterload_zeroinit)
    __set_errno                              0x0800233d   Thumb Code     6  errno.o(i.__set_errno)
    _is_digit                                0x080024cd   Thumb Code    14  scanf_fp.o(i._is_digit)
    fputc                                    0x08002c09   Thumb Code    24  bsp_usart.o(i.fputc)
    frexp                                    0x08002c25   Thumb Code    80  frexp.o(i.frexp)
    limitStop                                0x08002c7d   Thumb Code    80  limitswitch.o(i.limitStop)
    limitSwitch_Getstatus                    0x08002ccd   Thumb Code    14  limitswitch.o(i.limitSwitch_Getstatus)
    limitSwitch_Init                         0x08002ce1   Thumb Code    38  limitswitch.o(i.limitSwitch_Init)
    main                                     0x08002d0d   Thumb Code   146  main.o(i.main)
    myCANReceiveData                         0x08002dad   Thumb Code    74  bsp_can.o(i.myCANReceiveData)
    myCANReceiveFlag                         0x08002dfd   Thumb Code    22  bsp_can.o(i.myCANReceiveFlag)
    myCANSendData                            0x08002e19   Thumb Code   168  bsp_can.o(i.myCANSendData)
    strtof                                   0x08002ec5   Thumb Code    20  strtof.o(i.strtof)
    __ctype_categories                       0x08002f20   Data          64  ctype_c.o(.constdata)
    Region$$Table$$Base                      0x08002f60   Number         0  anon$$obj.o(Region$$Table)
    Region$$Table$$Limit                     0x08002f80   Number         0  anon$$obj.o(Region$$Table)
    synchronize                              0x20000002   Data           4  zdt.o(.data)
    JcodeData                                0x20000006   Data           1  jcode.o(.data)
    parameter1                               0x2000000c   Data          16  bsp_usart.o(.data)
    __stdout                                 0x20000028   Data           4  bsp_usart.o(.data)
    sysTickCnt                               0x20000038   Data           8  system_f103.o(.data)
    Jdata                                    0x2000006c   Data          10  jcode.o(.bss)
    xUSART                                   0x20000076   Data        5142  bsp_usart.o(.bss)
    __initial_sp                             0x20002e90   Data           0  startup_stm32f10x_hd.o(STACK)



==============================================================================

Memory Map of the image

  Image Entry point : 0x08000131

  Load Region LR_IROM1 (Base: 0x08000000, Size: 0x00002fec, Max: 0x00080000, ABSOLUTE)

    Execution Region ER_IROM1 (Exec base: 0x08000000, Load base: 0x08000000, Size: 0x00002f80, Max: 0x00080000, ABSOLUTE)

    Exec Addr    Load Addr    Size         Type   Attr      Idx    E Section Name        Object

    0x08000000   0x08000000   0x00000130   Data   RO         1111    RESET               startup_stm32f10x_hd.o
    0x08000130   0x08000130   0x00000000   Code   RO         4186  * .ARM.Collect$$$$00000000  mc_w.l(entry.o)
    0x08000130   0x08000130   0x00000004   Code   RO         4474    .ARM.Collect$$$$00000001  mc_w.l(entry2.o)
    0x08000134   0x08000134   0x00000004   Code   RO         4477    .ARM.Collect$$$$00000004  mc_w.l(entry5.o)
    0x08000138   0x08000138   0x00000000   Code   RO         4479    .ARM.Collect$$$$00000008  mc_w.l(entry7b.o)
    0x08000138   0x08000138   0x00000000   Code   RO         4481    .ARM.Collect$$$$0000000A  mc_w.l(entry8b.o)
    0x08000138   0x08000138   0x00000008   Code   RO         4482    .ARM.Collect$$$$0000000B  mc_w.l(entry9a.o)
    0x08000140   0x08000140   0x00000004   Code   RO         4489    .ARM.Collect$$$$0000000E  mc_w.l(entry12b.o)
    0x08000144   0x08000144   0x00000000   Code   RO         4484    .ARM.Collect$$$$0000000F  mc_w.l(entry10a.o)
    0x08000144   0x08000144   0x00000000   Code   RO         4486    .ARM.Collect$$$$00000011  mc_w.l(entry11a.o)
    0x08000144   0x08000144   0x00000004   Code   RO         4475    .ARM.Collect$$$$00002712  mc_w.l(entry2.o)
    0x08000148   0x08000148   0x00000024   Code   RO         1112    .text               startup_stm32f10x_hd.o
    0x0800016c   0x0800016c   0x00000024   Code   RO         4189    .text               mc_w.l(memcpya.o)
    0x08000190   0x08000190   0x00000024   Code   RO         4191    .text               mc_w.l(memseta.o)
    0x080001b4   0x080001b4   0x00000064   Code   RO         4460    .text               mf_w.l(fmul.o)
    0x08000218   0x08000218   0x0000007c   Code   RO         4462    .text               mf_w.l(fdiv.o)
    0x08000294   0x08000294   0x0000000a   Code   RO         4466    .text               mf_w.l(ffltui.o)
    0x0800029e   0x0800029e   0x00000028   Code   RO         4468    .text               mf_w.l(ffixui.o)
    0x080002c6   0x080002c6   0x00000002   PAD
    0x080002c8   0x080002c8   0x00000014   Code   RO         4470    .text               mf_w.l(cfcmple.o)
    0x080002dc   0x080002dc   0x0000002c   Code   RO         4490    .text               mc_w.l(uidiv.o)
    0x08000308   0x08000308   0x00000062   Code   RO         4492    .text               mc_w.l(uldiv.o)
    0x0800036a   0x0800036a   0x0000001a   Code   RO         4494    .text               mc_w.l(strtof.o)
    0x08000384   0x08000384   0x00000000   Code   RO         4496    .text               mc_w.l(iusefp.o)
    0x08000384   0x08000384   0x0000006e   Code   RO         4497    .text               mf_w.l(fepilogue.o)
    0x080003f2   0x080003f2   0x0000014e   Code   RO         4499    .text               mf_w.l(dadd.o)
    0x08000540   0x08000540   0x000000e4   Code   RO         4501    .text               mf_w.l(dmul.o)
    0x08000624   0x08000624   0x000000de   Code   RO         4503    .text               mf_w.l(ddiv.o)
    0x08000702   0x08000702   0x00000030   Code   RO         4505    .text               mf_w.l(dfixul.o)
    0x08000732   0x08000732   0x00000002   PAD
    0x08000734   0x08000734   0x00000030   Code   RO         4507    .text               mf_w.l(cdrcmple.o)
    0x08000764   0x08000764   0x00000024   Code   RO         4515    .text               mc_w.l(init.o)
    0x08000788   0x08000788   0x0000001e   Code   RO         4517    .text               mc_w.l(llshl.o)
    0x080007a6   0x080007a6   0x00000020   Code   RO         4519    .text               mc_w.l(llushr.o)
    0x080007c6   0x080007c6   0x00000024   Code   RO         4521    .text               mc_w.l(llsshr.o)
    0x080007ea   0x080007ea   0x00000002   PAD
    0x080007ec   0x080007ec   0x0000009c   Code   RO         4523    .text               mc_w.l(strtod.o)
    0x08000888   0x08000888   0x000000ba   Code   RO         4525    .text               mf_w.l(depilogue.o)
    0x08000942   0x08000942   0x0000000a   Code   RO         4531    .text               mc_w.l(isspace_c.o)
    0x0800094c   0x0800094c   0x00000360   Code   RO         4540    .text               mc_w.l(scanf_fp.o)
    0x08000cac   0x08000cac   0x00000040   Code   RO         4544    .text               mc_w.l(_sgetc.o)
    0x08000cec   0x08000cec   0x00000030   Code   RO         4546    .text               mf_w.l(cdcmple.o)
    0x08000d1c   0x08000d1c   0x00000038   Code   RO         4548    .text               mf_w.l(d2f.o)
    0x08000d54   0x08000d54   0x00000004   Code   RO         4550    .text               mf_w.l(fpstat.o)
    0x08000d58   0x08000d58   0x00000028   Code   RO         4552    .text               mc_w.l(ctype_c.o)
    0x08000d80   0x08000d80   0x0000002e   Code   RO         4555    .text               mf_w.l(dscalb.o)
    0x08000dae   0x08000dae   0x00000018   Code   RO         4557    .text               mf_w.l(dfltul.o)
    0x08000dc6   0x08000dc6   0x00000004   Code   RO           91    i.BusFault_Handler  stm32f10x_it.o
    0x08000dca   0x08000dca   0x00000002   PAD
    0x08000dcc   0x08000dcc   0x000000d4   Code   RO          618    i.CAN1_Config       bsp_can.o
    0x08000ea0   0x08000ea0   0x00000108   Code   RO         1515    i.CAN_FilterInit    stm32f10x_can.o
    0x08000fa8   0x08000fa8   0x00000114   Code   RO         1522    i.CAN_Init          stm32f10x_can.o
    0x080010bc   0x080010bc   0x0000001e   Code   RO         1523    i.CAN_MessagePending  stm32f10x_can.o
    0x080010da   0x080010da   0x000000f0   Code   RO         1525    i.CAN_Receive       stm32f10x_can.o
    0x080011ca   0x080011ca   0x00000126   Code   RO         1530    i.CAN_Transmit      stm32f10x_can.o
    0x080012f0   0x080012f0   0x00000002   Code   RO           92    i.DebugMon_Handler  stm32f10x_it.o
    0x080012f2   0x080012f2   0x00000002   Code   RO          585    i.EXTI0_IRQHandler  bsp_key.o
    0x080012f4   0x080012f4   0x00000002   Code   RO          586    i.EXTI1_IRQHandler  bsp_key.o
    0x080012f6   0x080012f6   0x00000002   Code   RO          587    i.EXTI4_IRQHandler  bsp_key.o
    0x080012f8   0x080012f8   0x00000116   Code   RO         2342    i.GPIO_Init         stm32f10x_gpio.o
    0x0800140e   0x0800140e   0x00000012   Code   RO         2346    i.GPIO_ReadInputDataBit  stm32f10x_gpio.o
    0x08001420   0x08001420   0x00000014   Code   RO          286    i.Get_J_Angle       jcode.o
    0x08001434   0x08001434   0x00000058   Code   RO          351    i.Go_Origin         origin.o
    0x0800148c   0x0800148c   0x00000004   Code   RO           93    i.HardFault_Handler  stm32f10x_it.o
    0x08001490   0x08001490   0x00000098   Code   RO          287    i.Jcode_get         jcode.o
    0x08001528   0x08001528   0x00000058   Code   RO          372    i.Led_Init          bsp_led.o
    0x08001580   0x08001580   0x00000004   Code   RO           94    i.MemManage_Handler  stm32f10x_it.o
    0x08001584   0x08001584   0x00000002   Code   RO           95    i.NMI_Handler       stm32f10x_it.o
    0x08001586   0x08001586   0x00000002   PAD
    0x08001588   0x08001588   0x00000070   Code   RO         1167    i.NVIC_Init         misc.o
    0x080015f8   0x080015f8   0x00000014   Code   RO         1168    i.NVIC_PriorityGroupConfig  misc.o
    0x0800160c   0x0800160c   0x00000002   Code   RO           96    i.PendSV_Handler    stm32f10x_it.o
    0x0800160e   0x0800160e   0x00000002   PAD
    0x08001610   0x08001610   0x00000020   Code   RO         2767    i.RCC_APB1PeriphClockCmd  stm32f10x_rcc.o
    0x08001630   0x08001630   0x00000020   Code   RO         2768    i.RCC_APB1PeriphResetCmd  stm32f10x_rcc.o
    0x08001650   0x08001650   0x00000020   Code   RO         2769    i.RCC_APB2PeriphClockCmd  stm32f10x_rcc.o
    0x08001670   0x08001670   0x00000020   Code   RO         2770    i.RCC_APB2PeriphResetCmd  stm32f10x_rcc.o
    0x08001690   0x08001690   0x000000d4   Code   RO         2777    i.RCC_GetClocksFreq  stm32f10x_rcc.o
    0x08001764   0x08001764   0x00000002   Code   RO           97    i.SVC_Handler       stm32f10x_it.o
    0x08001766   0x08001766   0x00000002   PAD
    0x08001768   0x08001768   0x00000018   Code   RO          962    i.SysTick_Handler   system_f103.o
    0x08001780   0x08001780   0x00000108   Code   RO         1128    i.SystemInit        system_stm32f10x.o
    0x08001888   0x08001888   0x000000e4   Code   RO          388    i.UART4_IRQHandler  bsp_usart.o
    0x0800196c   0x0800196c   0x000000d0   Code   RO          393    i.UART5_IRQHandler  bsp_usart.o
    0x08001a3c   0x08001a3c   0x00000048   Code   RO          398    i.USART1_IRQHandler  bsp_usart.o
    0x08001a84   0x08001a84   0x0000015c   Code   RO          399    i.USART1_Init       bsp_usart.o
    0x08001be0   0x08001be0   0x000000e4   Code   RO          404    i.USART2_IRQHandler  bsp_usart.o
    0x08001cc4   0x08001cc4   0x000000e4   Code   RO          409    i.USART3_IRQHandler  bsp_usart.o
    0x08001da8   0x08001da8   0x00000018   Code   RO         3949    i.USART_Cmd         stm32f10x_usart.o
    0x08001dc0   0x08001dc0   0x0000009c   Code   RO         3951    i.USART_DeInit      stm32f10x_usart.o
    0x08001e5c   0x08001e5c   0x0000001a   Code   RO         3952    i.USART_GetFlagStatus  stm32f10x_usart.o
    0x08001e76   0x08001e76   0x0000004a   Code   RO         3955    i.USART_ITConfig    stm32f10x_usart.o
    0x08001ec0   0x08001ec0   0x000000d8   Code   RO         3956    i.USART_Init        stm32f10x_usart.o
    0x08001f98   0x08001f98   0x0000000a   Code   RO         3963    i.USART_ReceiveData  stm32f10x_usart.o
    0x08001fa2   0x08001fa2   0x00000004   Code   RO           98    i.UsageFault_Handler  stm32f10x_it.o
    0x08001fa6   0x08001fa6   0x0000000c   Code   RO          191    i.ZDT_CAN_Init      zdt.o
    0x08001fb2   0x08001fb2   0x00000002   PAD
    0x08001fb4   0x08001fb4   0x00000030   Code   RO          194    i.ZDT_Multi_VelocityMotion  zdt.o
    0x08001fe4   0x08001fe4   0x00000114   Code   RO          195    i.ZDT_Pos_Control   zdt.o
    0x080020f8   0x080020f8   0x00000030   Code   RO          197    i.ZDT_SetOrigin     zdt.o
    0x08002128   0x08002128   0x00000038   Code   RO          198    i.ZDT_Stop          zdt.o
    0x08002160   0x08002160   0x000000ce   Code   RO          199    i.ZDT_Vel_Control   zdt.o
    0x0800222e   0x0800222e   0x00000002   PAD
    0x08002230   0x08002230   0x00000020   Code   RO         4430    i.__0printf         mc_w.l(printfa.o)
    0x08002250   0x08002250   0x00000010   Code   RO         4509    i.__mathlib_narrow  m_ws.l(narrow.o)
    0x08002260   0x08002260   0x000000bc   Code   RO         4510    i.__mathlib_tofloat  m_ws.l(narrow.o)
    0x0800231c   0x0800231c   0x0000000e   Code   RO         4561    i.__scatterload_copy  mc_w.l(handlers.o)
    0x0800232a   0x0800232a   0x00000002   Code   RO         4562    i.__scatterload_null  mc_w.l(handlers.o)
    0x0800232c   0x0800232c   0x0000000e   Code   RO         4563    i.__scatterload_zeroinit  mc_w.l(handlers.o)
    0x0800233a   0x0800233a   0x00000002   PAD
    0x0800233c   0x0800233c   0x0000000c   Code   RO         4535    i.__set_errno       mc_w.l(errno.o)
    0x08002348   0x08002348   0x00000184   Code   RO         4437    i._fp_digits        mc_w.l(printfa.o)
    0x080024cc   0x080024cc   0x0000000e   Code   RO         4542    i._is_digit         mc_w.l(scanf_fp.o)
    0x080024da   0x080024da   0x00000002   PAD
    0x080024dc   0x080024dc   0x000006b4   Code   RO         4438    i._printf_core      mc_w.l(printfa.o)
    0x08002b90   0x08002b90   0x00000024   Code   RO         4439    i._printf_post_padding  mc_w.l(printfa.o)
    0x08002bb4   0x08002bb4   0x0000002e   Code   RO         4440    i._printf_pre_padding  mc_w.l(printfa.o)
    0x08002be2   0x08002be2   0x00000012   Code   RO            1    i.delay_ms          main.o
    0x08002bf4   0x08002bf4   0x00000012   Code   RO          200    i.delay_ms          zdt.o
    0x08002c06   0x08002c06   0x00000002   PAD
    0x08002c08   0x08002c08   0x0000001c   Code   RO          414    i.fputc             bsp_usart.o
    0x08002c24   0x08002c24   0x00000058   Code   RO         4528    i.frexp             m_ws.l(frexp.o)
    0x08002c7c   0x08002c7c   0x00000050   Code   RO          697    i.limitStop         limitswitch.o
    0x08002ccc   0x08002ccc   0x00000014   Code   RO          698    i.limitSwitch_Getstatus  limitswitch.o
    0x08002ce0   0x08002ce0   0x0000002c   Code   RO          699    i.limitSwitch_Init  limitswitch.o
    0x08002d0c   0x08002d0c   0x000000a0   Code   RO            2    i.main              main.o
    0x08002dac   0x08002dac   0x00000050   Code   RO          619    i.myCANReceiveData  bsp_can.o
    0x08002dfc   0x08002dfc   0x0000001c   Code   RO          620    i.myCANReceiveFlag  bsp_can.o
    0x08002e18   0x08002e18   0x000000ac   Code   RO          621    i.myCANSendData     bsp_can.o
    0x08002ec4   0x08002ec4   0x00000014   Code   RO         4183    i.strtof            m_ws.l(strtof.o)
    0x08002ed8   0x08002ed8   0x00000048   Data   RO          352    .constdata          origin.o
    0x08002f20   0x08002f20   0x00000040   Data   RO         4553    .constdata          mc_w.l(ctype_c.o)
    0x08002f60   0x08002f60   0x00000020   Data   RO         4559    Region$$Table       anon$$obj.o


    Execution Region RW_IRAM1 (Exec base: 0x20000000, Load base: 0x08002f80, Size: 0x00002e90, Max: 0x00010000, ABSOLUTE)

    Exec Addr    Load Addr    Size         Type   Attr      Idx    E Section Name        Object

    0x20000000   0x08002f80   0x00000002   Data   RW            3    .data               main.o
    0x20000002   0x08002f82   0x00000004   Data   RW          202    .data               zdt.o
    0x20000006   0x08002f86   0x00000003   Data   RW          289    .data               jcode.o
    0x20000009   0x08002f89   0x00000003   PAD
    0x2000000c   0x08002f8c   0x0000002a   Data   RW          416    .data               bsp_usart.o
    0x20000036   0x08002fb6   0x00000002   PAD
    0x20000038   0x08002fb8   0x0000001a   Data   RW          985    .data               system_f103.o
    0x20000052   0x08002fd2   0x00000014   Data   RW         2797    .data               stm32f10x_rcc.o
    0x20000066   0x08002fe6   0x00000002   PAD
    0x20000068   0x08002fe8   0x00000004   Data   RW         4536    .data               mc_w.l(errno.o)
    0x2000006c        -       0x0000000a   Zero   RW          288    .bss                jcode.o
    0x20000076        -       0x00002a16   Zero   RW          415    .bss                bsp_usart.o
    0x20002a8c   0x08002fec   0x00000004   PAD
    0x20002a90        -       0x00000400   Zero   RW         1109    STACK               startup_stm32f10x_hd.o


==============================================================================

Image component sizes


      Code (inc. data)   RO Data    RW Data    ZI Data      Debug   Object Name

       492         24          0          0          0       2960   bsp_can.o
         6          0          0          0          0       1173   bsp_key.o
        88         36          0          0          0        455   bsp_led.o
      1340        272          0         42      10774       9360   bsp_usart.o
       172         18          0          3         10       1500   jcode.o
       144         12          0          0          0       1551   limitswitch.o
       178         14          0          2          0     225267   main.o
       132         22          0          0          0       1419   misc.o
        88         12         72          0          0       1364   origin.o
        36          8        304          0       1024        824   startup_stm32f10x_hd.o
      1104          6          0          0          0       4202   stm32f10x_can.o
       296          0          0          0          0       2480   stm32f10x_gpio.o
        24          0          0          0          0     239232   stm32f10x_it.o
       340         44          0         20          0       5320   stm32f10x_rcc.o
       506         28          0          0          0       5231   stm32f10x_usart.o
        24          4          0         26          0       5230   system_f103.o
       264         18          0          0          0     204013   system_stm32f10x.o
       664         30          0          4          0       4287   zdt.o

    ----------------------------------------------------------------------
      5912        548        408        104      11812     715868   Object Totals
         0          0         32          0          0          0   (incl. Generated)
        14          0          0          7          4          0   (incl. Padding)

    ----------------------------------------------------------------------

      Code (inc. data)   RO Data    RW Data    ZI Data      Debug   Library Member Name

        88          8          0          0          0         76   frexp.o
       204          4          0          0          0        168   narrow.o
        20          0          0          0          0         76   strtof.o
        64          0          0          0          0         84   _sgetc.o
        40          6         64          0          0         68   ctype_c.o
         0          0          0          0          0          0   entry.o
         0          0          0          0          0          0   entry10a.o
         0          0          0          0          0          0   entry11a.o
         4          0          0          0          0          0   entry12b.o
         8          4          0          0          0          0   entry2.o
         4          0          0          0          0          0   entry5.o
         0          0          0          0          0          0   entry7b.o
         0          0          0          0          0          0   entry8b.o
         8          4          0          0          0          0   entry9a.o
        12          6          0          4          0         68   errno.o
        30          0          0          0          0          0   handlers.o
        36          8          0          0          0         68   init.o
        10          0          0          0          0         68   isspace_c.o
         0          0          0          0          0          0   iusefp.o
        30          0          0          0          0         68   llshl.o
        36          0          0          0          0         68   llsshr.o
        32          0          0          0          0         68   llushr.o
        36          0          0          0          0         68   memcpya.o
        36          0          0          0          0        108   memseta.o
      2218         90          0          0          0        464   printfa.o
       878         12          0          0          0        216   scanf_fp.o
       156         12          0          0          0        120   strtod.o
        26          0          0          0          0         80   strtof.o
        44          0          0          0          0         80   uidiv.o
        98          0          0          0          0         92   uldiv.o
        48          0          0          0          0         68   cdcmple.o
        48          0          0          0          0         68   cdrcmple.o
        20          0          0          0          0         68   cfcmple.o
        56          0          0          0          0         88   d2f.o
       334          0          0          0          0        148   dadd.o
       222          0          0          0          0        100   ddiv.o
       186          0          0          0          0        176   depilogue.o
        48          0          0          0          0         68   dfixul.o
        24          0          0          0          0         76   dfltul.o
       228          0          0          0          0         96   dmul.o
        46          0          0          0          0         80   dscalb.o
       124          0          0          0          0         88   fdiv.o
       110          0          0          0          0        168   fepilogue.o
        40          0          0          0          0         68   ffixui.o
        10          0          0          0          0         68   ffltui.o
       100          0          0          0          0         76   fmul.o
         4          0          0          0          0         68   fpstat.o

    ----------------------------------------------------------------------
      5776        154         64          4          0       3680   Library Totals
        10          0          0          0          0          0   (incl. Padding)

    ----------------------------------------------------------------------

      Code (inc. data)   RO Data    RW Data    ZI Data      Debug   Library Name

       312         12          0          0          0        320   m_ws.l
      3806        142         64          4          0       1788   mc_w.l
      1648          0          0          0          0       1572   mf_w.l

    ----------------------------------------------------------------------
      5776        154         64          4          0       3680   Library Totals

    ----------------------------------------------------------------------

==============================================================================


      Code (inc. data)   RO Data    RW Data    ZI Data      Debug   

     11688        702        472        108      11812     714708   Grand Totals
     11688        702        472        108      11812     714708   ELF Image Totals
     11688        702        472        108          0          0   ROM Totals

==============================================================================

    Total RO  Size (Code + RO Data)                12160 (  11.88kB)
    Total RW  Size (RW Data + ZI Data)             11920 (  11.64kB)
    Total ROM Size (Code + RO Data + RW Data)      12268 (  11.98kB)

==============================================================================

